2025-11-21T16:04:31.4357223Z Current runner version: '2.329.0'
2025-11-21T16:04:31.4390698Z ##[group]Runner Image Provisioner
2025-11-21T16:04:31.4391937Z Hosted Compute Agent
2025-11-21T16:04:31.4392794Z Version: 20251016.436
2025-11-21T16:04:31.4393887Z Commit: 8ab8ac8bfd662a3739dab9fe09456aba92132568
2025-11-21T16:04:31.4395202Z Build Date: 2025-10-15T20:44:12Z
2025-11-21T16:04:31.4396166Z ##[endgroup]
2025-11-21T16:04:31.4397187Z ##[group]Operating System
2025-11-21T16:04:31.4398115Z Ubuntu
2025-11-21T16:04:31.4398946Z 24.04.3
2025-11-21T16:04:31.4399672Z LTS
2025-11-21T16:04:31.4400391Z ##[endgroup]
2025-11-21T16:04:31.4401101Z ##[group]Runner Image
2025-11-21T16:04:31.4402165Z Image: ubuntu-24.04
2025-11-21T16:04:31.4402943Z Version: 20251112.124.1
2025-11-21T16:04:31.4404991Z Included Software: https://github.com/actions/runner-images/blob/ubuntu24/20251112.124/images/ubuntu/Ubuntu2404-Readme.md
2025-11-21T16:04:31.4407794Z Image Release: https://github.com/actions/runner-images/releases/tag/ubuntu24%2F20251112.124
2025-11-21T16:04:31.4410256Z ##[endgroup]
2025-11-21T16:04:31.4412059Z ##[group]GITHUB_TOKEN Permissions
2025-11-21T16:04:31.4415206Z Actions: read
2025-11-21T16:04:31.4416057Z Contents: read
2025-11-21T16:04:31.4416909Z Metadata: read
2025-11-21T16:04:31.4417822Z ##[endgroup]
2025-11-21T16:04:31.4421051Z Secret source: Actions
2025-11-21T16:04:31.4422518Z Prepare workflow directory
2025-11-21T16:04:31.4841932Z Prepare all required actions
2025-11-21T16:04:31.4879299Z Getting action download info
2025-11-21T16:04:31.7577614Z Download action repository 'actions/checkout@v4' (SHA:34e114876b0b11c390a56381ad16ebd13914f8d5)
2025-11-21T16:04:32.0298765Z Download action repository 'actions/setup-python@v5' (SHA:a26af69be951a213d495a4c3e4e4022e16d87065)
2025-11-21T16:04:32.1096682Z Download action repository 'actions/upload-artifact@v4' (SHA:ea165f8d65b6e75b540449e92b4886f43607fa02)
2025-11-21T16:04:32.3173085Z Complete job name: Security Scan (Bandit + Semgrep)
2025-11-21T16:04:32.3906248Z ##[group]Run actions/checkout@v4
2025-11-21T16:04:32.3907302Z with:
2025-11-21T16:04:32.3907889Z   repository: djasiqi/atmr
2025-11-21T16:04:32.3908702Z   token: ***
2025-11-21T16:04:32.3909266Z   ssh-strict: true
2025-11-21T16:04:32.3909841Z   ssh-user: git
2025-11-21T16:04:32.3910417Z   persist-credentials: true
2025-11-21T16:04:32.3911045Z   clean: true
2025-11-21T16:04:32.3911623Z   sparse-checkout-cone-mode: true
2025-11-21T16:04:32.3912286Z   fetch-depth: 1
2025-11-21T16:04:32.3912852Z   fetch-tags: false
2025-11-21T16:04:32.3913435Z   show-progress: true
2025-11-21T16:04:32.3914013Z   lfs: false
2025-11-21T16:04:32.3914806Z   submodules: false
2025-11-21T16:04:32.3915412Z   set-safe-directory: true
2025-11-21T16:04:32.3916748Z ##[endgroup]
2025-11-21T16:04:32.5063047Z Syncing repository: djasiqi/atmr
2025-11-21T16:04:32.5066928Z ##[group]Getting Git version info
2025-11-21T16:04:32.5068490Z Working directory is '/home/runner/work/atmr/atmr'
2025-11-21T16:04:32.5070687Z [command]/usr/bin/git version
2025-11-21T16:04:32.5146514Z git version 2.51.2
2025-11-21T16:04:32.5173427Z ##[endgroup]
2025-11-21T16:04:32.5193414Z Temporarily overriding HOME='/home/runner/work/_temp/ac2e57a5-8927-44c9-ae2c-6c6760a32ece' before making global git config changes
2025-11-21T16:04:32.5198190Z Adding repository directory to the temporary git global config as a safe directory
2025-11-21T16:04:32.5199420Z [command]/usr/bin/git config --global --add safe.directory /home/runner/work/atmr/atmr
2025-11-21T16:04:32.5235925Z Deleting the contents of '/home/runner/work/atmr/atmr'
2025-11-21T16:04:32.5240776Z ##[group]Initializing the repository
2025-11-21T16:04:32.5246596Z [command]/usr/bin/git init /home/runner/work/atmr/atmr
2025-11-21T16:04:32.5355720Z hint: Using 'master' as the name for the initial branch. This default branch name
2025-11-21T16:04:32.5357425Z hint: is subject to change. To configure the initial branch name to use in all
2025-11-21T16:04:32.5358512Z hint: of your new repositories, which will suppress this warning, call:
2025-11-21T16:04:32.5359615Z hint:
2025-11-21T16:04:32.5360970Z hint: 	git config --global init.defaultBranch <name>
2025-11-21T16:04:32.5362157Z hint:
2025-11-21T16:04:32.5363460Z hint: Names commonly chosen instead of 'master' are 'main', 'trunk' and
2025-11-21T16:04:32.5365653Z hint: 'development'. The just-created branch can be renamed via this command:
2025-11-21T16:04:32.5367272Z hint:
2025-11-21T16:04:32.5368261Z hint: 	git branch -m <name>
2025-11-21T16:04:32.5369301Z hint:
2025-11-21T16:04:32.5370588Z hint: Disable this message with "git config set advice.defaultBranchName false"
2025-11-21T16:04:32.5372612Z Initialized empty Git repository in /home/runner/work/atmr/atmr/.git/
2025-11-21T16:04:32.5376071Z [command]/usr/bin/git remote add origin https://github.com/djasiqi/atmr
2025-11-21T16:04:32.5408314Z ##[endgroup]
2025-11-21T16:04:32.5409987Z ##[group]Disabling automatic garbage collection
2025-11-21T16:04:32.5412519Z [command]/usr/bin/git config --local gc.auto 0
2025-11-21T16:04:32.5441183Z ##[endgroup]
2025-11-21T16:04:32.5442923Z ##[group]Setting up auth
2025-11-21T16:04:32.5448873Z [command]/usr/bin/git config --local --name-only --get-regexp core\.sshCommand
2025-11-21T16:04:32.5479147Z [command]/usr/bin/git submodule foreach --recursive sh -c "git config --local --name-only --get-regexp 'core\.sshCommand' && git config --local --unset-all 'core.sshCommand' || :"
2025-11-21T16:04:32.5829346Z [command]/usr/bin/git config --local --name-only --get-regexp http\.https\:\/\/github\.com\/\.extraheader
2025-11-21T16:04:32.5858883Z [command]/usr/bin/git submodule foreach --recursive sh -c "git config --local --name-only --get-regexp 'http\.https\:\/\/github\.com\/\.extraheader' && git config --local --unset-all 'http.https://github.com/.extraheader' || :"
2025-11-21T16:04:32.6075658Z [command]/usr/bin/git config --local --name-only --get-regexp ^includeIf\.gitdir:
2025-11-21T16:04:32.6108509Z [command]/usr/bin/git submodule foreach --recursive git config --local --show-origin --name-only --get-regexp remote.origin.url
2025-11-21T16:04:32.6331355Z [command]/usr/bin/git config --local http.https://github.com/.extraheader AUTHORIZATION: basic ***
2025-11-21T16:04:32.6364381Z ##[endgroup]
2025-11-21T16:04:32.6366194Z ##[group]Fetching the repository
2025-11-21T16:04:32.6373671Z [command]/usr/bin/git -c protocol.version=2 fetch --no-tags --prune --no-recurse-submodules --depth=1 origin +eb8ebd41331556cb02e0b60b7eef5801ca262ef1:refs/remotes/origin/main
2025-11-21T16:04:34.3638003Z From https://github.com/djasiqi/atmr
2025-11-21T16:04:34.3640867Z  * [new ref]         eb8ebd41331556cb02e0b60b7eef5801ca262ef1 -> origin/main
2025-11-21T16:04:34.3669899Z ##[endgroup]
2025-11-21T16:04:34.3671073Z ##[group]Determining the checkout info
2025-11-21T16:04:34.3672366Z ##[endgroup]
2025-11-21T16:04:34.3676978Z [command]/usr/bin/git sparse-checkout disable
2025-11-21T16:04:34.3717321Z [command]/usr/bin/git config --local --unset-all extensions.worktreeConfig
2025-11-21T16:04:34.3747510Z ##[group]Checking out the ref
2025-11-21T16:04:34.3748703Z [command]/usr/bin/git checkout --progress --force -B main refs/remotes/origin/main
2025-11-21T16:04:34.8718272Z Switched to a new branch 'main'
2025-11-21T16:04:34.8719110Z branch 'main' set up to track 'origin/main'.
2025-11-21T16:04:34.8750214Z ##[endgroup]
2025-11-21T16:04:34.8793864Z [command]/usr/bin/git log -1 --format=%H
2025-11-21T16:04:34.8817394Z eb8ebd41331556cb02e0b60b7eef5801ca262ef1
2025-11-21T16:04:34.9047025Z ##[group]Run actions/setup-python@v5
2025-11-21T16:04:34.9047338Z with:
2025-11-21T16:04:34.9047512Z   python-version: 3.11
2025-11-21T16:04:34.9047720Z   check-latest: false
2025-11-21T16:04:34.9048039Z   token: ***
2025-11-21T16:04:34.9048239Z   update-environment: true
2025-11-21T16:04:34.9048465Z   allow-prereleases: false
2025-11-21T16:04:34.9048674Z   freethreaded: false
2025-11-21T16:04:34.9048864Z ##[endgroup]
2025-11-21T16:04:35.0685472Z ##[group]Installed versions
2025-11-21T16:04:35.0804756Z Successfully set up CPython (3.11.14)
2025-11-21T16:04:35.0806296Z ##[endgroup]
2025-11-21T16:04:35.0917251Z ##[group]Run mkdir -p artifacts
2025-11-21T16:04:35.0917575Z [36;1mmkdir -p artifacts[0m
2025-11-21T16:04:35.0968462Z shell: /usr/bin/bash -e {0}
2025-11-21T16:04:35.0968734Z env:
2025-11-21T16:04:35.0969021Z   pythonLocation: /opt/hostedtoolcache/Python/3.11.14/x64
2025-11-21T16:04:35.0969432Z   PKG_CONFIG_PATH: /opt/hostedtoolcache/Python/3.11.14/x64/lib/pkgconfig
2025-11-21T16:04:35.0969830Z   Python_ROOT_DIR: /opt/hostedtoolcache/Python/3.11.14/x64
2025-11-21T16:04:35.0970167Z   Python2_ROOT_DIR: /opt/hostedtoolcache/Python/3.11.14/x64
2025-11-21T16:04:35.0970508Z   Python3_ROOT_DIR: /opt/hostedtoolcache/Python/3.11.14/x64
2025-11-21T16:04:35.0970850Z   LD_LIBRARY_PATH: /opt/hostedtoolcache/Python/3.11.14/x64/lib
2025-11-21T16:04:35.0971136Z ##[endgroup]
2025-11-21T16:04:35.1089742Z ##[group]Run pip install bandit semgrep safety
2025-11-21T16:04:35.1090111Z [36;1mpip install bandit semgrep safety[0m
2025-11-21T16:04:35.1122032Z shell: /usr/bin/bash -e {0}
2025-11-21T16:04:35.1122264Z env:
2025-11-21T16:04:35.1122515Z   pythonLocation: /opt/hostedtoolcache/Python/3.11.14/x64
2025-11-21T16:04:35.1122924Z   PKG_CONFIG_PATH: /opt/hostedtoolcache/Python/3.11.14/x64/lib/pkgconfig
2025-11-21T16:04:35.1123308Z   Python_ROOT_DIR: /opt/hostedtoolcache/Python/3.11.14/x64
2025-11-21T16:04:35.1123652Z   Python2_ROOT_DIR: /opt/hostedtoolcache/Python/3.11.14/x64
2025-11-21T16:04:35.1123996Z   Python3_ROOT_DIR: /opt/hostedtoolcache/Python/3.11.14/x64
2025-11-21T16:04:35.1124540Z   LD_LIBRARY_PATH: /opt/hostedtoolcache/Python/3.11.14/x64/lib
2025-11-21T16:04:35.1124829Z ##[endgroup]
2025-11-21T16:04:35.9462120Z Collecting bandit
2025-11-21T16:04:36.0073900Z   Downloading bandit-1.9.1-py3-none-any.whl.metadata (7.1 kB)
2025-11-21T16:04:36.1407229Z Collecting semgrep
2025-11-21T16:04:36.1454871Z   Downloading semgrep-1.144.0-cp310.cp311.cp312.cp313.cp314.py310.py311.py312.py313.py314-none-musllinux_1_0_x86_64.manylinux2014_x86_64.whl.metadata (2.1 kB)
2025-11-21T16:04:36.1724844Z Collecting safety
2025-11-21T16:04:36.1763684Z   Downloading safety-3.7.0-py3-none-any.whl.metadata (11 kB)
2025-11-21T16:04:36.2174001Z Collecting PyYAML>=5.3.1 (from bandit)
2025-11-21T16:04:36.2246608Z   Downloading pyyaml-6.0.3-cp311-cp311-manylinux2014_x86_64.manylinux_2_17_x86_64.manylinux_2_28_x86_64.whl.metadata (2.4 kB)
2025-11-21T16:04:36.2473275Z Collecting stevedore>=1.20.0 (from bandit)
2025-11-21T16:04:36.2534831Z   Downloading stevedore-5.6.0-py3-none-any.whl.metadata (2.3 kB)
2025-11-21T16:04:36.2932731Z Collecting rich (from bandit)
2025-11-21T16:04:36.2973657Z   Downloading rich-14.2.0-py3-none-any.whl.metadata (18 kB)
2025-11-21T16:04:36.3195612Z Collecting attrs>=21.3 (from semgrep)
2025-11-21T16:04:36.3232261Z   Downloading attrs-25.4.0-py3-none-any.whl.metadata (10 kB)
2025-11-21T16:04:36.3390860Z Collecting boltons~=21.0 (from semgrep)
2025-11-21T16:04:36.3448136Z   Downloading boltons-21.0.0-py2.py3-none-any.whl.metadata (1.5 kB)
2025-11-21T16:04:36.3585381Z Collecting click-option-group~=0.5 (from semgrep)
2025-11-21T16:04:36.3650549Z   Downloading click_option_group-0.5.9-py3-none-any.whl.metadata (5.8 kB)
2025-11-21T16:04:36.3832852Z Collecting click~=8.1.8 (from semgrep)
2025-11-21T16:04:36.3868854Z   Downloading click-8.1.8-py3-none-any.whl.metadata (2.3 kB)
2025-11-21T16:04:36.4028365Z Collecting colorama~=0.4.0 (from semgrep)
2025-11-21T16:04:36.4078968Z   Downloading colorama-0.4.6-py2.py3-none-any.whl.metadata (17 kB)
2025-11-21T16:04:36.4245591Z Collecting exceptiongroup~=1.2.0 (from semgrep)
2025-11-21T16:04:36.4281645Z   Downloading exceptiongroup-1.2.2-py3-none-any.whl.metadata (6.6 kB)
2025-11-21T16:04:36.4408523Z Collecting glom~=22.1 (from semgrep)
2025-11-21T16:04:36.4443418Z   Downloading glom-22.1.0-py2.py3-none-any.whl.metadata (4.9 kB)
2025-11-21T16:04:36.4608632Z Collecting mcp==1.16.0 (from semgrep)
2025-11-21T16:04:36.4647702Z   Downloading mcp-1.16.0-py3-none-any.whl.metadata (80 kB)
2025-11-21T16:04:36.4972380Z Collecting jsonschema~=4.25.1 (from semgrep)
2025-11-21T16:04:36.5009126Z   Downloading jsonschema-4.25.1-py3-none-any.whl.metadata (7.6 kB)
2025-11-21T16:04:36.5238314Z Collecting opentelemetry-api~=1.37.0 (from semgrep)
2025-11-21T16:04:36.5280646Z   Downloading opentelemetry_api-1.37.0-py3-none-any.whl.metadata (1.5 kB)
2025-11-21T16:04:36.5479556Z Collecting opentelemetry-sdk~=1.37.0 (from semgrep)
2025-11-21T16:04:36.5518001Z   Downloading opentelemetry_sdk-1.37.0-py3-none-any.whl.metadata (1.5 kB)
2025-11-21T16:04:36.5676794Z Collecting opentelemetry-exporter-otlp-proto-http~=1.37.0 (from semgrep)
2025-11-21T16:04:36.5713508Z   Downloading opentelemetry_exporter_otlp_proto_http-1.37.0-py3-none-any.whl.metadata (2.3 kB)
2025-11-21T16:04:36.5978718Z Collecting opentelemetry-instrumentation-requests~=0.58b0 (from semgrep)
2025-11-21T16:04:36.6017923Z   Downloading opentelemetry_instrumentation_requests-0.59b0-py3-none-any.whl.metadata (2.6 kB)
2025-11-21T16:04:36.6178497Z Collecting packaging>=21.0 (from semgrep)
2025-11-21T16:04:36.6214838Z   Downloading packaging-25.0-py3-none-any.whl.metadata (3.3 kB)
2025-11-21T16:04:36.6424070Z Collecting peewee~=3.14 (from semgrep)
2025-11-21T16:04:36.6467740Z   Downloading peewee-3.18.3.tar.gz (3.0 MB)
2025-11-21T16:04:36.6665671Z      ━━━━━━━━━━━━━━━━━━━━━━━━━━━━━━━━━━━━━━━━ 3.0/3.0 MB 179.0 MB/s  0:00:00
2025-11-21T16:04:36.8312602Z   Installing build dependencies: started
2025-11-21T16:04:37.6530588Z   Installing build dependencies: finished with status 'done'
2025-11-21T16:04:37.6535681Z   Getting requirements to build wheel: started
2025-11-21T16:04:38.4714825Z   Getting requirements to build wheel: finished with status 'done'
2025-11-21T16:04:38.4723662Z   Preparing metadata (pyproject.toml): started
2025-11-21T16:04:38.6881551Z   Preparing metadata (pyproject.toml): finished with status 'done'
2025-11-21T16:04:38.7153580Z Collecting requests~=2.22 (from semgrep)
2025-11-21T16:04:38.7221656Z   Downloading requests-2.32.5-py3-none-any.whl.metadata (4.9 kB)
2025-11-21T16:04:38.7381216Z Collecting rich (from bandit)
2025-11-21T16:04:38.7417716Z   Downloading rich-13.5.3-py3-none-any.whl.metadata (18 kB)
2025-11-21T16:04:38.8682184Z Collecting ruamel.yaml>=0.18.15 (from semgrep)
2025-11-21T16:04:38.8721412Z   Downloading ruamel.yaml-0.18.16-py3-none-any.whl.metadata (25 kB)
2025-11-21T16:04:38.9109560Z Collecting ruamel.yaml.clib==0.2.14 (from semgrep)
2025-11-21T16:04:38.9149544Z   Downloading ruamel.yaml.clib-0.2.14-cp311-cp311-manylinux_2_17_x86_64.manylinux2014_x86_64.whl.metadata (3.0 kB)
2025-11-21T16:04:38.9313105Z Collecting tomli~=2.0.1 (from semgrep)
2025-11-21T16:04:38.9347953Z   Downloading tomli-2.0.2-py3-none-any.whl.metadata (10.0 kB)
2025-11-21T16:04:38.9545406Z Collecting typing-extensions~=4.2 (from semgrep)
2025-11-21T16:04:38.9581913Z   Downloading typing_extensions-4.15.0-py3-none-any.whl.metadata (3.3 kB)
2025-11-21T16:04:38.9825696Z Collecting urllib3~=2.0 (from semgrep)
2025-11-21T16:04:38.9861018Z   Downloading urllib3-2.5.0-py3-none-any.whl.metadata (6.5 kB)
2025-11-21T16:04:39.0044023Z Collecting wcmatch~=8.3 (from semgrep)
2025-11-21T16:04:39.0080278Z   Downloading wcmatch-8.5.2-py3-none-any.whl.metadata (4.8 kB)
2025-11-21T16:04:39.0270987Z Collecting anyio>=4.5 (from mcp==1.16.0->semgrep)
2025-11-21T16:04:39.0305805Z   Downloading anyio-4.11.0-py3-none-any.whl.metadata (4.1 kB)
2025-11-21T16:04:39.0420795Z Collecting httpx-sse>=0.4 (from mcp==1.16.0->semgrep)
2025-11-21T16:04:39.0459283Z   Downloading httpx_sse-0.4.3-py3-none-any.whl.metadata (9.7 kB)
2025-11-21T16:04:39.0645355Z Collecting httpx>=0.27.1 (from mcp==1.16.0->semgrep)
2025-11-21T16:04:39.0680110Z   Downloading httpx-0.28.1-py3-none-any.whl.metadata (7.1 kB)
2025-11-21T16:04:39.1069403Z Collecting pydantic-settings>=2.5.2 (from mcp==1.16.0->semgrep)
2025-11-21T16:04:39.1108044Z   Downloading pydantic_settings-2.12.0-py3-none-any.whl.metadata (3.4 kB)
2025-11-21T16:04:39.2230972Z Collecting pydantic<3.0.0,>=2.11.0 (from mcp==1.16.0->semgrep)
2025-11-21T16:04:39.2270162Z   Downloading pydantic-2.12.4-py3-none-any.whl.metadata (89 kB)
2025-11-21T16:04:39.2433810Z Collecting python-multipart>=0.0.9 (from mcp==1.16.0->semgrep)
2025-11-21T16:04:39.2471155Z   Downloading python_multipart-0.0.20-py3-none-any.whl.metadata (1.8 kB)
2025-11-21T16:04:39.2659255Z Collecting sse-starlette>=1.6.1 (from mcp==1.16.0->semgrep)
2025-11-21T16:04:39.2696685Z   Downloading sse_starlette-3.0.3-py3-none-any.whl.metadata (12 kB)
2025-11-21T16:04:39.3000305Z Collecting starlette>=0.27 (from mcp==1.16.0->semgrep)
2025-11-21T16:04:39.3036031Z   Downloading starlette-0.50.0-py3-none-any.whl.metadata (6.3 kB)
2025-11-21T16:04:39.3298187Z Collecting uvicorn>=0.31.1 (from mcp==1.16.0->semgrep)
2025-11-21T16:04:39.3335437Z   Downloading uvicorn-0.38.0-py3-none-any.whl.metadata (6.8 kB)
2025-11-21T16:04:39.3585362Z Collecting face>=20.1.0 (from glom~=22.1->semgrep)
2025-11-21T16:04:39.3620489Z   Downloading face-24.0.0-py3-none-any.whl.metadata (1.1 kB)
2025-11-21T16:04:39.3785746Z Collecting jsonschema-specifications>=2023.03.6 (from jsonschema~=4.25.1->semgrep)
2025-11-21T16:04:39.3821651Z   Downloading jsonschema_specifications-2025.9.1-py3-none-any.whl.metadata (2.9 kB)
2025-11-21T16:04:39.4074452Z Collecting referencing>=0.28.4 (from jsonschema~=4.25.1->semgrep)
2025-11-21T16:04:39.4111275Z   Downloading referencing-0.37.0-py3-none-any.whl.metadata (2.8 kB)
2025-11-21T16:04:39.6978179Z Collecting rpds-py>=0.7.1 (from jsonschema~=4.25.1->semgrep)
2025-11-21T16:04:39.7020026Z   Downloading rpds_py-0.29.0-cp311-cp311-manylinux_2_17_x86_64.manylinux2014_x86_64.whl.metadata (4.1 kB)
2025-11-21T16:04:39.7332200Z Collecting importlib-metadata<8.8.0,>=6.0 (from opentelemetry-api~=1.37.0->semgrep)
2025-11-21T16:04:39.7367140Z   Downloading importlib_metadata-8.7.0-py3-none-any.whl.metadata (4.8 kB)
2025-11-21T16:04:39.7634086Z Collecting zipp>=3.20 (from importlib-metadata<8.8.0,>=6.0->opentelemetry-api~=1.37.0->semgrep)
2025-11-21T16:04:39.7669958Z   Downloading zipp-3.23.0-py3-none-any.whl.metadata (3.6 kB)
2025-11-21T16:04:39.7898062Z Collecting googleapis-common-protos~=1.52 (from opentelemetry-exporter-otlp-proto-http~=1.37.0->semgrep)
2025-11-21T16:04:39.7932313Z   Downloading googleapis_common_protos-1.72.0-py3-none-any.whl.metadata (9.4 kB)
2025-11-21T16:04:39.8158998Z Collecting opentelemetry-exporter-otlp-proto-common==1.37.0 (from opentelemetry-exporter-otlp-proto-http~=1.37.0->semgrep)
2025-11-21T16:04:39.8194549Z   Downloading opentelemetry_exporter_otlp_proto_common-1.37.0-py3-none-any.whl.metadata (1.8 kB)
2025-11-21T16:04:39.8373533Z Collecting opentelemetry-proto==1.37.0 (from opentelemetry-exporter-otlp-proto-http~=1.37.0->semgrep)
2025-11-21T16:04:39.8409038Z   Downloading opentelemetry_proto-1.37.0-py3-none-any.whl.metadata (2.3 kB)
2025-11-21T16:04:40.0123263Z Collecting protobuf<7.0,>=5.0 (from opentelemetry-proto==1.37.0->opentelemetry-exporter-otlp-proto-http~=1.37.0->semgrep)
2025-11-21T16:04:40.0163257Z   Downloading protobuf-6.33.1-cp39-abi3-manylinux2014_x86_64.whl.metadata (593 bytes)
2025-11-21T16:04:40.0867312Z Collecting opentelemetry-instrumentation==0.59b0 (from opentelemetry-instrumentation-requests~=0.58b0->semgrep)
2025-11-21T16:04:40.0903502Z   Downloading opentelemetry_instrumentation-0.59b0-py3-none-any.whl.metadata (7.1 kB)
2025-11-21T16:04:40.1073259Z Collecting opentelemetry-semantic-conventions==0.59b0 (from opentelemetry-instrumentation-requests~=0.58b0->semgrep)
2025-11-21T16:04:40.1108194Z   Downloading opentelemetry_semantic_conventions-0.59b0-py3-none-any.whl.metadata (2.4 kB)
2025-11-21T16:04:40.1277562Z Collecting opentelemetry-util-http==0.59b0 (from opentelemetry-instrumentation-requests~=0.58b0->semgrep)
2025-11-21T16:04:40.1312252Z   Downloading opentelemetry_util_http-0.59b0-py3-none-any.whl.metadata (2.6 kB)
2025-11-21T16:04:40.2824607Z Collecting wrapt<2.0.0,>=1.0.0 (from opentelemetry-instrumentation==0.59b0->opentelemetry-instrumentation-requests~=0.58b0->semgrep)
2025-11-21T16:04:40.2864544Z   Downloading wrapt-1.17.3-cp311-cp311-manylinux1_x86_64.manylinux_2_28_x86_64.manylinux_2_5_x86_64.whl.metadata (6.4 kB)
2025-11-21T16:04:40.3040171Z INFO: pip is looking at multiple versions of opentelemetry-semantic-conventions to determine which version is compatible with other requirements. This could take a while.
2025-11-21T16:04:40.3048331Z Collecting opentelemetry-instrumentation-requests~=0.58b0 (from semgrep)
2025-11-21T16:04:40.3086061Z   Downloading opentelemetry_instrumentation_requests-0.58b0-py3-none-any.whl.metadata (2.6 kB)
2025-11-21T16:04:40.3166680Z Collecting opentelemetry-instrumentation==0.58b0 (from opentelemetry-instrumentation-requests~=0.58b0->semgrep)
2025-11-21T16:04:40.3203020Z   Downloading opentelemetry_instrumentation-0.58b0-py3-none-any.whl.metadata (7.1 kB)
2025-11-21T16:04:40.3265037Z Collecting opentelemetry-semantic-conventions==0.58b0 (from opentelemetry-instrumentation-requests~=0.58b0->semgrep)
2025-11-21T16:04:40.3300953Z   Downloading opentelemetry_semantic_conventions-0.58b0-py3-none-any.whl.metadata (2.4 kB)
2025-11-21T16:04:40.3362096Z Collecting opentelemetry-util-http==0.58b0 (from opentelemetry-instrumentation-requests~=0.58b0->semgrep)
2025-11-21T16:04:40.3397770Z   Downloading opentelemetry_util_http-0.58b0-py3-none-any.whl.metadata (2.6 kB)
2025-11-21T16:04:40.3710493Z Collecting annotated-types>=0.6.0 (from pydantic<3.0.0,>=2.11.0->mcp==1.16.0->semgrep)
2025-11-21T16:04:40.3745339Z   Downloading annotated_types-0.7.0-py3-none-any.whl.metadata (15 kB)
2025-11-21T16:04:41.0740641Z Collecting pydantic-core==2.41.5 (from pydantic<3.0.0,>=2.11.0->mcp==1.16.0->semgrep)
2025-11-21T16:04:41.0781896Z   Downloading pydantic_core-2.41.5-cp311-cp311-manylinux_2_17_x86_64.manylinux2014_x86_64.whl.metadata (7.3 kB)
2025-11-21T16:04:41.0946353Z Collecting typing-inspection>=0.4.2 (from pydantic<3.0.0,>=2.11.0->mcp==1.16.0->semgrep)
2025-11-21T16:04:41.0982508Z   Downloading typing_inspection-0.4.2-py3-none-any.whl.metadata (2.6 kB)
2025-11-21T16:04:41.1792737Z Collecting charset_normalizer<4,>=2 (from requests~=2.22->semgrep)
2025-11-21T16:04:41.1833685Z   Downloading charset_normalizer-3.4.4-cp311-cp311-manylinux2014_x86_64.manylinux_2_17_x86_64.manylinux_2_28_x86_64.whl.metadata (37 kB)
2025-11-21T16:04:41.2004983Z Collecting idna<4,>=2.5 (from requests~=2.22->semgrep)
2025-11-21T16:04:41.2040554Z   Downloading idna-3.11-py3-none-any.whl.metadata (8.4 kB)
2025-11-21T16:04:41.2329585Z Collecting certifi>=2017.4.17 (from requests~=2.22->semgrep)
2025-11-21T16:04:41.2368748Z   Downloading certifi-2025.11.12-py3-none-any.whl.metadata (2.5 kB)
2025-11-21T16:04:41.2554946Z Collecting markdown-it-py>=2.2.0 (from rich->bandit)
2025-11-21T16:04:41.2591766Z   Downloading markdown_it_py-4.0.0-py3-none-any.whl.metadata (7.3 kB)
2025-11-21T16:04:41.2827680Z Collecting pygments<3.0.0,>=2.13.0 (from rich->bandit)
2025-11-21T16:04:41.2866807Z   Downloading pygments-2.19.2-py3-none-any.whl.metadata (2.5 kB)
2025-11-21T16:04:41.3060855Z Collecting bracex>=2.1.1 (from wcmatch~=8.3->semgrep)
2025-11-21T16:04:41.3096317Z   Downloading bracex-2.6-py3-none-any.whl.metadata (3.6 kB)
2025-11-21T16:04:41.3286046Z Collecting authlib>=1.2.0 (from safety)
2025-11-21T16:04:41.3325339Z   Downloading authlib-1.6.5-py2.py3-none-any.whl.metadata (9.8 kB)
2025-11-21T16:04:41.3489267Z Collecting dparse>=0.6.4 (from safety)
2025-11-21T16:04:41.3546695Z   Downloading dparse-0.6.4-py3-none-any.whl.metadata (5.5 kB)
2025-11-21T16:04:41.3751010Z Collecting filelock<4.0,>=3.16.1 (from safety)
2025-11-21T16:04:41.3788058Z   Downloading filelock-3.20.0-py3-none-any.whl.metadata (2.1 kB)
2025-11-21T16:04:41.3957962Z Collecting jinja2>=3.1.0 (from safety)
2025-11-21T16:04:41.3993747Z   Downloading jinja2-3.1.6-py3-none-any.whl.metadata (2.9 kB)
2025-11-21T16:04:41.4341937Z Collecting marshmallow>=3.15.0 (from safety)
2025-11-21T16:04:41.4383305Z   Downloading marshmallow-4.1.0-py3-none-any.whl.metadata (7.4 kB)
2025-11-21T16:04:41.4554701Z Collecting nltk>=3.9 (from safety)
2025-11-21T16:04:41.4594937Z   Downloading nltk-3.9.2-py3-none-any.whl.metadata (3.2 kB)
2025-11-21T16:04:41.4941257Z Collecting safety-schemas==0.0.16 (from safety)
2025-11-21T16:04:41.4980021Z   Downloading safety_schemas-0.0.16-py3-none-any.whl.metadata (1.1 kB)
2025-11-21T16:04:41.5146359Z Collecting tenacity>=8.1.0 (from safety)
2025-11-21T16:04:41.5182617Z   Downloading tenacity-9.1.2-py3-none-any.whl.metadata (1.2 kB)
2025-11-21T16:04:41.5360562Z Collecting tomlkit (from safety)
2025-11-21T16:04:41.5396527Z   Downloading tomlkit-0.13.3-py3-none-any.whl.metadata (2.8 kB)
2025-11-21T16:04:41.5578187Z Collecting typer>=0.16.0 (from safety)
2025-11-21T16:04:41.5615017Z   Downloading typer-0.20.0-py3-none-any.whl.metadata (16 kB)
2025-11-21T16:04:41.5881173Z Collecting sniffio>=1.1 (from anyio>=4.5->mcp==1.16.0->semgrep)
2025-11-21T16:04:41.5969586Z   Downloading sniffio-1.3.1-py3-none-any.whl.metadata (3.9 kB)
2025-11-21T16:04:41.8349814Z Collecting cryptography (from authlib>=1.2.0->safety)
2025-11-21T16:04:41.8421223Z   Downloading cryptography-46.0.3-cp311-abi3-manylinux_2_34_x86_64.whl.metadata (5.7 kB)
2025-11-21T16:04:41.8751414Z Collecting httpcore==1.* (from httpx>=0.27.1->mcp==1.16.0->semgrep)
2025-11-21T16:04:41.8787212Z   Downloading httpcore-1.0.9-py3-none-any.whl.metadata (21 kB)
2025-11-21T16:04:41.8929842Z Collecting h11>=0.16 (from httpcore==1.*->httpx>=0.27.1->mcp==1.16.0->semgrep)
2025-11-21T16:04:41.8964977Z   Downloading h11-0.16.0-py3-none-any.whl.metadata (8.3 kB)
2025-11-21T16:04:41.9512335Z Collecting MarkupSafe>=2.0 (from jinja2>=3.1.0->safety)
2025-11-21T16:04:41.9551730Z   Downloading markupsafe-3.0.3-cp311-cp311-manylinux2014_x86_64.manylinux_2_17_x86_64.manylinux_2_28_x86_64.whl.metadata (2.7 kB)
2025-11-21T16:04:41.9751352Z Collecting mdurl~=0.1 (from markdown-it-py>=2.2.0->rich->bandit)
2025-11-21T16:04:41.9788710Z   Downloading mdurl-0.1.2-py3-none-any.whl.metadata (1.6 kB)
2025-11-21T16:04:42.0066864Z Collecting joblib (from nltk>=3.9->safety)
2025-11-21T16:04:42.0101886Z   Downloading joblib-1.5.2-py3-none-any.whl.metadata (5.6 kB)
2025-11-21T16:04:42.3317049Z Collecting regex>=2021.8.3 (from nltk>=3.9->safety)
2025-11-21T16:04:42.3361005Z   Downloading regex-2025.11.3-cp311-cp311-manylinux2014_x86_64.manylinux_2_17_x86_64.manylinux_2_28_x86_64.whl.metadata (40 kB)
2025-11-21T16:04:42.3711605Z Collecting tqdm (from nltk>=3.9->safety)
2025-11-21T16:04:42.3749355Z   Downloading tqdm-4.67.1-py3-none-any.whl.metadata (57 kB)
2025-11-21T16:04:42.4142385Z Collecting python-dotenv>=0.21.0 (from pydantic-settings>=2.5.2->mcp==1.16.0->semgrep)
2025-11-21T16:04:42.4179483Z   Downloading python_dotenv-1.2.1-py3-none-any.whl.metadata (25 kB)
2025-11-21T16:04:42.4887620Z Collecting shellingham>=1.3.0 (from typer>=0.16.0->safety)
2025-11-21T16:04:42.4923600Z   Downloading shellingham-1.5.4-py2.py3-none-any.whl.metadata (3.5 kB)
2025-11-21T16:04:42.6914396Z Collecting cffi>=2.0.0 (from cryptography->authlib>=1.2.0->safety)
2025-11-21T16:04:42.6954793Z   Downloading cffi-2.0.0-cp311-cp311-manylinux2014_x86_64.manylinux_2_17_x86_64.whl.metadata (2.6 kB)
2025-11-21T16:04:42.7088986Z Collecting pycparser (from cffi>=2.0.0->cryptography->authlib>=1.2.0->safety)
2025-11-21T16:04:42.7127687Z   Downloading pycparser-2.23-py3-none-any.whl.metadata (993 bytes)
2025-11-21T16:04:42.7281120Z Downloading bandit-1.9.1-py3-none-any.whl (134 kB)
2025-11-21T16:04:42.7384672Z Downloading semgrep-1.144.0-cp310.cp311.cp312.cp313.cp314.py310.py311.py312.py313.py314-none-musllinux_1_0_x86_64.manylinux2014_x86_64.whl (50.4 MB)
2025-11-21T16:04:43.0807048Z    ━━━━━━━━━━━━━━━━━━━━━━━━━━━━━━━━━━━━━━━━ 50.4/50.4 MB 147.9 MB/s  0:00:00
2025-11-21T16:04:43.0846378Z Downloading mcp-1.16.0-py3-none-any.whl (167 kB)
2025-11-21T16:04:43.0913322Z Downloading ruamel.yaml.clib-0.2.14-cp311-cp311-manylinux_2_17_x86_64.manylinux2014_x86_64.whl (738 kB)
2025-11-21T16:04:43.1009722Z    ━━━━━━━━━━━━━━━━━━━━━━━━━━━━━━━━━━━━━━━━ 738.1/738.1 kB 78.3 MB/s  0:00:00
2025-11-21T16:04:43.1049845Z Downloading boltons-21.0.0-py2.py3-none-any.whl (193 kB)
2025-11-21T16:04:43.1112235Z Downloading click-8.1.8-py3-none-any.whl (98 kB)
2025-11-21T16:04:43.1174005Z Downloading click_option_group-0.5.9-py3-none-any.whl (11 kB)
2025-11-21T16:04:43.1228543Z Downloading colorama-0.4.6-py2.py3-none-any.whl (25 kB)
2025-11-21T16:04:43.1290217Z Downloading exceptiongroup-1.2.2-py3-none-any.whl (16 kB)
2025-11-21T16:04:43.1344693Z Downloading glom-22.1.0-py2.py3-none-any.whl (100 kB)
2025-11-21T16:04:43.1408683Z Downloading jsonschema-4.25.1-py3-none-any.whl (90 kB)
2025-11-21T16:04:43.1469440Z Downloading opentelemetry_api-1.37.0-py3-none-any.whl (65 kB)
2025-11-21T16:04:43.1530771Z Downloading importlib_metadata-8.7.0-py3-none-any.whl (27 kB)
2025-11-21T16:04:43.1586495Z Downloading opentelemetry_exporter_otlp_proto_http-1.37.0-py3-none-any.whl (19 kB)
2025-11-21T16:04:43.1641119Z Downloading opentelemetry_exporter_otlp_proto_common-1.37.0-py3-none-any.whl (18 kB)
2025-11-21T16:04:43.1698495Z Downloading opentelemetry_proto-1.37.0-py3-none-any.whl (72 kB)
2025-11-21T16:04:43.1758022Z Downloading googleapis_common_protos-1.72.0-py3-none-any.whl (297 kB)
2025-11-21T16:04:43.1845306Z Downloading opentelemetry_instrumentation_requests-0.58b0-py3-none-any.whl (12 kB)
2025-11-21T16:04:43.1918604Z Downloading opentelemetry_instrumentation-0.58b0-py3-none-any.whl (33 kB)
2025-11-21T16:04:43.1978680Z Downloading opentelemetry_semantic_conventions-0.58b0-py3-none-any.whl (207 kB)
2025-11-21T16:04:43.2041643Z Downloading opentelemetry_util_http-0.58b0-py3-none-any.whl (7.7 kB)
2025-11-21T16:04:43.2097629Z Downloading opentelemetry_sdk-1.37.0-py3-none-any.whl (131 kB)
2025-11-21T16:04:43.2162509Z Downloading protobuf-6.33.1-cp39-abi3-manylinux2014_x86_64.whl (323 kB)
2025-11-21T16:04:43.2233211Z Downloading pydantic-2.12.4-py3-none-any.whl (463 kB)
2025-11-21T16:04:43.2312231Z Downloading pydantic_core-2.41.5-cp311-cp311-manylinux_2_17_x86_64.manylinux2014_x86_64.whl (2.1 MB)
2025-11-21T16:04:43.2436085Z    ━━━━━━━━━━━━━━━━━━━━━━━━━━━━━━━━━━━━━━━━ 2.1/2.1 MB 191.2 MB/s  0:00:00
2025-11-21T16:04:43.2476231Z Downloading requests-2.32.5-py3-none-any.whl (64 kB)
2025-11-21T16:04:43.2544468Z Downloading charset_normalizer-3.4.4-cp311-cp311-manylinux2014_x86_64.manylinux_2_17_x86_64.manylinux_2_28_x86_64.whl (151 kB)
2025-11-21T16:04:43.2605449Z Downloading idna-3.11-py3-none-any.whl (71 kB)
2025-11-21T16:04:43.2664585Z Downloading rich-13.5.3-py3-none-any.whl (239 kB)
2025-11-21T16:04:43.2732535Z Downloading pygments-2.19.2-py3-none-any.whl (1.2 MB)
2025-11-21T16:04:43.2818828Z    ━━━━━━━━━━━━━━━━━━━━━━━━━━━━━━━━━━━━━━━━ 1.2/1.2 MB 154.9 MB/s  0:00:00
2025-11-21T16:04:43.2863665Z Downloading tomli-2.0.2-py3-none-any.whl (13 kB)
2025-11-21T16:04:43.2917934Z Downloading typing_extensions-4.15.0-py3-none-any.whl (44 kB)
2025-11-21T16:04:43.2973545Z Downloading urllib3-2.5.0-py3-none-any.whl (129 kB)
2025-11-21T16:04:43.3033919Z Downloading wcmatch-8.5.2-py3-none-any.whl (39 kB)
2025-11-21T16:04:43.3091656Z Downloading wrapt-1.17.3-cp311-cp311-manylinux1_x86_64.manylinux_2_28_x86_64.manylinux_2_5_x86_64.whl (82 kB)
2025-11-21T16:04:43.3169646Z Downloading safety-3.7.0-py3-none-any.whl (312 kB)
2025-11-21T16:04:43.3237779Z Downloading safety_schemas-0.0.16-py3-none-any.whl (39 kB)
2025-11-21T16:04:43.3294837Z Downloading filelock-3.20.0-py3-none-any.whl (16 kB)
2025-11-21T16:04:43.3351330Z Downloading annotated_types-0.7.0-py3-none-any.whl (13 kB)
2025-11-21T16:04:43.3408971Z Downloading anyio-4.11.0-py3-none-any.whl (109 kB)
2025-11-21T16:04:43.3470125Z Downloading attrs-25.4.0-py3-none-any.whl (67 kB)
2025-11-21T16:04:43.3531658Z Downloading authlib-1.6.5-py2.py3-none-any.whl (243 kB)
2025-11-21T16:04:43.3594581Z Downloading bracex-2.6-py3-none-any.whl (11 kB)
2025-11-21T16:04:43.3652096Z Downloading certifi-2025.11.12-py3-none-any.whl (159 kB)
2025-11-21T16:04:43.3715263Z Downloading dparse-0.6.4-py3-none-any.whl (11 kB)
2025-11-21T16:04:43.3771992Z Downloading face-24.0.0-py3-none-any.whl (54 kB)
2025-11-21T16:04:43.3831209Z Downloading httpx-0.28.1-py3-none-any.whl (73 kB)
2025-11-21T16:04:43.3889759Z Downloading httpcore-1.0.9-py3-none-any.whl (78 kB)
2025-11-21T16:04:43.3948463Z Downloading h11-0.16.0-py3-none-any.whl (37 kB)
2025-11-21T16:04:43.4004500Z Downloading httpx_sse-0.4.3-py3-none-any.whl (9.0 kB)
2025-11-21T16:04:43.4058643Z Downloading jinja2-3.1.6-py3-none-any.whl (134 kB)
2025-11-21T16:04:43.4121654Z Downloading jsonschema_specifications-2025.9.1-py3-none-any.whl (18 kB)
2025-11-21T16:04:43.4180573Z Downloading markdown_it_py-4.0.0-py3-none-any.whl (87 kB)
2025-11-21T16:04:43.4245518Z Downloading mdurl-0.1.2-py3-none-any.whl (10.0 kB)
2025-11-21T16:04:43.4302182Z Downloading markupsafe-3.0.3-cp311-cp311-manylinux2014_x86_64.manylinux_2_17_x86_64.manylinux_2_28_x86_64.whl (22 kB)
2025-11-21T16:04:43.4359589Z Downloading marshmallow-4.1.0-py3-none-any.whl (48 kB)
2025-11-21T16:04:43.4418869Z Downloading nltk-3.9.2-py3-none-any.whl (1.5 MB)
2025-11-21T16:04:43.4523925Z    ━━━━━━━━━━━━━━━━━━━━━━━━━━━━━━━━━━━━━━━━ 1.5/1.5 MB 165.7 MB/s  0:00:00
2025-11-21T16:04:43.4560758Z Downloading packaging-25.0-py3-none-any.whl (66 kB)
2025-11-21T16:04:43.4620761Z Downloading pydantic_settings-2.12.0-py3-none-any.whl (51 kB)
2025-11-21T16:04:43.4677187Z Downloading python_dotenv-1.2.1-py3-none-any.whl (21 kB)
2025-11-21T16:04:43.4733150Z Downloading python_multipart-0.0.20-py3-none-any.whl (24 kB)
2025-11-21T16:04:43.4790440Z Downloading pyyaml-6.0.3-cp311-cp311-manylinux2014_x86_64.manylinux_2_17_x86_64.manylinux_2_28_x86_64.whl (806 kB)
2025-11-21T16:04:43.4854511Z    ━━━━━━━━━━━━━━━━━━━━━━━━━━━━━━━━━━━━━━━━ 806.6/806.6 kB 128.3 MB/s  0:00:00
2025-11-21T16:04:43.4891124Z Downloading referencing-0.37.0-py3-none-any.whl (26 kB)
2025-11-21T16:04:43.4950263Z Downloading regex-2025.11.3-cp311-cp311-manylinux2014_x86_64.manylinux_2_17_x86_64.manylinux_2_28_x86_64.whl (800 kB)
2025-11-21T16:04:43.5014582Z    ━━━━━━━━━━━━━━━━━━━━━━━━━━━━━━━━━━━━━━━━ 800.4/800.4 kB 125.0 MB/s  0:00:00
2025-11-21T16:04:43.5051898Z Downloading rpds_py-0.29.0-cp311-cp311-manylinux_2_17_x86_64.manylinux2014_x86_64.whl (392 kB)
2025-11-21T16:04:43.5124474Z Downloading ruamel.yaml-0.18.16-py3-none-any.whl (119 kB)
2025-11-21T16:04:43.5184970Z Downloading sniffio-1.3.1-py3-none-any.whl (10 kB)
2025-11-21T16:04:43.5236926Z Downloading sse_starlette-3.0.3-py3-none-any.whl (11 kB)
2025-11-21T16:04:43.5292155Z Downloading starlette-0.50.0-py3-none-any.whl (74 kB)
2025-11-21T16:04:43.5349087Z Downloading stevedore-5.6.0-py3-none-any.whl (54 kB)
2025-11-21T16:04:43.5408559Z Downloading tenacity-9.1.2-py3-none-any.whl (28 kB)
2025-11-21T16:04:43.5465782Z Downloading typer-0.20.0-py3-none-any.whl (47 kB)
2025-11-21T16:04:43.5519076Z Downloading shellingham-1.5.4-py2.py3-none-any.whl (9.8 kB)
2025-11-21T16:04:43.5572707Z Downloading typing_inspection-0.4.2-py3-none-any.whl (14 kB)
2025-11-21T16:04:43.5627547Z Downloading uvicorn-0.38.0-py3-none-any.whl (68 kB)
2025-11-21T16:04:43.5683752Z Downloading zipp-3.23.0-py3-none-any.whl (10 kB)
2025-11-21T16:04:43.5759273Z Downloading cryptography-46.0.3-cp311-abi3-manylinux_2_34_x86_64.whl (4.5 MB)
2025-11-21T16:04:43.5971680Z    ━━━━━━━━━━━━━━━━━━━━━━━━━━━━━━━━━━━━━━━━ 4.5/4.5 MB 222.7 MB/s  0:00:00
2025-11-21T16:04:43.6012939Z Downloading cffi-2.0.0-cp311-cp311-manylinux2014_x86_64.manylinux_2_17_x86_64.whl (215 kB)
2025-11-21T16:04:43.6075774Z Downloading joblib-1.5.2-py3-none-any.whl (308 kB)
2025-11-21T16:04:43.6145967Z Downloading pycparser-2.23-py3-none-any.whl (118 kB)
2025-11-21T16:04:43.6206986Z Downloading tomlkit-0.13.3-py3-none-any.whl (38 kB)
2025-11-21T16:04:43.6261293Z Downloading tqdm-4.67.1-py3-none-any.whl (78 kB)
2025-11-21T16:04:43.7289433Z Building wheels for collected packages: peewee
2025-11-21T16:04:43.7297959Z   Building wheel for peewee (pyproject.toml): started
2025-11-21T16:04:55.5050415Z   Building wheel for peewee (pyproject.toml): finished with status 'done'
2025-11-21T16:04:55.5063624Z   Created wheel for peewee: filename=peewee-3.18.3-cp311-cp311-linux_x86_64.whl size=1064056 sha256=71687d73d45b70a80220165e2ad69352313c08821db2fad39f372a10307b37bd
2025-11-21T16:04:55.5065235Z   Stored in directory: /home/runner/.cache/pip/wheels/05/dc/94/4ba26d23cac9aee7481d3dfcc7e99ce2cc5731230ec10f7ec1
2025-11-21T16:04:55.5084897Z Successfully built peewee
2025-11-21T16:04:55.6192733Z Installing collected packages: peewee, boltons, zipp, wrapt, urllib3, typing-extensions, tqdm, tomlkit, tomli, tenacity, stevedore, sniffio, shellingham, ruamel.yaml.clib, rpds-py, regex, PyYAML, python-multipart, python-dotenv, pygments, pycparser, protobuf, packaging, opentelemetry-util-http, mdurl, marshmallow, MarkupSafe, joblib, idna, httpx-sse, h11, filelock, face, exceptiongroup, colorama, click, charset_normalizer, certifi, bracex, attrs, annotated-types, wcmatch, uvicorn, typing-inspection, ruamel.yaml, requests, referencing, pydantic-core, opentelemetry-proto, nltk, markdown-it-py, jinja2, importlib-metadata, httpcore, googleapis-common-protos, glom, dparse, click-option-group, cffi, anyio, starlette, sse-starlette, rich, pydantic, opentelemetry-exporter-otlp-proto-common, opentelemetry-api, jsonschema-specifications, httpx, cryptography, typer, safety-schemas, pydantic-settings, opentelemetry-semantic-conventions, jsonschema, bandit, authlib, safety, opentelemetry-sdk, opentelemetry-instrumentation, mcp, opentelemetry-instrumentation-requests, opentelemetry-exporter-otlp-proto-http, semgrep
2025-11-21T16:05:01.8313995Z 
2025-11-21T16:05:01.8356106Z Successfully installed MarkupSafe-3.0.3 PyYAML-6.0.3 annotated-types-0.7.0 anyio-4.11.0 attrs-25.4.0 authlib-1.6.5 bandit-1.9.1 boltons-21.0.0 bracex-2.6 certifi-2025.11.12 cffi-2.0.0 charset_normalizer-3.4.4 click-8.1.8 click-option-group-0.5.9 colorama-0.4.6 cryptography-46.0.3 dparse-0.6.4 exceptiongroup-1.2.2 face-24.0.0 filelock-3.20.0 glom-22.1.0 googleapis-common-protos-1.72.0 h11-0.16.0 httpcore-1.0.9 httpx-0.28.1 httpx-sse-0.4.3 idna-3.11 importlib-metadata-8.7.0 jinja2-3.1.6 joblib-1.5.2 jsonschema-4.25.1 jsonschema-specifications-2025.9.1 markdown-it-py-4.0.0 marshmallow-4.1.0 mcp-1.16.0 mdurl-0.1.2 nltk-3.9.2 opentelemetry-api-1.37.0 opentelemetry-exporter-otlp-proto-common-1.37.0 opentelemetry-exporter-otlp-proto-http-1.37.0 opentelemetry-instrumentation-0.58b0 opentelemetry-instrumentation-requests-0.58b0 opentelemetry-proto-1.37.0 opentelemetry-sdk-1.37.0 opentelemetry-semantic-conventions-0.58b0 opentelemetry-util-http-0.58b0 packaging-25.0 peewee-3.18.3 protobuf-6.33.1 pycparser-2.23 pydantic-2.12.4 pydantic-core-2.41.5 pydantic-settings-2.12.0 pygments-2.19.2 python-dotenv-1.2.1 python-multipart-0.0.20 referencing-0.37.0 regex-2025.11.3 requests-2.32.5 rich-13.5.3 rpds-py-0.29.0 ruamel.yaml-0.18.16 ruamel.yaml.clib-0.2.14 safety-3.7.0 safety-schemas-0.0.16 semgrep-1.144.0 shellingham-1.5.4 sniffio-1.3.1 sse-starlette-3.0.3 starlette-0.50.0 stevedore-5.6.0 tenacity-9.1.2 tomli-2.0.2 tomlkit-0.13.3 tqdm-4.67.1 typer-0.20.0 typing-extensions-4.15.0 typing-inspection-0.4.2 urllib3-2.5.0 uvicorn-0.38.0 wcmatch-8.5.2 wrapt-1.17.3 zipp-3.23.0
2025-11-21T16:05:02.4989098Z ##[group]Run cd backend
2025-11-21T16:05:02.4989368Z [36;1mcd backend[0m
2025-11-21T16:05:02.4989630Z [36;1m# Utiliser la configuration .bandit pour exclusions[0m
2025-11-21T16:05:02.4990031Z [36;1m# Générer rapport JSON pour artefacts (ne bloque pas)[0m
2025-11-21T16:05:02.4990456Z [36;1mbandit -r . -c .bandit -f json -o ../artifacts/bandit.json || true[0m
2025-11-21T16:05:02.4990867Z [36;1m# Générer rapport HTML pour visualisation (ne bloque pas)[0m
2025-11-21T16:05:02.4991244Z [36;1mbandit -r . -c .bandit -f html -o ../artifacts/bandit.html || true[0m
2025-11-21T16:05:02.4991672Z [36;1m# Vérifier vulnérabilités high/critical (bloque si trouvées)[0m
2025-11-21T16:05:02.4992068Z [36;1m# Warning si vulnérabilité MEDIUM détectée, Fail si HIGH/CRITICAL[0m
2025-11-21T16:05:02.4992466Z [36;1mecho "🔍 Exécution de Bandit avec configuration .bandit..."[0m
2025-11-21T16:05:02.4992944Z [36;1mbandit -r . -c .bandit --severity-level high --confidence-level medium -v || {[0m
2025-11-21T16:05:02.4993409Z [36;1m  echo "❌ Vulnérabilités HIGH ou CRITICAL détectées par Bandit"[0m
2025-11-21T16:05:02.4993719Z [36;1m  exit 1[0m
2025-11-21T16:05:02.4993885Z [36;1m}[0m
2025-11-21T16:05:02.4994318Z [36;1mecho "✅ Aucune vulnérabilité HIGH ou CRITICAL détectée"[0m
2025-11-21T16:05:02.5026563Z shell: /usr/bin/bash -e {0}
2025-11-21T16:05:02.5026959Z env:
2025-11-21T16:05:02.5027195Z   pythonLocation: /opt/hostedtoolcache/Python/3.11.14/x64
2025-11-21T16:05:02.5027593Z   PKG_CONFIG_PATH: /opt/hostedtoolcache/Python/3.11.14/x64/lib/pkgconfig
2025-11-21T16:05:02.5027994Z   Python_ROOT_DIR: /opt/hostedtoolcache/Python/3.11.14/x64
2025-11-21T16:05:02.5028354Z   Python2_ROOT_DIR: /opt/hostedtoolcache/Python/3.11.14/x64
2025-11-21T16:05:02.5028693Z   Python3_ROOT_DIR: /opt/hostedtoolcache/Python/3.11.14/x64
2025-11-21T16:05:02.5029033Z   LD_LIBRARY_PATH: /opt/hostedtoolcache/Python/3.11.14/x64/lib
2025-11-21T16:05:02.5029318Z ##[endgroup]
2025-11-21T16:05:02.7126942Z [main]	INFO	Found project level .bandit file: ./.bandit
2025-11-21T16:05:02.7128670Z [utils]	WARNING	Unable to parse config file ./.bandit or missing [bandit] section
2025-11-21T16:05:02.7139828Z [main]	INFO	profile include tests: None
2025-11-21T16:05:02.7140348Z [main]	INFO	profile exclude tests: B101
2025-11-21T16:05:02.7140817Z [main]	INFO	cli include tests: None
2025-11-21T16:05:02.7141270Z [main]	INFO	cli exclude tests: None
2025-11-21T16:05:02.8581578Z [manager]	WARNING	Test in comment: Script is not a test name or id, ignoring
2025-11-21T16:05:02.8582638Z [manager]	WARNING	Test in comment: d is not a test name or id, ignoring
2025-11-21T16:05:02.8583580Z [manager]	WARNING	Test in comment: administration is not a test name or id, ignoring
2025-11-21T16:05:02.8584648Z [manager]	WARNING	Test in comment: n is not a test name or id, ignoring
2025-11-21T16:05:02.8585448Z [manager]	WARNING	Test in comment: cessitant is not a test name or id, ignoring
2025-11-21T16:05:02.8586321Z [manager]	WARNING	Test in comment: la is not a test name or id, ignoring
2025-11-21T16:05:02.8587155Z [manager]	WARNING	Test in comment: modification is not a test name or id, ignoring
2025-11-21T16:05:02.8587970Z [manager]	WARNING	Test in comment: de is not a test name or id, ignoring
2025-11-21T16:05:02.8589064Z [manager]	WARNING	Test in comment: variables is not a test name or id, ignoring
2025-11-21T16:05:02.8589766Z [manager]	WARNING	Test in comment: d is not a test name or id, ignoring
2025-11-21T16:05:02.8590451Z [manager]	WARNING	Test in comment: environnement is not a test name or id, ignoring
2025-11-21T16:05:02.8591239Z [manager]	WARNING	Test in comment: Script is not a test name or id, ignoring
2025-11-21T16:05:02.8591933Z [manager]	WARNING	Test in comment: d is not a test name or id, ignoring
2025-11-21T16:05:02.8592800Z [manager]	WARNING	Test in comment: administration is not a test name or id, ignoring
2025-11-21T16:05:02.8593650Z [manager]	WARNING	Test in comment: n is not a test name or id, ignoring
2025-11-21T16:05:02.8595122Z [manager]	WARNING	Test in comment: cessitant is not a test name or id, ignoring
2025-11-21T16:05:02.8595946Z [manager]	WARNING	Test in comment: la is not a test name or id, ignoring
2025-11-21T16:05:02.8596501Z [manager]	WARNING	Test in comment: suppression is not a test name or id, ignoring
2025-11-21T16:05:02.8597047Z [manager]	WARNING	Test in comment: de is not a test name or id, ignoring
2025-11-21T16:05:02.8597585Z [manager]	WARNING	Test in comment: variables is not a test name or id, ignoring
2025-11-21T16:05:02.8598120Z [manager]	WARNING	Test in comment: d is not a test name or id, ignoring
2025-11-21T16:05:02.8598581Z [manager]	WARNING	Test in comment: environnement is not a test name or id, ignoring
2025-11-21T16:05:05.9159560Z [manager]	WARNING	Test in comment: Mod is not a test name or id, ignoring
2025-11-21T16:05:05.9160466Z [manager]	WARNING	Test in comment: les is not a test name or id, ignoring
2025-11-21T16:05:05.9161322Z [manager]	WARNING	Test in comment: internes is not a test name or id, ignoring
2025-11-21T16:05:05.9162318Z [manager]	WARNING	Test in comment: uniquement is not a test name or id, ignoring
2025-11-21T16:05:05.9163217Z [manager]	WARNING	Test in comment: provenant is not a test name or id, ignoring
2025-11-21T16:05:05.9164305Z [manager]	WARNING	Test in comment: de is not a test name or id, ignoring
2025-11-21T16:05:05.9165636Z [manager]	WARNING	Test in comment: sources is not a test name or id, ignoring
2025-11-21T16:05:05.9166510Z [manager]	WARNING	Test in comment: de is not a test name or id, ignoring
2025-11-21T16:05:05.9167352Z [manager]	WARNING	Test in comment: confiance is not a test name or id, ignoring
2025-11-21T16:05:05.9168202Z [manager]	WARNING	Test in comment: Mod is not a test name or id, ignoring
2025-11-21T16:05:05.9169014Z [manager]	WARNING	Test in comment: les is not a test name or id, ignoring
2025-11-21T16:05:05.9169833Z [manager]	WARNING	Test in comment: internes is not a test name or id, ignoring
2025-11-21T16:05:05.9170721Z [manager]	WARNING	Test in comment: uniquement is not a test name or id, ignoring
2025-11-21T16:05:05.9171609Z [manager]	WARNING	Test in comment: provenant is not a test name or id, ignoring
2025-11-21T16:05:05.9172451Z [manager]	WARNING	Test in comment: de is not a test name or id, ignoring
2025-11-21T16:05:05.9173279Z [manager]	WARNING	Test in comment: sources is not a test name or id, ignoring
2025-11-21T16:05:05.9174315Z [manager]	WARNING	Test in comment: de is not a test name or id, ignoring
2025-11-21T16:05:05.9175148Z [manager]	WARNING	Test in comment: confiance is not a test name or id, ignoring
2025-11-21T16:05:06.5700193Z [manager]	WARNING	Test in comment: Les is not a test name or id, ignoring
2025-11-21T16:05:06.5701080Z [manager]	WARNING	Test in comment: checkpoints is not a test name or id, ignoring
2025-11-21T16:05:06.5702030Z [manager]	WARNING	Test in comment: contiennent is not a test name or id, ignoring
2025-11-21T16:05:06.5702968Z [manager]	WARNING	Test in comment: optimizer is not a test name or id, ignoring
2025-11-21T16:05:06.5703874Z [manager]	WARNING	Test in comment: state is not a test name or id, ignoring
2025-11-21T16:05:06.5704912Z [manager]	WARNING	Test in comment: et is not a test name or id, ignoring
2025-11-21T16:05:06.5705758Z [manager]	WARNING	Test in comment: config is not a test name or id, ignoring
2025-11-21T16:05:06.5706588Z [manager]	WARNING	Test in comment: pas is not a test name or id, ignoring
2025-11-21T16:05:06.5707438Z [manager]	WARNING	Test in comment: seulement is not a test name or id, ignoring
2025-11-21T16:05:06.5708277Z [manager]	WARNING	Test in comment: des is not a test name or id, ignoring
2025-11-21T16:05:06.5709075Z [manager]	WARNING	Test in comment: poids is not a test name or id, ignoring
2025-11-21T16:05:07.7325122Z [manager]	WARNING	Test in comment: Mod is not a test name or id, ignoring
2025-11-21T16:05:07.7325984Z [manager]	WARNING	Test in comment: les is not a test name or id, ignoring
2025-11-21T16:05:07.7326753Z [manager]	WARNING	Test in comment: internes is not a test name or id, ignoring
2025-11-21T16:05:07.7328038Z [manager]	WARNING	Test in comment: uniquement is not a test name or id, ignoring
2025-11-21T16:05:07.7328868Z [manager]	WARNING	Test in comment: provenant is not a test name or id, ignoring
2025-11-21T16:05:07.7329673Z [manager]	WARNING	Test in comment: de is not a test name or id, ignoring
2025-11-21T16:05:07.7330467Z [manager]	WARNING	Test in comment: sources is not a test name or id, ignoring
2025-11-21T16:05:07.7331252Z [manager]	WARNING	Test in comment: de is not a test name or id, ignoring
2025-11-21T16:05:07.7332037Z [manager]	WARNING	Test in comment: confiance is not a test name or id, ignoring
2025-11-21T16:05:07.7332849Z [manager]	WARNING	Test in comment: Mod is not a test name or id, ignoring
2025-11-21T16:05:07.7333595Z [manager]	WARNING	Test in comment: les is not a test name or id, ignoring
2025-11-21T16:05:07.7334534Z [manager]	WARNING	Test in comment: internes is not a test name or id, ignoring
2025-11-21T16:05:07.7335379Z [manager]	WARNING	Test in comment: uniquement is not a test name or id, ignoring
2025-11-21T16:05:07.7336180Z [manager]	WARNING	Test in comment: provenant is not a test name or id, ignoring
2025-11-21T16:05:07.7336933Z [manager]	WARNING	Test in comment: de is not a test name or id, ignoring
2025-11-21T16:05:07.7337683Z [manager]	WARNING	Test in comment: sources is not a test name or id, ignoring
2025-11-21T16:05:07.7338699Z [manager]	WARNING	Test in comment: de is not a test name or id, ignoring
2025-11-21T16:05:07.7339464Z [manager]	WARNING	Test in comment: confiance is not a test name or id, ignoring
2025-11-21T16:05:08.0215408Z [manager]	WARNING	Test in comment: Les is not a test name or id, ignoring
2025-11-21T16:05:08.0216316Z [manager]	WARNING	Test in comment: checkpoints is not a test name or id, ignoring
2025-11-21T16:05:08.0217181Z [manager]	WARNING	Test in comment: contiennent is not a test name or id, ignoring
2025-11-21T16:05:08.0218008Z [manager]	WARNING	Test in comment: optimizer is not a test name or id, ignoring
2025-11-21T16:05:08.0218866Z [manager]	WARNING	Test in comment: state is not a test name or id, ignoring
2025-11-21T16:05:08.0219626Z [manager]	WARNING	Test in comment: et is not a test name or id, ignoring
2025-11-21T16:05:08.0220404Z [manager]	WARNING	Test in comment: config is not a test name or id, ignoring
2025-11-21T16:05:08.0221170Z [manager]	WARNING	Test in comment: pas is not a test name or id, ignoring
2025-11-21T16:05:08.0221971Z [manager]	WARNING	Test in comment: seulement is not a test name or id, ignoring
2025-11-21T16:05:08.0222734Z [manager]	WARNING	Test in comment: des is not a test name or id, ignoring
2025-11-21T16:05:08.0223489Z [manager]	WARNING	Test in comment: poids is not a test name or id, ignoring
2025-11-21T16:05:08.7868534Z Working... ━━━━━━━━━━━━━━━━━━━━━━━━━━━━━━━━━━━━━━━━ 100% 0:00:06
2025-11-21T16:05:08.7991667Z [json]	INFO	JSON output written to file: ../artifacts/bandit.json
2025-11-21T16:05:08.9793186Z [main]	INFO	Found project level .bandit file: ./.bandit
2025-11-21T16:05:08.9794676Z [utils]	WARNING	Unable to parse config file ./.bandit or missing [bandit] section
2025-11-21T16:05:08.9805508Z [main]	INFO	profile include tests: None
2025-11-21T16:05:08.9805999Z [main]	INFO	profile exclude tests: B101
2025-11-21T16:05:08.9806667Z [main]	INFO	cli include tests: None
2025-11-21T16:05:08.9807078Z [main]	INFO	cli exclude tests: None
2025-11-21T16:05:08.9809356Z [main]	INFO	using config: .bandit
2025-11-21T16:05:08.9809803Z [main]	INFO	running on Python 3.11.14
2025-11-21T16:05:09.1196612Z [manager]	WARNING	Test in comment: Script is not a test name or id, ignoring
2025-11-21T16:05:09.1197458Z [manager]	WARNING	Test in comment: d is not a test name or id, ignoring
2025-11-21T16:05:09.1198288Z [manager]	WARNING	Test in comment: administration is not a test name or id, ignoring
2025-11-21T16:05:09.1199090Z [manager]	WARNING	Test in comment: n is not a test name or id, ignoring
2025-11-21T16:05:09.1199873Z [manager]	WARNING	Test in comment: cessitant is not a test name or id, ignoring
2025-11-21T16:05:09.1201082Z [manager]	WARNING	Test in comment: la is not a test name or id, ignoring
2025-11-21T16:05:09.1201905Z [manager]	WARNING	Test in comment: modification is not a test name or id, ignoring
2025-11-21T16:05:09.1202705Z [manager]	WARNING	Test in comment: de is not a test name or id, ignoring
2025-11-21T16:05:09.1203490Z [manager]	WARNING	Test in comment: variables is not a test name or id, ignoring
2025-11-21T16:05:09.1205231Z [manager]	WARNING	Test in comment: d is not a test name or id, ignoring
2025-11-21T16:05:09.1206052Z [manager]	WARNING	Test in comment: environnement is not a test name or id, ignoring
2025-11-21T16:05:09.1206870Z [manager]	WARNING	Test in comment: Script is not a test name or id, ignoring
2025-11-21T16:05:09.1207634Z [manager]	WARNING	Test in comment: d is not a test name or id, ignoring
2025-11-21T16:05:09.1208440Z [manager]	WARNING	Test in comment: administration is not a test name or id, ignoring
2025-11-21T16:05:09.1209251Z [manager]	WARNING	Test in comment: n is not a test name or id, ignoring
2025-11-21T16:05:09.1210030Z [manager]	WARNING	Test in comment: cessitant is not a test name or id, ignoring
2025-11-21T16:05:09.1210792Z [manager]	WARNING	Test in comment: la is not a test name or id, ignoring
2025-11-21T16:05:09.1211598Z [manager]	WARNING	Test in comment: suppression is not a test name or id, ignoring
2025-11-21T16:05:09.1212663Z [manager]	WARNING	Test in comment: de is not a test name or id, ignoring
2025-11-21T16:05:09.1213437Z [manager]	WARNING	Test in comment: variables is not a test name or id, ignoring
2025-11-21T16:05:09.1214386Z [manager]	WARNING	Test in comment: d is not a test name or id, ignoring
2025-11-21T16:05:09.1215175Z [manager]	WARNING	Test in comment: environnement is not a test name or id, ignoring
2025-11-21T16:05:12.0849251Z [manager]	WARNING	Test in comment: Mod is not a test name or id, ignoring
2025-11-21T16:05:12.0850101Z [manager]	WARNING	Test in comment: les is not a test name or id, ignoring
2025-11-21T16:05:12.0850926Z [manager]	WARNING	Test in comment: internes is not a test name or id, ignoring
2025-11-21T16:05:12.0851740Z [manager]	WARNING	Test in comment: uniquement is not a test name or id, ignoring
2025-11-21T16:05:12.0852560Z [manager]	WARNING	Test in comment: provenant is not a test name or id, ignoring
2025-11-21T16:05:12.0853359Z [manager]	WARNING	Test in comment: de is not a test name or id, ignoring
2025-11-21T16:05:12.0854439Z [manager]	WARNING	Test in comment: sources is not a test name or id, ignoring
2025-11-21T16:05:12.0855295Z [manager]	WARNING	Test in comment: de is not a test name or id, ignoring
2025-11-21T16:05:12.0856099Z [manager]	WARNING	Test in comment: confiance is not a test name or id, ignoring
2025-11-21T16:05:12.0856895Z [manager]	WARNING	Test in comment: Mod is not a test name or id, ignoring
2025-11-21T16:05:12.0857631Z [manager]	WARNING	Test in comment: les is not a test name or id, ignoring
2025-11-21T16:05:12.0858388Z [manager]	WARNING	Test in comment: internes is not a test name or id, ignoring
2025-11-21T16:05:12.0861476Z [manager]	WARNING	Test in comment: uniquement is not a test name or id, ignoring
2025-11-21T16:05:12.0862439Z [manager]	WARNING	Test in comment: provenant is not a test name or id, ignoring
2025-11-21T16:05:12.0863326Z [manager]	WARNING	Test in comment: de is not a test name or id, ignoring
2025-11-21T16:05:12.0864345Z [manager]	WARNING	Test in comment: sources is not a test name or id, ignoring
2025-11-21T16:05:12.0865100Z [manager]	WARNING	Test in comment: de is not a test name or id, ignoring
2025-11-21T16:05:12.0865649Z [manager]	WARNING	Test in comment: confiance is not a test name or id, ignoring
2025-11-21T16:05:12.7168885Z [manager]	WARNING	Test in comment: Les is not a test name or id, ignoring
2025-11-21T16:05:12.7170061Z [manager]	WARNING	Test in comment: checkpoints is not a test name or id, ignoring
2025-11-21T16:05:12.7171131Z [manager]	WARNING	Test in comment: contiennent is not a test name or id, ignoring
2025-11-21T16:05:12.7172301Z [manager]	WARNING	Test in comment: optimizer is not a test name or id, ignoring
2025-11-21T16:05:12.7172961Z [manager]	WARNING	Test in comment: state is not a test name or id, ignoring
2025-11-21T16:05:12.7173620Z [manager]	WARNING	Test in comment: et is not a test name or id, ignoring
2025-11-21T16:05:12.7174442Z [manager]	WARNING	Test in comment: config is not a test name or id, ignoring
2025-11-21T16:05:12.7175018Z [manager]	WARNING	Test in comment: pas is not a test name or id, ignoring
2025-11-21T16:05:12.7175587Z [manager]	WARNING	Test in comment: seulement is not a test name or id, ignoring
2025-11-21T16:05:12.7176148Z [manager]	WARNING	Test in comment: des is not a test name or id, ignoring
2025-11-21T16:05:12.7176693Z [manager]	WARNING	Test in comment: poids is not a test name or id, ignoring
2025-11-21T16:05:13.8301742Z [manager]	WARNING	Test in comment: Mod is not a test name or id, ignoring
2025-11-21T16:05:13.8302763Z [manager]	WARNING	Test in comment: les is not a test name or id, ignoring
2025-11-21T16:05:13.8303774Z [manager]	WARNING	Test in comment: internes is not a test name or id, ignoring
2025-11-21T16:05:13.8304952Z [manager]	WARNING	Test in comment: uniquement is not a test name or id, ignoring
2025-11-21T16:05:13.8305794Z [manager]	WARNING	Test in comment: provenant is not a test name or id, ignoring
2025-11-21T16:05:13.8306603Z [manager]	WARNING	Test in comment: de is not a test name or id, ignoring
2025-11-21T16:05:13.8307882Z [manager]	WARNING	Test in comment: sources is not a test name or id, ignoring
2025-11-21T16:05:13.8308474Z [manager]	WARNING	Test in comment: de is not a test name or id, ignoring
2025-11-21T16:05:13.8309000Z [manager]	WARNING	Test in comment: confiance is not a test name or id, ignoring
2025-11-21T16:05:13.8309520Z [manager]	WARNING	Test in comment: Mod is not a test name or id, ignoring
2025-11-21T16:05:13.8310019Z [manager]	WARNING	Test in comment: les is not a test name or id, ignoring
2025-11-21T16:05:13.8310525Z [manager]	WARNING	Test in comment: internes is not a test name or id, ignoring
2025-11-21T16:05:13.8311057Z [manager]	WARNING	Test in comment: uniquement is not a test name or id, ignoring
2025-11-21T16:05:13.8311594Z [manager]	WARNING	Test in comment: provenant is not a test name or id, ignoring
2025-11-21T16:05:13.8312107Z [manager]	WARNING	Test in comment: de is not a test name or id, ignoring
2025-11-21T16:05:13.8312597Z [manager]	WARNING	Test in comment: sources is not a test name or id, ignoring
2025-11-21T16:05:13.8313099Z [manager]	WARNING	Test in comment: de is not a test name or id, ignoring
2025-11-21T16:05:13.8313594Z [manager]	WARNING	Test in comment: confiance is not a test name or id, ignoring
2025-11-21T16:05:14.1133692Z [manager]	WARNING	Test in comment: Les is not a test name or id, ignoring
2025-11-21T16:05:14.1134838Z [manager]	WARNING	Test in comment: checkpoints is not a test name or id, ignoring
2025-11-21T16:05:14.1135710Z [manager]	WARNING	Test in comment: contiennent is not a test name or id, ignoring
2025-11-21T16:05:14.1136969Z [manager]	WARNING	Test in comment: optimizer is not a test name or id, ignoring
2025-11-21T16:05:14.1137814Z [manager]	WARNING	Test in comment: state is not a test name or id, ignoring
2025-11-21T16:05:14.1138589Z [manager]	WARNING	Test in comment: et is not a test name or id, ignoring
2025-11-21T16:05:14.1139569Z [manager]	WARNING	Test in comment: config is not a test name or id, ignoring
2025-11-21T16:05:14.1140363Z [manager]	WARNING	Test in comment: pas is not a test name or id, ignoring
2025-11-21T16:05:14.1141145Z [manager]	WARNING	Test in comment: seulement is not a test name or id, ignoring
2025-11-21T16:05:14.1141919Z [manager]	WARNING	Test in comment: des is not a test name or id, ignoring
2025-11-21T16:05:14.1142662Z [manager]	WARNING	Test in comment: poids is not a test name or id, ignoring
2025-11-21T16:05:14.8570238Z Working... ━━━━━━━━━━━━━━━━━━━━━━━━━━━━━━━━━━━━━━━━ 100% 0:00:05
2025-11-21T16:05:14.8653169Z [html]	INFO	HTML output written to file: ../artifacts/bandit.html
2025-11-21T16:05:14.9075608Z 🔍 Exécution de Bandit avec configuration .bandit...
2025-11-21T16:05:15.0432368Z [main]	INFO	Found project level .bandit file: ./.bandit
2025-11-21T16:05:15.0433828Z [utils]	WARNING	Unable to parse config file ./.bandit or missing [bandit] section
2025-11-21T16:05:15.0443845Z [main]	INFO	profile include tests: None
2025-11-21T16:05:15.0444503Z [main]	INFO	profile exclude tests: B101
2025-11-21T16:05:15.0445181Z [main]	INFO	cli include tests: None
2025-11-21T16:05:15.0445671Z [main]	INFO	cli exclude tests: None
2025-11-21T16:05:15.0448155Z [main]	INFO	using config: .bandit
2025-11-21T16:05:15.0448763Z [main]	INFO	running on Python 3.11.14
2025-11-21T16:05:15.1832109Z [manager]	WARNING	Test in comment: Script is not a test name or id, ignoring
2025-11-21T16:05:15.1832970Z [manager]	WARNING	Test in comment: d is not a test name or id, ignoring
2025-11-21T16:05:15.1833803Z [manager]	WARNING	Test in comment: administration is not a test name or id, ignoring
2025-11-21T16:05:15.1834963Z [manager]	WARNING	Test in comment: n is not a test name or id, ignoring
2025-11-21T16:05:15.1835811Z [manager]	WARNING	Test in comment: cessitant is not a test name or id, ignoring
2025-11-21T16:05:15.1836598Z [manager]	WARNING	Test in comment: la is not a test name or id, ignoring
2025-11-21T16:05:15.1837398Z [manager]	WARNING	Test in comment: modification is not a test name or id, ignoring
2025-11-21T16:05:15.1838661Z [manager]	WARNING	Test in comment: de is not a test name or id, ignoring
2025-11-21T16:05:15.1839471Z [manager]	WARNING	Test in comment: variables is not a test name or id, ignoring
2025-11-21T16:05:15.1840279Z [manager]	WARNING	Test in comment: d is not a test name or id, ignoring
2025-11-21T16:05:15.1841114Z [manager]	WARNING	Test in comment: environnement is not a test name or id, ignoring
2025-11-21T16:05:15.1841949Z [manager]	WARNING	Test in comment: Script is not a test name or id, ignoring
2025-11-21T16:05:15.1842724Z [manager]	WARNING	Test in comment: d is not a test name or id, ignoring
2025-11-21T16:05:15.1843526Z [manager]	WARNING	Test in comment: administration is not a test name or id, ignoring
2025-11-21T16:05:15.1844533Z [manager]	WARNING	Test in comment: n is not a test name or id, ignoring
2025-11-21T16:05:15.1845307Z [manager]	WARNING	Test in comment: cessitant is not a test name or id, ignoring
2025-11-21T16:05:15.1846084Z [manager]	WARNING	Test in comment: la is not a test name or id, ignoring
2025-11-21T16:05:15.1846885Z [manager]	WARNING	Test in comment: suppression is not a test name or id, ignoring
2025-11-21T16:05:15.1847670Z [manager]	WARNING	Test in comment: de is not a test name or id, ignoring
2025-11-21T16:05:15.1848441Z [manager]	WARNING	Test in comment: variables is not a test name or id, ignoring
2025-11-21T16:05:15.1849207Z [manager]	WARNING	Test in comment: d is not a test name or id, ignoring
2025-11-21T16:05:15.1849987Z [manager]	WARNING	Test in comment: environnement is not a test name or id, ignoring
2025-11-21T16:05:18.1492685Z [manager]	WARNING	Test in comment: Mod is not a test name or id, ignoring
2025-11-21T16:05:18.1493353Z [manager]	WARNING	Test in comment: les is not a test name or id, ignoring
2025-11-21T16:05:18.1495561Z [manager]	WARNING	Test in comment: internes is not a test name or id, ignoring
2025-11-21T16:05:18.1496410Z [manager]	WARNING	Test in comment: uniquement is not a test name or id, ignoring
2025-11-21T16:05:18.1497257Z [manager]	WARNING	Test in comment: provenant is not a test name or id, ignoring
2025-11-21T16:05:18.1498059Z [manager]	WARNING	Test in comment: de is not a test name or id, ignoring
2025-11-21T16:05:18.1498824Z [manager]	WARNING	Test in comment: sources is not a test name or id, ignoring
2025-11-21T16:05:18.1499601Z [manager]	WARNING	Test in comment: de is not a test name or id, ignoring
2025-11-21T16:05:18.1500364Z [manager]	WARNING	Test in comment: confiance is not a test name or id, ignoring
2025-11-21T16:05:18.1501171Z [manager]	WARNING	Test in comment: Mod is not a test name or id, ignoring
2025-11-21T16:05:18.1502357Z [manager]	WARNING	Test in comment: les is not a test name or id, ignoring
2025-11-21T16:05:18.1503200Z [manager]	WARNING	Test in comment: internes is not a test name or id, ignoring
2025-11-21T16:05:18.1504011Z [manager]	WARNING	Test in comment: uniquement is not a test name or id, ignoring
2025-11-21T16:05:18.1505020Z [manager]	WARNING	Test in comment: provenant is not a test name or id, ignoring
2025-11-21T16:05:18.1505825Z [manager]	WARNING	Test in comment: de is not a test name or id, ignoring
2025-11-21T16:05:18.1506593Z [manager]	WARNING	Test in comment: sources is not a test name or id, ignoring
2025-11-21T16:05:18.1507359Z [manager]	WARNING	Test in comment: de is not a test name or id, ignoring
2025-11-21T16:05:18.1508137Z [manager]	WARNING	Test in comment: confiance is not a test name or id, ignoring
2025-11-21T16:05:18.7810339Z [manager]	WARNING	Test in comment: Les is not a test name or id, ignoring
2025-11-21T16:05:18.7811262Z [manager]	WARNING	Test in comment: checkpoints is not a test name or id, ignoring
2025-11-21T16:05:18.7812148Z [manager]	WARNING	Test in comment: contiennent is not a test name or id, ignoring
2025-11-21T16:05:18.7813046Z [manager]	WARNING	Test in comment: optimizer is not a test name or id, ignoring
2025-11-21T16:05:18.7813832Z [manager]	WARNING	Test in comment: state is not a test name or id, ignoring
2025-11-21T16:05:18.7814831Z [manager]	WARNING	Test in comment: et is not a test name or id, ignoring
2025-11-21T16:05:18.7816109Z [manager]	WARNING	Test in comment: config is not a test name or id, ignoring
2025-11-21T16:05:18.7816865Z [manager]	WARNING	Test in comment: pas is not a test name or id, ignoring
2025-11-21T16:05:18.7817613Z [manager]	WARNING	Test in comment: seulement is not a test name or id, ignoring
2025-11-21T16:05:18.7818368Z [manager]	WARNING	Test in comment: des is not a test name or id, ignoring
2025-11-21T16:05:18.7819099Z [manager]	WARNING	Test in comment: poids is not a test name or id, ignoring
2025-11-21T16:05:19.9039588Z [manager]	WARNING	Test in comment: Mod is not a test name or id, ignoring
2025-11-21T16:05:19.9040457Z [manager]	WARNING	Test in comment: les is not a test name or id, ignoring
2025-11-21T16:05:19.9041260Z [manager]	WARNING	Test in comment: internes is not a test name or id, ignoring
2025-11-21T16:05:19.9042125Z [manager]	WARNING	Test in comment: uniquement is not a test name or id, ignoring
2025-11-21T16:05:19.9042978Z [manager]	WARNING	Test in comment: provenant is not a test name or id, ignoring
2025-11-21T16:05:19.9043805Z [manager]	WARNING	Test in comment: de is not a test name or id, ignoring
2025-11-21T16:05:19.9044807Z [manager]	WARNING	Test in comment: sources is not a test name or id, ignoring
2025-11-21T16:05:19.9045593Z [manager]	WARNING	Test in comment: de is not a test name or id, ignoring
2025-11-21T16:05:19.9046369Z [manager]	WARNING	Test in comment: confiance is not a test name or id, ignoring
2025-11-21T16:05:19.9047165Z [manager]	WARNING	Test in comment: Mod is not a test name or id, ignoring
2025-11-21T16:05:19.9047963Z [manager]	WARNING	Test in comment: les is not a test name or id, ignoring
2025-11-21T16:05:19.9048720Z [manager]	WARNING	Test in comment: internes is not a test name or id, ignoring
2025-11-21T16:05:19.9049516Z [manager]	WARNING	Test in comment: uniquement is not a test name or id, ignoring
2025-11-21T16:05:19.9050320Z [manager]	WARNING	Test in comment: provenant is not a test name or id, ignoring
2025-11-21T16:05:19.9051101Z [manager]	WARNING	Test in comment: de is not a test name or id, ignoring
2025-11-21T16:05:19.9051850Z [manager]	WARNING	Test in comment: sources is not a test name or id, ignoring
2025-11-21T16:05:19.9052600Z [manager]	WARNING	Test in comment: de is not a test name or id, ignoring
2025-11-21T16:05:19.9053373Z [manager]	WARNING	Test in comment: confiance is not a test name or id, ignoring
2025-11-21T16:05:20.1840137Z [manager]	WARNING	Test in comment: Les is not a test name or id, ignoring
2025-11-21T16:05:20.1841068Z [manager]	WARNING	Test in comment: checkpoints is not a test name or id, ignoring
2025-11-21T16:05:20.1842343Z [manager]	WARNING	Test in comment: contiennent is not a test name or id, ignoring
2025-11-21T16:05:20.1843192Z [manager]	WARNING	Test in comment: optimizer is not a test name or id, ignoring
2025-11-21T16:05:20.1843993Z [manager]	WARNING	Test in comment: state is not a test name or id, ignoring
2025-11-21T16:05:20.1845001Z [manager]	WARNING	Test in comment: et is not a test name or id, ignoring
2025-11-21T16:05:20.1845777Z [manager]	WARNING	Test in comment: config is not a test name or id, ignoring
2025-11-21T16:05:20.1846550Z [manager]	WARNING	Test in comment: pas is not a test name or id, ignoring
2025-11-21T16:05:20.1847319Z [manager]	WARNING	Test in comment: seulement is not a test name or id, ignoring
2025-11-21T16:05:20.1848090Z [manager]	WARNING	Test in comment: des is not a test name or id, ignoring
2025-11-21T16:05:20.1848838Z [manager]	WARNING	Test in comment: poids is not a test name or id, ignoring
2025-11-21T16:05:20.9295135Z Working... ━━━━━━━━━━━━━━━━━━━━━━━━━━━━━━━━━━━━━━━━ 100% 0:00:05
2025-11-21T16:05:20.9305095Z Run started:2025-11-21 16:05:20.930108+00:00
2025-11-21T16:05:20.9305513Z Files in scope (229):
2025-11-21T16:05:20.9305898Z 	./app.py (score: {SEVERITY: 8, CONFIDENCE: 15})
2025-11-21T16:05:20.9306426Z 	./celery_app.py (score: {SEVERITY: 3, CONFIDENCE: 10})
2025-11-21T16:05:20.9306971Z 	./chaos/__init__.py (score: {SEVERITY: 0, CONFIDENCE: 0})
2025-11-21T16:05:20.9307828Z 	./chaos/injectors.py (score: {SEVERITY: 6, CONFIDENCE: 20})
2025-11-21T16:05:20.9308188Z 	./chaos/metrics.py (score: {SEVERITY: 0, CONFIDENCE: 0})
2025-11-21T16:05:20.9308821Z 	./chaos/traffic_control.py (score: {SEVERITY: 18, CONFIDENCE: 60})
2025-11-21T16:05:20.9309484Z 	./chatops/__init__.py (score: {SEVERITY: 0, CONFIDENCE: 0})
2025-11-21T16:05:20.9310106Z 	./chatops/killswitch.py (score: {SEVERITY: 5, CONFIDENCE: 5})
2025-11-21T16:05:20.9310703Z 	./config.py (score: {SEVERITY: 12, CONFIDENCE: 25})
2025-11-21T16:05:20.9311212Z 	./db.py (score: {SEVERITY: 0, CONFIDENCE: 0})
2025-11-21T16:05:20.9311681Z 	./ext.py (score: {SEVERITY: 0, CONFIDENCE: 0})
2025-11-21T16:05:20.9312201Z 	./feature_flags.py (score: {SEVERITY: 0, CONFIDENCE: 0})
2025-11-21T16:05:20.9312979Z 	./manage.py (score: {SEVERITY: 0, CONFIDENCE: 0})
2025-11-21T16:05:20.9338784Z 	./middleware/__init__.py (score: {SEVERITY: 0, CONFIDENCE: 0})
2025-11-21T16:05:20.9339483Z 	./middleware/metrics.py (score: {SEVERITY: 3, CONFIDENCE: 10})
2025-11-21T16:05:20.9340124Z 	./models/__init__.py (score: {SEVERITY: 0, CONFIDENCE: 0})
2025-11-21T16:05:20.9340717Z 	./models/ab_test_result.py (score: {SEVERITY: 0, CONFIDENCE: 0})
2025-11-21T16:05:20.9341411Z 	./models/autonomous_action.py (score: {SEVERITY: 0, CONFIDENCE: 0})
2025-11-21T16:05:20.9342018Z 	./models/base.py (score: {SEVERITY: 0, CONFIDENCE: 0})
2025-11-21T16:05:20.9342570Z 	./models/booking.py (score: {SEVERITY: 0, CONFIDENCE: 0})
2025-11-21T16:05:20.9343128Z 	./models/client.py (score: {SEVERITY: 0, CONFIDENCE: 0})
2025-11-21T16:05:20.9343552Z 	./models/company.py (score: {SEVERITY: 0, CONFIDENCE: 0})
2025-11-21T16:05:20.9343931Z 	./models/dispatch.py (score: {SEVERITY: 3, CONFIDENCE: 10})
2025-11-21T16:05:20.9344585Z 	./models/driver.py (score: {SEVERITY: 0, CONFIDENCE: 0})
2025-11-21T16:05:20.9344932Z 	./models/enums.py (score: {SEVERITY: 0, CONFIDENCE: 0})
2025-11-21T16:05:20.9345276Z 	./models/invoice.py (score: {SEVERITY: 0, CONFIDENCE: 0})
2025-11-21T16:05:20.9345617Z 	./models/medical.py (score: {SEVERITY: 0, CONFIDENCE: 0})
2025-11-21T16:05:20.9345939Z 	./models/message.py (score: {SEVERITY: 0, CONFIDENCE: 0})
2025-11-21T16:05:20.9346276Z 	./models/ml_prediction.py (score: {SEVERITY: 0, CONFIDENCE: 0})
2025-11-21T16:05:20.9346644Z 	./models/payment.py (score: {SEVERITY: 0, CONFIDENCE: 0})
2025-11-21T16:05:20.9347002Z 	./models/profiling_metrics.py (score: {SEVERITY: 0, CONFIDENCE: 0})
2025-11-21T16:05:20.9347389Z 	./models/rl_feedback.py (score: {SEVERITY: 0, CONFIDENCE: 0})
2025-11-21T16:05:20.9347748Z 	./models/rl_suggestion.py (score: {SEVERITY: 0, CONFIDENCE: 0})
2025-11-21T16:05:20.9348450Z 	./models/rl_suggestion_metric.py (score: {SEVERITY: 0, CONFIDENCE: 0})
2025-11-21T16:05:20.9348993Z 	./models/secret_rotation.py (score: {SEVERITY: 0, CONFIDENCE: 0})
2025-11-21T16:05:20.9349364Z 	./models/task_failure.py (score: {SEVERITY: 0, CONFIDENCE: 0})
2025-11-21T16:05:20.9349712Z 	./models/user.py (score: {SEVERITY: 0, CONFIDENCE: 0})
2025-11-21T16:05:20.9350043Z 	./models/vehicle.py (score: {SEVERITY: 0, CONFIDENCE: 0})
2025-11-21T16:05:20.9350377Z 	./routes/admin.py (score: {SEVERITY: 3, CONFIDENCE: 10})
2025-11-21T16:05:20.9350716Z 	./routes/analytics.py (score: {SEVERITY: 0, CONFIDENCE: 0})
2025-11-21T16:05:20.9351040Z 	./routes/auth.py (score: {SEVERITY: 3, CONFIDENCE: 10})
2025-11-21T16:05:20.9351368Z 	./routes/bookings.py (score: {SEVERITY: 3, CONFIDENCE: 10})
2025-11-21T16:05:20.9351698Z 	./routes/clients.py (score: {SEVERITY: 0, CONFIDENCE: 0})
2025-11-21T16:05:20.9352038Z 	./routes/companies.py (score: {SEVERITY: 9, CONFIDENCE: 30})
2025-11-21T16:05:20.9352414Z 	./routes/company_mobile_auth.py (score: {SEVERITY: 0, CONFIDENCE: 0})
2025-11-21T16:05:20.9352836Z 	./routes/company_mobile_dispatch.py (score: {SEVERITY: 3, CONFIDENCE: 10})
2025-11-21T16:05:20.9353259Z 	./routes/company_settings.py (score: {SEVERITY: 0, CONFIDENCE: 0})
2025-11-21T16:05:20.9353637Z 	./routes/dispatch_health.py (score: {SEVERITY: 0, CONFIDENCE: 0})
2025-11-21T16:05:20.9354012Z 	./routes/dispatch_routes.py (score: {SEVERITY: 0, CONFIDENCE: 0})
2025-11-21T16:05:20.9354703Z 	./routes/driver.py (score: {SEVERITY: 15, CONFIDENCE: 50})
2025-11-21T16:05:20.9355096Z 	./routes/feature_flags_routes.py (score: {SEVERITY: 0, CONFIDENCE: 0})
2025-11-21T16:05:20.9355473Z 	./routes/geocode.py (score: {SEVERITY: 3, CONFIDENCE: 10})
2025-11-21T16:05:20.9355839Z 	./routes/healthcheck.py (score: {SEVERITY: 0, CONFIDENCE: 0})
2025-11-21T16:05:20.9356192Z 	./routes/invoices.py (score: {SEVERITY: 0, CONFIDENCE: 0})
2025-11-21T16:05:20.9356517Z 	./routes/medical.py (score: {SEVERITY: 0, CONFIDENCE: 0})
2025-11-21T16:05:20.9356848Z 	./routes/messages.py (score: {SEVERITY: 0, CONFIDENCE: 0})
2025-11-21T16:05:20.9357189Z 	./routes/ml_monitoring.py (score: {SEVERITY: 0, CONFIDENCE: 0})
2025-11-21T16:05:20.9357531Z 	./routes/osrm.py (score: {SEVERITY: 0, CONFIDENCE: 0})
2025-11-21T16:05:20.9357851Z 	./routes/osrm_health.py (score: {SEVERITY: 0, CONFIDENCE: 0})
2025-11-21T16:05:20.9358201Z 	./routes/osrm_metrics.py (score: {SEVERITY: 0, CONFIDENCE: 0})
2025-11-21T16:05:20.9358552Z 	./routes/payments.py (score: {SEVERITY: 0, CONFIDENCE: 0})
2025-11-21T16:05:20.9358879Z 	./routes/planning.py (score: {SEVERITY: 0, CONFIDENCE: 0})
2025-11-21T16:05:20.9359316Z 	./routes/proactive_alerts.py (score: {SEVERITY: 0, CONFIDENCE: 0})
2025-11-21T16:05:20.9359754Z 	./routes/prometheus_metrics.py (score: {SEVERITY: 3, CONFIDENCE: 10})
2025-11-21T16:05:20.9360182Z 	./routes/secret_rotation_monitoring.py (score: {SEVERITY: 0, CONFIDENCE: 0})
2025-11-21T16:05:20.9360614Z 	./routes/shadow_mode_routes.py (score: {SEVERITY: 0, CONFIDENCE: 0})
2025-11-21T16:05:20.9360970Z 	./routes/utils.py (score: {SEVERITY: 0, CONFIDENCE: 0})
2025-11-21T16:05:20.9361303Z 	./routes/v2/__init__.py (score: {SEVERITY: 0, CONFIDENCE: 0})
2025-11-21T16:05:20.9361618Z 	./routes_api.py (score: {SEVERITY: 0, CONFIDENCE: 0})
2025-11-21T16:05:20.9361947Z 	./schemas/__init__.py (score: {SEVERITY: 0, CONFIDENCE: 0})
2025-11-21T16:05:20.9362298Z 	./schemas/admin_schemas.py (score: {SEVERITY: 0, CONFIDENCE: 0})
2025-11-21T16:05:20.9362675Z 	./schemas/alert_schemas.py (score: {SEVERITY: 0, CONFIDENCE: 0})
2025-11-21T16:05:20.9363059Z 	./schemas/analytics_schemas.py (score: {SEVERITY: 0, CONFIDENCE: 0})
2025-11-21T16:05:20.9363447Z 	./schemas/auth_schemas.py (score: {SEVERITY: 0, CONFIDENCE: 0})
2025-11-21T16:05:20.9363822Z 	./schemas/booking_schemas.py (score: {SEVERITY: 0, CONFIDENCE: 0})
2025-11-21T16:05:20.9364386Z 	./schemas/client_schemas.py (score: {SEVERITY: 0, CONFIDENCE: 0})
2025-11-21T16:05:20.9364780Z 	./schemas/company_schemas.py (score: {SEVERITY: 0, CONFIDENCE: 0})
2025-11-21T16:05:20.9365352Z 	./schemas/dispatch_schemas.py (score: {SEVERITY: 0, CONFIDENCE: 0})
2025-11-21T16:05:20.9365755Z 	./schemas/driver_schemas.py (score: {SEVERITY: 0, CONFIDENCE: 0})
2025-11-21T16:05:20.9366127Z 	./schemas/invoice_schemas.py (score: {SEVERITY: 0, CONFIDENCE: 0})
2025-11-21T16:05:20.9366505Z 	./schemas/medical_schemas.py (score: {SEVERITY: 0, CONFIDENCE: 0})
2025-11-21T16:05:20.9366883Z 	./schemas/payment_schemas.py (score: {SEVERITY: 0, CONFIDENCE: 0})
2025-11-21T16:05:20.9367257Z 	./schemas/planning_schemas.py (score: {SEVERITY: 0, CONFIDENCE: 0})
2025-11-21T16:05:20.9367638Z 	./schemas/query_schemas.py (score: {SEVERITY: 0, CONFIDENCE: 0})
2025-11-21T16:05:20.9368037Z 	./schemas/secret_rotation_schemas.py (score: {SEVERITY: 0, CONFIDENCE: 0})
2025-11-21T16:05:20.9368452Z 	./schemas/validation_utils.py (score: {SEVERITY: 0, CONFIDENCE: 0})
2025-11-21T16:05:20.9368806Z 	./scripts/__init__.py (score: {SEVERITY: 0, CONFIDENCE: 0})
2025-11-21T16:05:20.9369182Z 	./scripts/cleanup_test_accounts.py (score: {SEVERITY: 0, CONFIDENCE: 0})
2025-11-21T16:05:20.9369640Z 	./scripts/delete_all_bookings_and_invoices.py (score: {SEVERITY: 0, CONFIDENCE: 0})
2025-11-21T16:05:20.9370103Z 	./scripts/generate_encryption_key.py (score: {SEVERITY: 0, CONFIDENCE: 0})
2025-11-21T16:05:20.9370524Z 	./scripts/load_test_dispatch.py (score: {SEVERITY: 0, CONFIDENCE: 0})
2025-11-21T16:05:20.9370924Z 	./scripts/migrate_to_encryption.py (score: {SEVERITY: 0, CONFIDENCE: 0})
2025-11-21T16:05:20.9371449Z 	./scripts/profiling/__init__.py (score: {SEVERITY: 0, CONFIDENCE: 0})
2025-11-21T16:05:20.9371853Z 	./scripts/profiling/profiler.py (score: {SEVERITY: 0, CONFIDENCE: 0})
2025-11-21T16:05:20.9372240Z 	./scripts/reset_bookings.py (score: {SEVERITY: 0, CONFIDENCE: 0})
2025-11-21T16:05:20.9372658Z 	./scripts/reset_osrm_circuit_breaker.py (score: {SEVERITY: 0, CONFIDENCE: 0})
2025-11-21T16:05:20.9373096Z 	./scripts/test_dispatch_metrics.py (score: {SEVERITY: 0, CONFIDENCE: 0})
2025-11-21T16:05:20.9373484Z 	./scripts/test_osrm.py (score: {SEVERITY: 0, CONFIDENCE: 0})
2025-11-21T16:05:20.9373873Z 	./scripts/test_settings_update.py (score: {SEVERITY: 0, CONFIDENCE: 0})
2025-11-21T16:05:20.9374503Z 	./scripts/validate_logs_correlation.py (score: {SEVERITY: 0, CONFIDENCE: 0})
2025-11-21T16:05:20.9374930Z 	./scripts/validate_metrics.py (score: {SEVERITY: 0, CONFIDENCE: 0})
2025-11-21T16:05:20.9375326Z 	./scripts/verify_all_settings.py (score: {SEVERITY: 0, CONFIDENCE: 0})
2025-11-21T16:05:20.9375809Z 	./scripts/verify_overrides_transmission.py (score: {SEVERITY: 0, CONFIDENCE: 0})
2025-11-21T16:05:20.9376212Z 	./security/__init__.py (score: {SEVERITY: 0, CONFIDENCE: 0})
2025-11-21T16:05:20.9376558Z 	./security/audit_log.py (score: {SEVERITY: 0, CONFIDENCE: 0})
2025-11-21T16:05:20.9376898Z 	./security/crypto.py (score: {SEVERITY: 0, CONFIDENCE: 0})
2025-11-21T16:05:20.9377257Z 	./security/ip_whitelist.py (score: {SEVERITY: 3, CONFIDENCE: 10})
2025-11-21T16:05:20.9377645Z 	./security/ip_whitelist_alerts.py (score: {SEVERITY: 0, CONFIDENCE: 0})
2025-11-21T16:05:20.9378047Z 	./security/security_metrics.py (score: {SEVERITY: 0, CONFIDENCE: 0})
2025-11-21T16:05:20.9378448Z 	./security/token_blacklist.py (score: {SEVERITY: 0, CONFIDENCE: 0})
2025-11-21T16:05:20.9378837Z 	./services/ab_testing_service.py (score: {SEVERITY: 0, CONFIDENCE: 0})
2025-11-21T16:05:20.9379253Z 	./services/agent_dispatch/__init__.py (score: {SEVERITY: 0, CONFIDENCE: 0})
2025-11-21T16:05:20.9379714Z 	./services/agent_dispatch/orchestrator.py (score: {SEVERITY: 12, CONFIDENCE: 40})
2025-11-21T16:05:20.9380179Z 	./services/agent_dispatch/reporting.py (score: {SEVERITY: 0, CONFIDENCE: 0})
2025-11-21T16:05:20.9380636Z 	./services/agent_dispatch/safety_policy.py (score: {SEVERITY: 0, CONFIDENCE: 0})
2025-11-21T16:05:20.9381078Z 	./services/agent_dispatch/tools.py (score: {SEVERITY: 0, CONFIDENCE: 0})
2025-11-21T16:05:20.9381445Z 	./services/ai.py (score: {SEVERITY: 0, CONFIDENCE: 0})
2025-11-21T16:05:20.9381798Z 	./services/analytics/__init__.py (score: {SEVERITY: 0, CONFIDENCE: 0})
2025-11-21T16:05:20.9382335Z 	./services/analytics/aggregator.py (score: {SEVERITY: 0, CONFIDENCE: 0})
2025-11-21T16:05:20.9382766Z 	./services/analytics/insights.py (score: {SEVERITY: 0, CONFIDENCE: 0})
2025-11-21T16:05:20.9383204Z 	./services/analytics/metrics_collector.py (score: {SEVERITY: 0, CONFIDENCE: 0})
2025-11-21T16:05:20.9383676Z 	./services/analytics/report_generator.py (score: {SEVERITY: 0, CONFIDENCE: 0})
2025-11-21T16:05:20.9384078Z 	./services/api_slo.py (score: {SEVERITY: 0, CONFIDENCE: 0})
2025-11-21T16:05:20.9384623Z 	./services/clamav_service.py (score: {SEVERITY: 0, CONFIDENCE: 0})
2025-11-21T16:05:20.9384994Z 	./services/db_context.py (score: {SEVERITY: 0, CONFIDENCE: 0})
2025-11-21T16:05:20.9385353Z 	./services/delay_tools.py (score: {SEVERITY: 0, CONFIDENCE: 0})
2025-11-21T16:05:20.9385728Z 	./services/dispatch_utils.py (score: {SEVERITY: 0, CONFIDENCE: 0})
2025-11-21T16:05:20.9386103Z 	./services/feature_flags.py (score: {SEVERITY: 3, CONFIDENCE: 10})
2025-11-21T16:05:20.9386487Z 	./services/google_places.py (score: {SEVERITY: 0, CONFIDENCE: 0})
2025-11-21T16:05:20.9386872Z 	./services/holidays_service.py (score: {SEVERITY: 0, CONFIDENCE: 0})
2025-11-21T16:05:20.9387270Z 	./services/invoice_service.py (score: {SEVERITY: 0, CONFIDENCE: 0})
2025-11-21T16:05:20.9387622Z 	./services/maps.py (score: {SEVERITY: 12, CONFIDENCE: 40})
2025-11-21T16:05:20.9388007Z 	./services/ml/demand_prediction.py (score: {SEVERITY: 3, CONFIDENCE: 10})
2025-11-21T16:05:20.9388546Z 	./services/ml/eta_delay_model.py (score: {SEVERITY: 8, CONFIDENCE: 20})
2025-11-21T16:05:20.9388943Z 	./services/ml/model_registry.py (score: {SEVERITY: 0, CONFIDENCE: 0})
2025-11-21T16:05:20.9389375Z 	./services/ml/training_metadata_schema.py (score: {SEVERITY: 0, CONFIDENCE: 0})
2025-11-21T16:05:20.9389786Z 	./services/ml_features.py (score: {SEVERITY: 0, CONFIDENCE: 0})
2025-11-21T16:05:20.9390177Z 	./services/ml_monitoring_service.py (score: {SEVERITY: 0, CONFIDENCE: 0})
2025-11-21T16:05:20.9390607Z 	./services/notification_service.py (score: {SEVERITY: 0, CONFIDENCE: 0})
2025-11-21T16:05:20.9391002Z 	./services/osrm_client.py (score: {SEVERITY: 0, CONFIDENCE: 0})
2025-11-21T16:05:20.9391378Z 	./services/pdf_service.py (score: {SEVERITY: 6, CONFIDENCE: 20})
2025-11-21T16:05:20.9391766Z 	./services/pii_masking/__init__.py (score: {SEVERITY: 0, CONFIDENCE: 0})
2025-11-21T16:05:20.9392177Z 	./services/planning_service.py (score: {SEVERITY: 0, CONFIDENCE: 0})
2025-11-21T16:05:20.9392583Z 	./services/proactive_alerts.py (score: {SEVERITY: 6, CONFIDENCE: 20})
2025-11-21T16:05:20.9392977Z 	./services/qrbill_service.py (score: {SEVERITY: 0, CONFIDENCE: 0})
2025-11-21T16:05:20.9393348Z 	./services/rl/__init__.py (score: {SEVERITY: 0, CONFIDENCE: 0})
2025-11-21T16:05:20.9393738Z 	./services/rl/distributional_dqn.py (score: {SEVERITY: 0, CONFIDENCE: 0})
2025-11-21T16:05:20.9394335Z 	./services/rl/hyperparameter_tuner.py (score: {SEVERITY: 0, CONFIDENCE: 0})
2025-11-21T16:05:20.9394781Z 	./services/rl/improved_dqn_agent.py (score: {SEVERITY: 23, CONFIDENCE: 70})
2025-11-21T16:05:20.9395210Z 	./services/rl/improved_q_network.py (score: {SEVERITY: 0, CONFIDENCE: 0})
2025-11-21T16:05:20.9395604Z 	./services/rl/n_step_buffer.py (score: {SEVERITY: 0, CONFIDENCE: 0})
2025-11-21T16:05:20.9395991Z 	./services/rl/noisy_networks.py (score: {SEVERITY: 0, CONFIDENCE: 0})
2025-11-21T16:05:20.9396425Z 	./services/rl/optimal_hyperparameters.py (score: {SEVERITY: 0, CONFIDENCE: 0})
2025-11-21T16:05:20.9396874Z 	./services/rl/replay_buffer.py (score: {SEVERITY: 3, CONFIDENCE: 10})
2025-11-21T16:05:20.9397276Z 	./services/rl/reward_shaping.py (score: {SEVERITY: 0, CONFIDENCE: 0})
2025-11-21T16:05:20.9397654Z 	./services/rl/rl_logger.py (score: {SEVERITY: 0, CONFIDENCE: 0})
2025-11-21T16:05:20.9398055Z 	./services/rl/shadow_mode_manager.py (score: {SEVERITY: 0, CONFIDENCE: 0})
2025-11-21T16:05:20.9398495Z 	./services/rl/suggestion_generator.py (score: {SEVERITY: 0, CONFIDENCE: 0})
2025-11-21T16:05:20.9398899Z 	./services/safety_guards.py (score: {SEVERITY: 0, CONFIDENCE: 0})
2025-11-21T16:05:20.9399425Z 	./services/secret_rotation_monitor.py (score: {SEVERITY: 0, CONFIDENCE: 0})
2025-11-21T16:05:20.9399825Z 	./services/sim/__init__.py (score: {SEVERITY: 0, CONFIDENCE: 0})
2025-11-21T16:05:20.9400201Z 	./services/sim/day_replayer.py (score: {SEVERITY: 0, CONFIDENCE: 0})
2025-11-21T16:05:20.9400591Z 	./services/socketio_service.py (score: {SEVERITY: 0, CONFIDENCE: 0})
2025-11-21T16:05:20.9400987Z 	./services/spam_protection.py (score: {SEVERITY: 0, CONFIDENCE: 0})
2025-11-21T16:05:20.9401398Z 	./services/unified_dispatch/__init__.py (score: {SEVERITY: 0, CONFIDENCE: 0})
2025-11-21T16:05:20.9401847Z 	./services/unified_dispatch/ab_router.py (score: {SEVERITY: 0, CONFIDENCE: 0})
2025-11-21T16:05:20.9402294Z 	./services/unified_dispatch/apply.py (score: {SEVERITY: 3, CONFIDENCE: 10})
2025-11-21T16:05:20.9402782Z 	./services/unified_dispatch/assignment_validator.py (score: {SEVERITY: 0, CONFIDENCE: 0})
2025-11-21T16:05:20.9403317Z 	./services/unified_dispatch/autonomous_manager.py (score: {SEVERITY: 0, CONFIDENCE: 0})
2025-11-21T16:05:20.9403829Z 	./services/unified_dispatch/clustering.py (score: {SEVERITY: 6, CONFIDENCE: 20})
2025-11-21T16:05:20.9404474Z 	./services/unified_dispatch/data.py (score: {SEVERITY: 9, CONFIDENCE: 30})
2025-11-21T16:05:20.9404942Z 	./services/unified_dispatch/delay_predictor.py (score: {SEVERITY: 0, CONFIDENCE: 0})
2025-11-21T16:05:20.9405581Z 	./services/unified_dispatch/dispatch_metrics.py (score: {SEVERITY: 0, CONFIDENCE: 0})
2025-11-21T16:05:20.9406125Z 	./services/unified_dispatch/dispatch_prometheus_metrics.py (score: {SEVERITY: 0, CONFIDENCE: 0})
2025-11-21T16:05:20.9406641Z 	./services/unified_dispatch/engine.py (score: {SEVERITY: 18, CONFIDENCE: 60})
2025-11-21T16:05:20.9407107Z 	./services/unified_dispatch/heuristics.py (score: {SEVERITY: 3, CONFIDENCE: 10})
2025-11-21T16:05:20.9407583Z 	./services/unified_dispatch/ml_predictor.py (score: {SEVERITY: 8, CONFIDENCE: 20})
2025-11-21T16:05:20.9408071Z 	./services/unified_dispatch/osrm_cache_metrics.py (score: {SEVERITY: 0, CONFIDENCE: 0})
2025-11-21T16:05:20.9408572Z 	./services/unified_dispatch/pareto_front.py (score: {SEVERITY: 0, CONFIDENCE: 0})
2025-11-21T16:05:20.9409070Z 	./services/unified_dispatch/performance_metrics.py (score: {SEVERITY: 0, CONFIDENCE: 0})
2025-11-21T16:05:20.9409576Z 	./services/unified_dispatch/problem_state.py (score: {SEVERITY: 0, CONFIDENCE: 0})
2025-11-21T16:05:20.9410042Z 	./services/unified_dispatch/queue.py (score: {SEVERITY: 0, CONFIDENCE: 0})
2025-11-21T16:05:20.9410519Z 	./services/unified_dispatch/reactive_suggestions.py (score: {SEVERITY: 0, CONFIDENCE: 0})
2025-11-21T16:05:20.9411045Z 	./services/unified_dispatch/realtime_optimizer.py (score: {SEVERITY: 0, CONFIDENCE: 0})
2025-11-21T16:05:20.9411536Z 	./services/unified_dispatch/rl_ab_tracking.py (score: {SEVERITY: 0, CONFIDENCE: 0})
2025-11-21T16:05:20.9412013Z 	./services/unified_dispatch/rl_kpi_monitor.py (score: {SEVERITY: 0, CONFIDENCE: 0})
2025-11-21T16:05:20.9412485Z 	./services/unified_dispatch/rl_optimizer.py (score: {SEVERITY: 5, CONFIDENCE: 10})
2025-11-21T16:05:20.9412960Z 	./services/unified_dispatch/score_fusion.py (score: {SEVERITY: 0, CONFIDENCE: 0})
2025-11-21T16:05:20.9413430Z 	./services/unified_dispatch/settings.py (score: {SEVERITY: 0, CONFIDENCE: 0})
2025-11-21T16:05:20.9413865Z 	./services/unified_dispatch/slo.py (score: {SEVERITY: 0, CONFIDENCE: 0})
2025-11-21T16:05:20.9414447Z 	./services/unified_dispatch/solver.py (score: {SEVERITY: 6, CONFIDENCE: 20})
2025-11-21T16:05:20.9414944Z 	./services/unified_dispatch/transaction_helpers.py (score: {SEVERITY: 3, CONFIDENCE: 10})
2025-11-21T16:05:20.9415427Z 	./services/unified_dispatch/types.py (score: {SEVERITY: 0, CONFIDENCE: 0})
2025-11-21T16:05:20.9415872Z 	./services/unified_dispatch/validation.py (score: {SEVERITY: 0, CONFIDENCE: 0})
2025-11-21T16:05:20.9416338Z 	./services/unified_dispatch/warm_start.py (score: {SEVERITY: 0, CONFIDENCE: 0})
2025-11-21T16:05:20.9416837Z 	./services/unified_dispatch/warm_start_gain_tracker.py (score: {SEVERITY: 0, CONFIDENCE: 0})
2025-11-21T16:05:20.9417428Z 	./services/vacation_service.py (score: {SEVERITY: 0, CONFIDENCE: 0})
2025-11-21T16:05:20.9417824Z 	./services/weather_service.py (score: {SEVERITY: 0, CONFIDENCE: 0})
2025-11-21T16:05:20.9418190Z 	./shared/__init__.py (score: {SEVERITY: 0, CONFIDENCE: 0})
2025-11-21T16:05:20.9418531Z 	./shared/db_profiler.py (score: {SEVERITY: 0, CONFIDENCE: 0})
2025-11-21T16:05:20.9418899Z 	./shared/dispatch_logging.py (score: {SEVERITY: 3, CONFIDENCE: 10})
2025-11-21T16:05:20.9419295Z 	./shared/error_handling.py (score: {SEVERITY: 0, CONFIDENCE: 0})
2025-11-21T16:05:20.9419642Z 	./shared/geo_utils.py (score: {SEVERITY: 0, CONFIDENCE: 0})
2025-11-21T16:05:20.9419997Z 	./shared/input_sanitizer.py (score: {SEVERITY: 0, CONFIDENCE: 0})
2025-11-21T16:05:20.9420380Z 	./shared/logging_centralized.py (score: {SEVERITY: 0, CONFIDENCE: 0})
2025-11-21T16:05:20.9420767Z 	./shared/logging_utils.py (score: {SEVERITY: 0, CONFIDENCE: 0})
2025-11-21T16:05:20.9421122Z 	./shared/otel_setup.py (score: {SEVERITY: 0, CONFIDENCE: 0})
2025-11-21T16:05:20.9421454Z 	./shared/retry.py (score: {SEVERITY: 3, CONFIDENCE: 10})
2025-11-21T16:05:20.9421782Z 	./shared/time_utils.py (score: {SEVERITY: 0, CONFIDENCE: 0})
2025-11-21T16:05:20.9422111Z 	./shared/timeouts.py (score: {SEVERITY: 0, CONFIDENCE: 0})
2025-11-21T16:05:20.9422475Z 	./shared/upload_validation.py (score: {SEVERITY: 0, CONFIDENCE: 0})
2025-11-21T16:05:20.9423010Z 	./shared/vault_client.py (score: {SEVERITY: 6, CONFIDENCE: 10})
2025-11-21T16:05:20.9423345Z 	./sockets/chat.py (score: {SEVERITY: 0, CONFIDENCE: 0})
2025-11-21T16:05:20.9423674Z 	./sockets/planning.py (score: {SEVERITY: 0, CONFIDENCE: 0})
2025-11-21T16:05:20.9424032Z 	./sockets/proactive_alerts.py (score: {SEVERITY: 0, CONFIDENCE: 0})
2025-11-21T16:05:20.9424528Z 	./sockets/websocket_ack.py (score: {SEVERITY: 0, CONFIDENCE: 0})
2025-11-21T16:05:20.9424875Z 	./solve_dimensions.py (score: {SEVERITY: 0, CONFIDENCE: 0})
2025-11-21T16:05:20.9425200Z 	./tasks/__init__.py (score: {SEVERITY: 0, CONFIDENCE: 0})
2025-11-21T16:05:20.9425551Z 	./tasks/analytics_tasks.py (score: {SEVERITY: 0, CONFIDENCE: 0})
2025-11-21T16:05:20.9425912Z 	./tasks/billing_tasks.py (score: {SEVERITY: 0, CONFIDENCE: 0})
2025-11-21T16:05:20.9426275Z 	./tasks/dispatch_tasks.py (score: {SEVERITY: 6, CONFIDENCE: 20})
2025-11-21T16:05:20.9426639Z 	./tasks/dlq_cleanup_task.py (score: {SEVERITY: 0, CONFIDENCE: 0})
2025-11-21T16:05:20.9427009Z 	./tasks/planning_tasks.py (score: {SEVERITY: 0, CONFIDENCE: 0})
2025-11-21T16:05:20.9427374Z 	./tasks/profiling_tasks.py (score: {SEVERITY: 0, CONFIDENCE: 0})
2025-11-21T16:05:20.9427727Z 	./tasks/purge_tasks.py (score: {SEVERITY: 0, CONFIDENCE: 0})
2025-11-21T16:05:20.9428059Z 	./tasks/rl_tasks.py (score: {SEVERITY: 0, CONFIDENCE: 0})
2025-11-21T16:05:20.9428417Z 	./tasks/secret_rotation_tasks.py (score: {SEVERITY: 0, CONFIDENCE: 0})
2025-11-21T16:05:20.9428823Z 	./tasks/vault_rotation_tasks.py (score: {SEVERITY: 45, CONFIDENCE: 90})
2025-11-21T16:05:20.9429165Z 	./wsgi.py (score: {SEVERITY: 0, CONFIDENCE: 0})
2025-11-21T16:05:20.9429424Z Files excluded (355):
2025-11-21T16:05:20.9429598Z 	./.bandit
2025-11-21T16:05:20.9429752Z 	./.coveragerc
2025-11-21T16:05:20.9429905Z 	./.gitignore
2025-11-21T16:05:20.9430074Z 	./.python-version
2025-11-21T16:05:20.9430249Z 	./.semgrepignore
2025-11-21T16:05:20.9430428Z 	./.vscode/settings.json
2025-11-21T16:05:20.9430613Z 	./Dockerfile
2025-11-21T16:05:20.9430782Z 	./Dockerfile.production
2025-11-21T16:05:20.9430981Z 	./README_SEMGREP.md
2025-11-21T16:05:20.9431146Z 	./RUNBOOK.md
2025-11-21T16:05:20.9431319Z 	./TEST_MIGRATIONS_DOCKER.md
2025-11-21T16:05:20.9431510Z 	./coverage.xml
2025-11-21T16:05:20.9431701Z 	./data/ml/FEATURE_ENGINEERING_REPORT.md
2025-11-21T16:05:20.9431935Z 	./data/ml/ab_test_report.txt
2025-11-21T16:05:20.9432151Z 	./data/ml/dqn_agent_best_v2.pth
2025-11-21T16:05:20.9432366Z 	./data/ml/dqn_agent_best_v3_3.pth
2025-11-21T16:05:20.9432631Z 	./data/ml/evaluations/evaluation_optimized_final.json
2025-11-21T16:05:20.9432927Z 	./data/ml/evaluations/historical_metrics.json
2025-11-21T16:05:20.9433307Z 	./data/ml/feature_engineering_metadata.json
2025-11-21T16:05:20.9433568Z 	./data/ml/logs/step13_final_summary.json
2025-11-21T16:05:20.9433793Z 	./data/ml/metadata.json
2025-11-21T16:05:20.9434075Z 	./data/ml/model_registry/metadata/dqn_dispatch_dueling_dqn_v1.0.0.json
2025-11-21T16:05:20.9434577Z 	./data/ml/model_registry/models/dqn_dispatch_dueling_dqn_v1.0.0.pth
2025-11-21T16:05:20.9434899Z 	./data/ml/model_registry/registry.json
2025-11-21T16:05:20.9435133Z 	./data/ml/models/TRAINING_REPORT.md
2025-11-21T16:05:20.9435367Z 	./data/ml/models/delay_predictor.pkl
2025-11-21T16:05:20.9435602Z 	./data/ml/models/training_metadata.json
2025-11-21T16:05:20.9435859Z 	./data/ml/reports/eda/EDA_SUMMARY_REPORT.md
2025-11-21T16:05:20.9436120Z 	./data/ml/reports/eda/correlation_heatmap.png
2025-11-21T16:05:20.9436379Z 	./data/ml/reports/eda/eda_metadata.json
2025-11-21T16:05:20.9436641Z 	./data/ml/reports/eda/feature_relationships.png
2025-11-21T16:05:20.9436924Z 	./data/ml/reports/eda/features_distributions.png
2025-11-21T16:05:20.9437200Z 	./data/ml/reports/eda/target_distribution.png
2025-11-21T16:05:20.9437451Z 	./data/ml/reports/eda/temporal_patterns.png
2025-11-21T16:05:20.9437687Z 	./data/ml/scalers.json
2025-11-21T16:05:20.9437883Z 	./data/ml/step13_deployment_report.json
2025-11-21T16:05:20.9438116Z 	./data/ml/training_data.json
2025-11-21T16:05:20.9438488Z 	./data/ml/training_metadata/dqn_dispatch_c51_v1.1.0.json
2025-11-21T16:05:20.9438836Z 	./data/ml/training_metadata/dqn_dispatch_dueling_dqn_v1.0.0.json
2025-11-21T16:05:20.9439191Z 	./data/ml/training_metadata/dqn_dispatch_qr_dqn_v1.2.0.json
2025-11-21T16:05:20.9439530Z 	./data/ml/training_metadata/training_metadata_template.json
2025-11-21T16:05:20.9439845Z 	./data/ml/training_scripts/ml_training_config.json
2025-11-21T16:05:20.9440131Z 	./data/ml/training_scripts/rl_training_config.json
2025-11-21T16:05:20.9440397Z 	./data/rl/comparison_results.json
2025-11-21T16:05:20.9440637Z 	./data/rl/comparison_results_20251024_141859.json
2025-11-21T16:05:20.9440913Z 	./data/rl/comparison_results_20251024_151748.json
2025-11-21T16:05:20.9441157Z 	./data/rl/comparison_v1.json
2025-11-21T16:05:20.9441378Z 	./data/rl/evaluation_optimized_final.json
2025-11-21T16:05:20.9441616Z 	./data/rl/geocode_cache.json
2025-11-21T16:05:20.9441823Z 	./data/rl/geocode_cache_full_year.json
2025-11-21T16:05:20.9442071Z 	./data/rl/historical_dispatches.json
2025-11-21T16:05:20.9442317Z 	./data/rl/historical_dispatches_cleaned.json
2025-11-21T16:05:20.9442580Z 	./data/rl/historical_dispatches_corrected.json
2025-11-21T16:05:20.9442850Z 	./data/rl/historical_dispatches_from_excel.json
2025-11-21T16:05:20.9443146Z 	./data/rl/historical_dispatches_full_year.json
2025-11-21T16:05:20.9443398Z 	./data/rl/logs/evaluation_report.json
2025-11-21T16:05:20.9443636Z 	./data/rl/logs/metrics_20251020_231734.json
2025-11-21T16:05:20.9443876Z 	./data/rl/logs/metrics_20251020_231935.json
2025-11-21T16:05:20.9444202Z 	./data/rl/logs/metrics_20251020_232310.json
2025-11-21T16:05:20.9444445Z 	./data/rl/logs/metrics_20251021_002735.json
2025-11-21T16:05:20.9444674Z 	./data/rl/logs/metrics_20251021_005501.json
2025-11-21T16:05:20.9444911Z 	./data/rl/logs/metrics_20251021_040804.json
2025-11-21T16:05:20.9445141Z 	./data/rl/logs/metrics_20251021_040930.json
2025-11-21T16:05:20.9445376Z 	./data/rl/logs/metrics_20251021_042441.json
2025-11-21T16:05:20.9445616Z 	./data/rl/logs/metrics_20251021_121843.json
2025-11-21T16:05:20.9445845Z 	./data/rl/logs/metrics_20251021_122118.json
2025-11-21T16:05:20.9446079Z 	./data/rl/logs/metrics_20251021_122415.json
2025-11-21T16:05:20.9446309Z 	./data/rl/logs/metrics_20251021_124223.json
2025-11-21T16:05:20.9446542Z 	./data/rl/logs/metrics_20251021_130828.json
2025-11-21T16:05:20.9446770Z 	./data/rl/logs/metrics_20251021_131414.json
2025-11-21T16:05:20.9447004Z 	./data/rl/logs/metrics_20251021_134454.json
2025-11-21T16:05:20.9447236Z 	./data/rl/logs/metrics_20251021_135018.json
2025-11-21T16:05:20.9447467Z 	./data/rl/metrics_20251024_141859.json
2025-11-21T16:05:20.9447804Z 	./data/rl/metrics_20251024_151748.json
2025-11-21T16:05:20.9448041Z 	./data/rl/models/dispatch_optimized_v1.pth
2025-11-21T16:05:20.9448336Z 	./data/rl/models/dispatch_optimized_v2.pth
2025-11-21T16:05:20.9448603Z 	./data/rl/models/dispatch_optimized_v3_cleaned.pth
2025-11-21T16:05:20.9448901Z 	./data/rl/models/dispatch_optimized_v3_improved.pth
2025-11-21T16:05:20.9449205Z 	./data/rl/models/dispatch_optimized_v4_corrected.pth
2025-11-21T16:05:20.9449475Z 	./data/rl/models/dqn_best.pth
2025-11-21T16:05:20.9449682Z 	./data/rl/models/dqn_final.pth
2025-11-21T16:05:20.9449897Z 	./data/rl/optimal_config.json
2025-11-21T16:05:20.9450110Z 	./data/rl/optimal_config_v1.json
2025-11-21T16:05:20.9450327Z 	./data/rl/optimal_config_v2.json
2025-11-21T16:05:20.9450581Z 	./data/rl/shadow_mode/company_0/report_2025-10-24.json
2025-11-21T16:05:20.9450868Z 	./data/rl/shadow_mode/daily_report_20251020.json
2025-11-21T16:05:20.9451285Z 	./data/rl/tensorboard/dqn_20251020_231734/events.out.tfevents.1760995054.e0372eeeaf94.12774.0
2025-11-21T16:05:20.9451846Z 	./data/rl/tensorboard/dqn_20251020_231935/events.out.tfevents.1760995175.e0372eeeaf94.12880.0
2025-11-21T16:05:20.9452395Z 	./data/rl/tensorboard/dqn_20251020_232310/events.out.tfevents.1760995390.e0372eeeaf94.13050.0
2025-11-21T16:05:20.9452933Z 	./data/rl/tensorboard/dqn_20251021_002735/events.out.tfevents.1760999255.e0372eeeaf94.15975.0
2025-11-21T16:05:20.9453598Z 	./data/rl/tensorboard/dqn_20251021_005501/events.out.tfevents.1761000901.e0372eeeaf94.17163.0
2025-11-21T16:05:20.9454225Z 	./data/rl/tensorboard/dqn_20251021_040804/events.out.tfevents.1761012484.72f69175a949.529.0
2025-11-21T16:05:20.9454756Z 	./data/rl/tensorboard/dqn_20251021_040930/events.out.tfevents.1761012570.72f69175a949.628.0
2025-11-21T16:05:20.9455290Z 	./data/rl/tensorboard/dqn_20251021_042441/events.out.tfevents.1761013481.72f69175a949.1331.0
2025-11-21T16:05:20.9455824Z 	./data/rl/tensorboard/dqn_20251021_121843/events.out.tfevents.1761041923.72f69175a949.19179.0
2025-11-21T16:05:20.9456357Z 	./data/rl/tensorboard/dqn_20251021_122118/events.out.tfevents.1761042078.72f69175a949.19306.0
2025-11-21T16:05:20.9456888Z 	./data/rl/tensorboard/dqn_20251021_122415/events.out.tfevents.1761042255.72f69175a949.19457.0
2025-11-21T16:05:20.9457421Z 	./data/rl/tensorboard/dqn_20251021_124223/events.out.tfevents.1761043343.72f69175a949.20290.0
2025-11-21T16:05:20.9457958Z 	./data/rl/tensorboard/dqn_20251021_130828/events.out.tfevents.1761044908.72f69175a949.21402.0
2025-11-21T16:05:20.9458503Z 	./data/rl/tensorboard/dqn_20251021_131414/events.out.tfevents.1761045254.72f69175a949.21675.0
2025-11-21T16:05:20.9459031Z 	./data/rl/tensorboard/dqn_20251021_134454/events.out.tfevents.1761047094.72f69175a949.22964.0
2025-11-21T16:05:20.9459566Z 	./data/rl/tensorboard/dqn_20251021_135018/events.out.tfevents.1761047418.72f69175a949.23219.0
2025-11-21T16:05:20.9459972Z 	./data/rl/visualizations/training_curves.png
2025-11-21T16:05:20.9460217Z 	./docker-compose.yml
2025-11-21T16:05:20.9460400Z 	./docker-entrypoint.sh
2025-11-21T16:05:20.9460611Z 	./docs/API_MIGRATION_TRIGGER_TO_RUN.md
2025-11-21T16:05:20.9460839Z 	./docs/CHAT_SECURITY.md
2025-11-21T16:05:20.9461027Z 	./docs/LOGS_CORRELATION.md
2025-11-21T16:05:20.9461227Z 	./docs/METRICS_REFERENCE.md
2025-11-21T16:05:20.9461425Z 	./docs/MONITORING_SETUP.md
2025-11-21T16:05:20.9461628Z 	./docs/VALIDATION_SCRIPTS.md
2025-11-21T16:05:20.9461854Z 	./docs/VERIFICATION_PARAMETRES_DISPATCH.md
2025-11-21T16:05:20.9462084Z 	./env.example
2025-11-21T16:05:20.9462250Z 	./fix_python312_compat.ps1
2025-11-21T16:05:20.9462441Z 	./migrations/README
2025-11-21T16:05:20.9462616Z 	./migrations/alembic.ini
2025-11-21T16:05:20.9462807Z 	./migrations/env.py
2025-11-21T16:05:20.9462991Z 	./migrations/script.py.mako
2025-11-21T16:05:20.9463278Z 	./migrations/versions/02e0994e702b_add_invoice_management_tables.py
2025-11-21T16:05:20.9463690Z 	./migrations/versions/0b7f8736876a_add_preferential_rate_to_client.py
2025-11-21T16:05:20.9464071Z 	./migrations/versions/156c2b818038_add_ml_prediction_table.py
2025-11-21T16:05:20.9464702Z 	./migrations/versions/19fc92c2ba30_initial_schema_upper_enums_aliases.py
2025-11-21T16:05:20.9465113Z 	./migrations/versions/24bbcb82c891_add_vat_columns_to_invoices.py
2025-11-21T16:05:20.9465489Z 	./migrations/versions/3_4_add_profiling_metrics_table.py
2025-11-21T16:05:20.9465877Z 	./migrations/versions/3f7695e18b7d_make_billing_settings_fields_nullable.py
2025-11-21T16:05:20.9466343Z 	./migrations/versions/44a28b52dc46_add_helper_functions_to_base_py_and_fix_.py
2025-11-21T16:05:20.9466755Z 	./migrations/versions/623409ab335b_dispatch_run_relations.py
2025-11-21T16:05:20.9467088Z 	./migrations/versions/68116559b15d_sync_models_with_db.py
2025-11-21T16:05:20.9467406Z 	./migrations/versions/6af879898b0f_update_models_py.py
2025-11-21T16:05:20.9467748Z 	./migrations/versions/6d50ede67619_add_timezone_to_driver_shift.py
2025-11-21T16:05:20.9468162Z 	./migrations/versions/715e89e538c3_add_analytics_tables_for_dispatch_.py
2025-11-21T16:05:20.9468561Z 	./migrations/versions/8186648ac54e_merge_migrations_heads.py
2025-11-21T16:05:20.9468916Z 	./migrations/versions/97c8d4f1e5a3_add_ab_test_result_table.py
2025-11-21T16:05:20.9469321Z 	./migrations/versions/a1b2c3d4e5f6_ensure_admin_value_in_user_role_enum.py
2025-11-21T16:05:20.9469722Z 	./migrations/versions/a452a931f0b7_planning_models_skeleton.py
2025-11-21T16:05:20.9470104Z 	./migrations/versions/a8f4c9e2b1d3_add_dispatch_modes_to_company.py
2025-11-21T16:05:20.9470608Z 	./migrations/versions/abc123456789_add_autonomous_action_table.py
2025-11-21T16:05:20.9470988Z 	./migrations/versions/add_decision_explanation_to_assignment.py
2025-11-21T16:05:20.9471325Z 	./migrations/versions/add_message_file_fields.py
2025-11-21T16:05:20.9471601Z 	./migrations/versions/add_rl_feedbacks_table.py
2025-11-21T16:05:20.9471903Z 	./migrations/versions/add_rl_suggestion_metrics_table.py
2025-11-21T16:05:20.9472203Z 	./migrations/versions/add_rl_suggestions_table.py
2025-11-21T16:05:20.9472571Z 	./migrations/versions/af5e460cd09e_fix_dispatch_mode_enum_values_to_.py
2025-11-21T16:05:20.9473012Z 	./migrations/versions/b15c01673cc4_driver_hr_fields_timezone_normalize_in_.py
2025-11-21T16:05:20.9473430Z 	./migrations/versions/b2c3d4e5f6a7_add_secret_rotation_table.py
2025-11-21T16:05:20.9473795Z 	./migrations/versions/b559b3ef7a75_add_performance_indexes.py
2025-11-21T16:05:20.9474278Z 	./migrations/versions/c8d4e92f1a3b_add_third_party_billing_support.py
2025-11-21T16:05:20.9474700Z 	./migrations/versions/c8d9e2f3a4b5_add_residence_facility_to_client.py
2025-11-21T16:05:20.9475048Z 	./migrations/versions/d2_add_encrypted_fields.py
2025-11-21T16:05:20.9475335Z 	./migrations/versions/d2_create_audit_logs_table.py
2025-11-21T16:05:20.9475667Z 	./migrations/versions/d7e8f9a1b2c3_add_task_failure_table_dlq.py
2025-11-21T16:05:20.9476038Z 	./migrations/versions/d8a4d7185c60_add_gps_coords_to_client.py
2025-11-21T16:05:20.9476420Z 	./migrations/versions/d9f3a8b2c4e5_add_invoice_line_id_to_booking.py
2025-11-21T16:05:20.9476849Z 	./migrations/versions/e252718b5271_add_wheelchair_fields_to_booking_table.py
2025-11-21T16:05:20.9477262Z 	./migrations/versions/f3a9c7b8d1e2_add_critical_indexes_2025.py
2025-11-21T16:05:20.9477607Z 	./migrations/versions/f7e8d9c0b1a2_merge_alembic_heads.py
2025-11-21T16:05:20.9477930Z 	./migrations/versions/fix_audit_log_metadata_column.py
2025-11-21T16:05:20.9478236Z 	./migrations/versions/fix_circular_fk_names_20251018.py
2025-11-21T16:05:20.9478502Z 	./mypy.ini
2025-11-21T16:05:20.9478658Z 	./pytest.ini
2025-11-21T16:05:20.9478823Z 	./requirements-rl.txt
2025-11-21T16:05:20.9479005Z 	./requirements.txt
2025-11-21T16:05:20.9479193Z 	./ruff.toml
2025-11-21T16:05:20.9479350Z 	./run-semgrep.ps1
2025-11-21T16:05:20.9479520Z 	./run_services.sh
2025-11-21T16:05:20.9479680Z 	./run_tests.ps1
2025-11-21T16:05:20.9479844Z 	./run_tests.sh
2025-11-21T16:05:20.9480016Z 	./schemas/validation_status.md
2025-11-21T16:05:20.9480227Z 	./scripts/enable_chaos.sh
2025-11-21T16:05:20.9480436Z 	./scripts/sync_swagger_marshmallow.md
2025-11-21T16:05:20.9480777Z 	./semgrep-scan.ps1
2025-11-21T16:05:20.9480957Z 	./semgrep-simple.ps1
2025-11-21T16:05:20.9481138Z 	./semgrep.ps1
2025-11-21T16:05:20.9481307Z 	./services/rl/dispatch_env.py
2025-11-21T16:05:20.9481528Z 	./services/unified_dispatch/RUNBOOK.md
2025-11-21T16:05:20.9481769Z 	./services/unified_dispatch/TUNING.md
2025-11-21T16:05:20.9482020Z 	./temp_eval_registry/current/test_eval_test_arch.pth
2025-11-21T16:05:20.9482347Z 	./temp_eval_registry/metadata/test_eval_test_arch_v1.0.0.json
2025-11-21T16:05:20.9482672Z 	./temp_eval_registry/models/test_eval_test_arch_v1.0.0.pth
2025-11-21T16:05:20.9482961Z 	./temp_eval_registry/registry.json
2025-11-21T16:05:20.9483182Z 	./temp_ml_registry/registry.json
2025-11-21T16:05:20.9483399Z 	./temp_rl_registry/registry.json
2025-11-21T16:05:20.9483659Z 	./temp_symlink_registry/current/test_symlink_test_arch.pth
2025-11-21T16:05:20.9484010Z 	./temp_symlink_registry/metadata/test_symlink_test_arch_v1.0.0.json
2025-11-21T16:05:20.9484480Z 	./temp_symlink_registry/models/test_symlink_test_arch_v1.0.0.pth
2025-11-21T16:05:20.9484781Z 	./temp_symlink_registry/registry.json
2025-11-21T16:05:20.9485000Z 	./test-semgrep.ps1
2025-11-21T16:05:20.9485168Z 	./test_migrations.py
2025-11-21T16:05:20.9485350Z 	./tests/E2E_COMMANDS.md
2025-11-21T16:05:20.9485526Z 	./tests/TODO.md
2025-11-21T16:05:20.9485691Z 	./tests/__init__.py
2025-11-21T16:05:20.9485993Z 	./tests/chaos/test_traffic_control.py
2025-11-21T16:05:20.9486208Z 	./tests/conftest.py
2025-11-21T16:05:20.9486388Z 	./tests/e2e/README.md
2025-11-21T16:05:20.9486566Z 	./tests/e2e/__init__.py
2025-11-21T16:05:20.9486839Z 	./tests/e2e/test_disaster_scenarios.py
2025-11-21T16:05:20.9487223Z 	./tests/e2e/test_dispatch_e2e.py
2025-11-21T16:05:20.9487625Z 	./tests/e2e/test_dispatch_metrics_e2e.py
2025-11-21T16:05:20.9488026Z 	./tests/e2e/test_schema_validation.py
2025-11-21T16:05:20.9488390Z 	./tests/factories.py
2025-11-21T16:05:20.9488739Z 	./tests/integration/test_celery_rl_integration.py
2025-11-21T16:05:20.9489206Z 	./tests/integration/test_osrm_fallback.py
2025-11-21T16:05:20.9489619Z 	./tests/integration/test_pii_masking.py
2025-11-21T16:05:20.9489991Z 	./tests/ml/test_model_registry.py
2025-11-21T16:05:20.9490350Z 	./tests/rl/__init__.py
2025-11-21T16:05:20.9490740Z 	./tests/rl/test_action_masking_comprehensive.py
2025-11-21T16:05:20.9491238Z 	./tests/rl/test_action_masking_edges.py
2025-11-21T16:05:20.9491678Z 	./tests/rl/test_dispatch_env.py
2025-11-21T16:05:20.9492149Z 	./tests/rl/test_dispatch_env_additional_edge_cases.py
2025-11-21T16:05:20.9492682Z 	./tests/rl/test_dispatch_env_comprehensive.py
2025-11-21T16:05:20.9493170Z 	./tests/rl/test_dispatch_env_edge_cases.py
2025-11-21T16:05:20.9493663Z 	./tests/rl/test_dispatch_env_simple_effective.py
2025-11-21T16:05:20.9494336Z 	./tests/rl/test_dispatch_env_simplified.py
2025-11-21T16:05:20.9494826Z 	./tests/rl/test_dispatch_env_targeted.py
2025-11-21T16:05:20.9495279Z 	./tests/rl/test_dispatch_env_ultra_simple.py
2025-11-21T16:05:20.9495779Z 	./tests/rl/test_dispatch_env_ultra_targeted.py
2025-11-21T16:05:20.9496234Z 	./tests/rl/test_distributional_dqn.py
2025-11-21T16:05:20.9496661Z 	./tests/rl/test_distributional_dqn_basic.py
2025-11-21T16:05:20.9497016Z 	./tests/rl/test_distributional_dqn_minimal.py
2025-11-21T16:05:20.9497270Z 	./tests/rl/test_dueling_edge_cases.py
2025-11-21T16:05:20.9497509Z 	./tests/rl/test_dueling_network.py
2025-11-21T16:05:20.9497765Z 	./tests/rl/test_extended_coverage.py
2025-11-21T16:05:20.9497997Z 	./tests/rl/test_final_coverage.py
2025-11-21T16:05:20.9498232Z 	./tests/rl/test_hyperparameter_tuner.py
2025-11-21T16:05:20.9498493Z 	./tests/rl/test_hyperparameter_tuner_basic.py
2025-11-21T16:05:20.9498803Z 	./tests/rl/test_hyperparameter_tuner_comprehensive.py
2025-11-21T16:05:20.9499115Z 	./tests/rl/test_hyperparameter_tuner_simplified.py
2025-11-21T16:05:20.9499425Z 	./tests/rl/test_hyperparameter_tuner_ultra_simple.py
2025-11-21T16:05:20.9499707Z 	./tests/rl/test_improved_dqn_agent_basic.py
2025-11-21T16:05:20.9499972Z 	./tests/rl/test_improved_dqn_agent_coverage.py
2025-11-21T16:05:20.9500394Z 	./tests/rl/test_improved_dqn_agent_extended.py
2025-11-21T16:05:20.9500672Z 	./tests/rl/test_integration_comprehensive.py
2025-11-21T16:05:20.9500929Z 	./tests/rl/test_n_step_buffer.py
2025-11-21T16:05:20.9501164Z 	./tests/rl/test_n_step_buffer_missing_lines.py
2025-11-21T16:05:20.9501450Z 	./tests/rl/test_n_step_buffer_missing_lines_final.py
2025-11-21T16:05:20.9501748Z 	./tests/rl/test_n_step_buffer_simple_effective.py
2025-11-21T16:05:20.9502017Z 	./tests/rl/test_noisy_layers.py
2025-11-21T16:05:20.9502241Z 	./tests/rl/test_noisy_networks_basic.py
2025-11-21T16:05:20.9502503Z 	./tests/rl/test_nstep_buffer_comprehensive.py
2025-11-21T16:05:20.9502771Z 	./tests/rl/test_nstep_buffer_missing_lines.py
2025-11-21T16:05:20.9503020Z 	./tests/rl/test_nstep_edge_cases.py
2025-11-21T16:05:20.9503307Z 	./tests/rl/test_optimal_hyperparameters_comprehensive.py
2025-11-21T16:05:20.9503607Z 	./tests/rl/test_osrm_fallback_edge_cases.py
2025-11-21T16:05:20.9503887Z 	./tests/rl/test_per_comprehensive.py
2025-11-21T16:05:20.9504290Z 	./tests/rl/test_per_edge_cases.py
2025-11-21T16:05:20.9504527Z 	./tests/rl/test_q_network.py
2025-11-21T16:05:20.9504741Z 	./tests/rl/test_q_network_coverage.py
2025-11-21T16:05:20.9504993Z 	./tests/rl/test_q_network_missing_lines.py
2025-11-21T16:05:20.9505264Z 	./tests/rl/test_replay_buffer_missing_lines.py
2025-11-21T16:05:20.9505664Z 	./tests/rl/test_reward_shaping_comprehensive.py
2025-11-21T16:05:20.9505931Z 	./tests/rl/test_rl_celery_edge_cases.py
2025-11-21T16:05:20.9506166Z 	./tests/rl/test_rl_logger_basic.py
2025-11-21T16:05:20.9506399Z 	./tests/rl/test_rl_logger_minimal.py
2025-11-21T16:05:20.9506628Z 	./tests/rl/test_shadow_mode.py
2025-11-21T16:05:20.9506865Z 	./tests/rl/test_shadow_mode_manager_basic.py
2025-11-21T16:05:20.9507142Z 	./tests/rl/test_shadow_mode_manager_comprehensive.py
2025-11-21T16:05:20.9507438Z 	./tests/rl/test_shadow_mode_manager_correct.py
2025-11-21T16:05:20.9507709Z 	./tests/rl/test_shadow_mode_manager_simple.py
2025-11-21T16:05:20.9507998Z 	./tests/rl/test_shadow_mode_manager_simple_correct.py
2025-11-21T16:05:20.9508299Z 	./tests/rl/test_shadow_mode_manager_uncovered.py
2025-11-21T16:05:20.9508566Z 	./tests/rl/test_simple_coverage.py
2025-11-21T16:05:20.9508813Z 	./tests/rl/test_sprint1_improvements.py
2025-11-21T16:05:20.9509194Z 	./tests/rl/test_suggestion_generator.py
2025-11-21T16:05:20.9509641Z 	./tests/rl/test_suggestion_generator_basic.py
2025-11-21T16:05:20.9509982Z 	./tests/rl/test_suggestion_generator_comprehensive.py
2025-11-21T16:05:20.9510270Z 	./tests/rl/test_suggestion_generator_final.py
2025-11-21T16:05:20.9510538Z 	./tests/rl/test_suggestion_generator_fixed.py
2025-11-21T16:05:20.9510828Z 	./tests/rl/test_suggestion_generator_internal_methods.py
2025-11-21T16:05:20.9511143Z 	./tests/rl/test_suggestion_generator_minimal.py
2025-11-21T16:05:20.9511434Z 	./tests/rl/test_suggestion_generator_minimal_fixed.py
2025-11-21T16:05:20.9511726Z 	./tests/rl/test_suggestion_generator_simple.py
2025-11-21T16:05:20.9512027Z 	./tests/rl/test_suggestion_generator_simple_effective.py
2025-11-21T16:05:20.9512356Z 	./tests/rl/test_suggestion_generator_simple_existing.py
2025-11-21T16:05:20.9512666Z 	./tests/rl/test_suggestion_generator_ultra_final.py
2025-11-21T16:05:20.9512943Z 	./tests/rl/test_websocket_edge_cases.py
2025-11-21T16:05:20.9513189Z 	./tests/routes/test_input_validation.py
2025-11-21T16:05:20.9513454Z 	./tests/routes/test_secret_rotation_monitoring.py
2025-11-21T16:05:20.9513718Z 	./tests/schemas/test_validation.py
2025-11-21T16:05:20.9513938Z 	./tests/security/__init__.py
2025-11-21T16:05:20.9514282Z 	./tests/security/test_audit_logging.py
2025-11-21T16:05:20.9514520Z 	./tests/security/test_csrf.py
2025-11-21T16:05:20.9514737Z 	./tests/security/test_ip_whitelist.py
2025-11-21T16:05:20.9514989Z 	./tests/security/test_ip_whitelist_alerts.py
2025-11-21T16:05:20.9515245Z 	./tests/security/test_jwt_hardening.py
2025-11-21T16:05:20.9515501Z 	./tests/security/test_logging_centralized.py
2025-11-21T16:05:20.9515900Z 	./tests/security/test_md5_to_sha256_migration.py
2025-11-21T16:05:20.9516173Z 	./tests/security/test_owasp_top10.py
2025-11-21T16:05:20.9516414Z 	./tests/security/test_phase3_integration.py
2025-11-21T16:05:20.9516682Z 	./tests/security/test_security_integration.py
2025-11-21T16:05:20.9516942Z 	./tests/security/test_security_metrics.py
2025-11-21T16:05:20.9517196Z 	./tests/security/test_security_validation.py
2025-11-21T16:05:20.9517457Z 	./tests/security/test_sql_injection.py
2025-11-21T16:05:20.9517696Z 	./tests/security/test_token_blacklist.py
2025-11-21T16:05:20.9517942Z 	./tests/security/test_vault_rotation.py
2025-11-21T16:05:20.9518173Z 	./tests/security/test_xss.py
2025-11-21T16:05:20.9518413Z 	./tests/services/test_secret_rotation_monitor.py
2025-11-21T16:05:20.9518697Z 	./tests/services/unified_dispatch/test_apply.py
2025-11-21T16:05:20.9518986Z 	./tests/services/unified_dispatch/test_settings.py
2025-11-21T16:05:20.9519259Z 	./tests/shared/test_input_sanitizer.py
2025-11-21T16:05:20.9519489Z 	./tests/smoke/__init__.py
2025-11-21T16:05:20.9519701Z 	./tests/smoke/test_smoke.py
2025-11-21T16:05:20.9519916Z 	./tests/test_a1_temporal_conflicts.py
2025-11-21T16:05:20.9520153Z 	./tests/test_a2_idempotence.py
2025-11-21T16:05:20.9520362Z 	./tests/test_a3_dlq.py
2025-11-21T16:05:20.9520552Z 	./tests/test_a4_slo.py
2025-11-21T16:05:20.9520738Z 	./tests/test_a5_osrm_cache.py
2025-11-21T16:05:20.9521080Z 	./tests/test_alerts_comprehensive.py
2025-11-21T16:05:20.9521310Z 	./tests/test_alerts_delay_risk.py
2025-11-21T16:05:20.9521530Z 	./tests/test_api_slo.py
2025-11-21T16:05:20.9521732Z 	./tests/test_api_versioning.py
2025-11-21T16:05:20.9521934Z 	./tests/test_auth.py
2025-11-21T16:05:20.9522130Z 	./tests/test_autonomous_manager.py
2025-11-21T16:05:20.9522353Z 	./tests/test_b1_quality_score.py
2025-11-21T16:05:20.9522580Z 	./tests/test_b3_profiling.py
2025-11-21T16:05:20.9522784Z 	./tests/test_b4_rl_ab.py
2025-11-21T16:05:20.9522988Z 	./tests/test_b5_warm_start_gain.py
2025-11-21T16:05:20.9523202Z 	./tests/test_bookings.py
2025-11-21T16:05:20.9523415Z 	./tests/test_c1_clustering_stitch.py
2025-11-21T16:05:20.9523649Z 	./tests/test_c2_parallel_scoring.py
2025-11-21T16:05:20.9523875Z 	./tests/test_c3_websocket_ack.py
2025-11-21T16:05:20.9524097Z 	./tests/test_c4_gini_fairness.py
2025-11-21T16:05:20.9524409Z 	./tests/test_clients.py
2025-11-21T16:05:20.9524611Z 	./tests/test_d1_opentelemetry.py
2025-11-21T16:05:20.9524831Z 	./tests/test_d2_security.py
2025-11-21T16:05:20.9525038Z 	./tests/test_dispatch.py
2025-11-21T16:05:20.9525240Z 	./tests/test_dispatch_integration.py
2025-11-21T16:05:20.9525473Z 	./tests/test_dispatch_schemas.py
2025-11-21T16:05:20.9525714Z 	./tests/test_docker_production_comprehensive.py
2025-11-21T16:05:20.9525970Z 	./tests/test_drivers.py
2025-11-21T16:05:20.9526160Z 	./tests/test_engine.py
2025-11-21T16:05:20.9526348Z 	./tests/test_feature_flags.py
2025-11-21T16:05:20.9526554Z 	./tests/test_geo_utils.py
2025-11-21T16:05:20.9526745Z 	./tests/test_heuristics.py
2025-11-21T16:05:20.9526952Z 	./tests/test_logging_utils.py
2025-11-21T16:05:20.9527163Z 	./tests/test_ml_integration.py
2025-11-21T16:05:20.9527376Z 	./tests/test_ml_monitoring.py
2025-11-21T16:05:20.9527673Z 	./tests/test_models.py
2025-11-21T16:05:20.9527960Z 	./tests/test_osrm_client.py
2025-11-21T16:05:20.9528171Z 	./tests/test_phase2_schemas.py
2025-11-21T16:05:20.9528381Z 	./tests/test_pii_masking.py
2025-11-21T16:05:20.9528607Z 	./tests/test_prometheus_metrics.py
2025-11-21T16:05:20.9528825Z 	./tests/test_purge_tasks.py
2025-11-21T16:05:20.9529030Z 	./tests/test_rate_limiting.py
2025-11-21T16:05:20.9529225Z 	./tests/test_retry.py
2025-11-21T16:05:20.9529412Z 	./tests/test_rl_logger.py
2025-11-21T16:05:20.9529607Z 	./tests/test_safety_guards.py
2025-11-21T16:05:20.9529813Z 	./tests/test_safety_limits.py
2025-11-21T16:05:20.9530025Z 	./tests/test_shadow_mode.py
2025-11-21T16:05:20.9530242Z 	./tests/test_shadow_mode_comprehensive.py
2025-11-21T16:05:20.9530494Z 	./tests/test_solver.py
2025-11-21T16:05:20.9530677Z 	./tests/test_utils.py
2025-11-21T16:05:20.9530999Z 	./tests/test_validation_schemas.py
2025-11-21T16:05:20.9531237Z 	./tests/test_weather_service.py
2025-11-21T16:05:20.9531493Z 	./tests/unified_dispatch/test_merge_overrides.py
2025-11-21T16:05:20.9531786Z 	./tests/unified_dispatch/test_preferred_driver.py
2025-11-21T16:05:20.9531981Z 
2025-11-21T16:05:20.9532048Z Test results:
2025-11-21T16:05:20.9532233Z 	No issues identified.
2025-11-21T16:05:20.9532347Z 
2025-11-21T16:05:20.9532414Z Code scanned:
2025-11-21T16:05:20.9532590Z 	Total lines of code: 58806
2025-11-21T16:05:20.9532797Z 	Total lines skipped (#nosec): 0
2025-11-21T16:05:20.9533169Z 	Total potential issues skipped due to specifically being disabled (e.g., #nosec BXXX): 0
2025-11-21T16:05:20.9533479Z 
2025-11-21T16:05:20.9533548Z Run metrics:
2025-11-21T16:05:20.9533715Z 	Total issues (by severity):
2025-11-21T16:05:20.9533915Z 		Undefined: 0
2025-11-21T16:05:20.9534069Z 		Low: 91
2025-11-21T16:05:20.9534337Z 		Medium: 6
2025-11-21T16:05:20.9534483Z 		High: 0
2025-11-21T16:05:20.9534658Z 	Total issues (by confidence):
2025-11-21T16:05:20.9534852Z 		Undefined: 0
2025-11-21T16:05:20.9535009Z 		Low: 0
2025-11-21T16:05:20.9535150Z 		Medium: 19
2025-11-21T16:05:20.9535306Z 		High: 78
2025-11-21T16:05:20.9535464Z Files skipped (0):
2025-11-21T16:05:20.9737794Z ✅ Aucune vulnérabilité HIGH ou CRITICAL détectée
2025-11-21T16:05:20.9764417Z ##[group]Run cd backend
2025-11-21T16:05:20.9764872Z [36;1mcd backend[0m
2025-11-21T16:05:20.9765114Z [36;1m# Générer rapport JSON (ne bloque pas)[0m
2025-11-21T16:05:20.9765585Z [36;1msemgrep --config p/ci --config p/security-audit . --json -o ../artifacts/semgrep.json || true[0m
2025-11-21T16:05:20.9766008Z [36;1m[0m
2025-11-21T16:05:20.9766263Z [36;1m# Afficher un résumé des findings pour améliorer la lisibilité[0m
2025-11-21T16:05:20.9766619Z [36;1mif [ -f ../artifacts/semgrep.json ]; then[0m
2025-11-21T16:05:20.9766884Z [36;1m  echo "📊 Résumé Semgrep:"[0m
2025-11-21T16:05:20.9767110Z [36;1m  python3 << 'EOF'[0m
2025-11-21T16:05:20.9767317Z [36;1mimport json[0m
2025-11-21T16:05:20.9767490Z [36;1mimport sys[0m
2025-11-21T16:05:20.9767660Z [36;1m[0m
2025-11-21T16:05:20.9767803Z [36;1mtry:[0m
2025-11-21T16:05:20.9768035Z [36;1m    with open('../artifacts/semgrep.json', 'r') as f:[0m
2025-11-21T16:05:20.9768438Z [36;1m        data = json.load(f)[0m
2025-11-21T16:05:20.9768722Z [36;1m        results = data.get('results', [])[0m
2025-11-21T16:05:20.9768974Z [36;1m        if results:[0m
2025-11-21T16:05:20.9769259Z [36;1m            print(f"   ⚠️  Trouvé {len(results)} problème(s) de sécurité")[0m
2025-11-21T16:05:20.9769588Z [36;1m            # Afficher les 5 premiers findings[0m
2025-11-21T16:05:20.9769876Z [36;1m            for i, r in enumerate(results[:5], 1):[0m
2025-11-21T16:05:20.9770166Z [36;1m                check_id = r.get('check_id', 'unknown')[0m
2025-11-21T16:05:20.9770440Z [36;1m                path = r.get('path', 'unknown')[0m
2025-11-21T16:05:20.9770731Z [36;1m                line = r.get('start', {}).get('line', 'unknown')[0m
2025-11-21T16:05:20.9771021Z [36;1m                message = r.get('message', '')[:80][0m
2025-11-21T16:05:20.9771290Z [36;1m                print(f"   {i}. {check_id}")[0m
2025-11-21T16:05:20.9771549Z [36;1m                print(f"      📁 {path}:{line}")[0m
2025-11-21T16:05:20.9771815Z [36;1m                print(f"      💬 {message}...")[0m
2025-11-21T16:05:20.9772071Z [36;1m            if len(results) > 5:[0m
2025-11-21T16:05:20.9772354Z [36;1m                print(f"   ... et {len(results) - 5} autre(s) problème(s)")[0m
2025-11-21T16:05:20.9772654Z [36;1m        else:[0m
2025-11-21T16:05:20.9772891Z [36;1m            print("   ✅ Aucun problème de sécurité détecté")[0m
2025-11-21T16:05:20.9773179Z [36;1mexcept Exception as e:[0m
2025-11-21T16:05:20.9773458Z [36;1m    print(f"   ❌ Erreur lors de la lecture du rapport: {e}")[0m
2025-11-21T16:05:20.9773731Z [36;1mEOF[0m
2025-11-21T16:05:20.9773894Z [36;1mfi[0m
2025-11-21T16:05:20.9774047Z [36;1m[0m
2025-11-21T16:05:20.9774464Z [36;1m# Vérifier règles de sécurité (bloque si trouvées)[0m
2025-11-21T16:05:20.9774828Z [36;1msemgrep --config p/ci --config p/security-audit . --error[0m
2025-11-21T16:05:20.9806846Z shell: /usr/bin/bash -e {0}
2025-11-21T16:05:20.9807067Z env:
2025-11-21T16:05:20.9807319Z   pythonLocation: /opt/hostedtoolcache/Python/3.11.14/x64
2025-11-21T16:05:20.9807866Z   PKG_CONFIG_PATH: /opt/hostedtoolcache/Python/3.11.14/x64/lib/pkgconfig
2025-11-21T16:05:20.9808245Z   Python_ROOT_DIR: /opt/hostedtoolcache/Python/3.11.14/x64
2025-11-21T16:05:20.9808577Z   Python2_ROOT_DIR: /opt/hostedtoolcache/Python/3.11.14/x64
2025-11-21T16:05:20.9808919Z   Python3_ROOT_DIR: /opt/hostedtoolcache/Python/3.11.14/x64
2025-11-21T16:05:20.9809252Z   LD_LIBRARY_PATH: /opt/hostedtoolcache/Python/3.11.14/x64/lib
2025-11-21T16:05:20.9809532Z ##[endgroup]
2025-11-21T16:05:23.7344985Z                
2025-11-21T16:05:23.7345313Z                
2025-11-21T16:05:23.7345743Z ┌─────────────┐
2025-11-21T16:05:23.7345999Z │ Scan Status │
2025-11-21T16:05:23.7346257Z └─────────────┘
2025-11-21T16:05:23.7353191Z   Scanning 352 files tracked by git with 345 Code rules:
2025-11-21T16:05:23.8251020Z                                                                                                                         
2025-11-21T16:05:23.8252226Z   Language      Rules   Files          Origin      Rules                                                                
2025-11-21T16:05:23.8253320Z  ─────────────────────────────        ───────────────────                                                               
2025-11-21T16:05:23.8253963Z   <multilang>       4     352          Community     345                                                                
2025-11-21T16:05:23.8254916Z   python           93     231                                                                                           
2025-11-21T16:05:23.8255528Z   json              1      57                                                                                           
2025-11-21T16:05:23.8256051Z   yaml              7       1                                                                                           
2025-11-21T16:05:23.8256615Z   dockerfile        3       1                                                                                           
2025-11-21T16:05:23.8257174Z                                                                                                                         
2025-11-21T16:05:33.1242593Z                 
2025-11-21T16:05:33.1242989Z                 
2025-11-21T16:05:33.1243534Z ┌──────────────┐
2025-11-21T16:05:33.1243859Z │ Scan Summary │
2025-11-21T16:05:33.1244423Z └──────────────┘
2025-11-21T16:05:33.1244838Z ✅ Scan completed successfully.
2025-11-21T16:05:33.1245308Z  • Findings: 0 (0 blocking)
2025-11-21T16:05:33.1245695Z  • Rules run: 107
2025-11-21T16:05:33.1246056Z  • Targets scanned: 352
2025-11-21T16:05:33.1246445Z  • Parsed lines: ~100.0%
2025-11-21T16:05:33.1246812Z  • Scan skipped: 
2025-11-21T16:05:33.1247217Z    ◦ Files larger than  files 1.0 MB: 6
2025-11-21T16:05:33.1247765Z    ◦ Files matching .semgrepignore patterns: 226
2025-11-21T16:05:33.1248318Z  • Scan was limited to files tracked by git
2025-11-21T16:05:33.1249120Z  • For a detailed list of skipped files and lines, run semgrep with the --verbose flag
2025-11-21T16:05:33.1249816Z Ran 107 rules on 352 files: 0 findings.
2025-11-21T16:05:33.1250477Z (need more rules? `semgrep login` for additional free Semgrep Registry rules)
2025-11-21T16:05:33.1250971Z 
2025-11-21T16:05:33.1297585Z If Semgrep missed a finding, please send us feedback to let us know!
2025-11-21T16:05:33.1298327Z See https://semgrep.dev/docs/reporting-false-negatives/
2025-11-21T16:05:33.8566709Z 📊 Résumé Semgrep:
2025-11-21T16:05:33.8734590Z    ✅ Aucun problème de sécurité détecté
2025-11-21T16:05:36.1893307Z                
2025-11-21T16:05:36.1894038Z                
2025-11-21T16:05:36.1895002Z ┌─────────────┐
2025-11-21T16:05:36.1895436Z │ Scan Status │
2025-11-21T16:05:36.1896007Z └─────────────┘
2025-11-21T16:05:36.1902174Z   Scanning 352 files tracked by git with 345 Code rules:
2025-11-21T16:05:36.2782931Z                                                                                                                         
2025-11-21T16:05:36.2783928Z   Language      Rules   Files          Origin      Rules                                                                
2025-11-21T16:05:36.2785720Z  ─────────────────────────────        ───────────────────                                                               
2025-11-21T16:05:36.2786522Z   <multilang>       4     352          Community     345                                                                
2025-11-21T16:05:36.2798302Z   python           93     231                                                                                           
2025-11-21T16:05:36.2798978Z   json              1      57                                                                                           
2025-11-21T16:05:36.2799545Z   yaml              7       1                                                                                           
2025-11-21T16:05:36.2800159Z   dockerfile        3       1                                                                                           
2025-11-21T16:05:36.2801001Z                                                                                                                         
2025-11-21T16:05:45.0209943Z                 
2025-11-21T16:05:45.0210459Z                 
2025-11-21T16:05:45.0211144Z ┌──────────────┐
2025-11-21T16:05:45.0211502Z │ Scan Summary │
2025-11-21T16:05:45.0211806Z └──────────────┘
2025-11-21T16:05:45.0212153Z ✅ Scan completed successfully.
2025-11-21T16:05:45.0212575Z  • Findings: 0 (0 blocking)
2025-11-21T16:05:45.0212920Z  • Rules run: 107
2025-11-21T16:05:45.0213237Z  • Targets scanned: 352
2025-11-21T16:05:45.0213579Z  • Parsed lines: ~100.0%
2025-11-21T16:05:45.0213926Z  • Scan skipped: 
2025-11-21T16:05:45.0214622Z    ◦ Files larger than  files 1.0 MB: 6
2025-11-21T16:05:45.0215128Z    ◦ Files matching .semgrepignore patterns: 226
2025-11-21T16:05:45.0215642Z  • Scan was limited to files tracked by git
2025-11-21T16:05:45.0216337Z  • For a detailed list of skipped files and lines, run semgrep with the --verbose flag
2025-11-21T16:05:45.0216982Z Ran 107 rules on 352 files: 0 findings.
2025-11-21T16:05:45.0217546Z (need more rules? `semgrep login` for additional free Semgrep Registry rules)
2025-11-21T16:05:45.0217986Z 
2025-11-21T16:05:45.0219644Z If Semgrep missed a finding, please send us feedback to let us know!
2025-11-21T16:05:45.0220287Z See https://semgrep.dev/docs/reporting-false-negatives/
2025-11-21T16:05:45.7769301Z ##[group]Run actions/upload-artifact@v4
2025-11-21T16:05:45.7769573Z with:
2025-11-21T16:05:45.7769741Z   name: security-reports
2025-11-21T16:05:45.7769948Z   path: artifacts/*.json
2025-11-21T16:05:45.7770136Z   retention-days: 30
2025-11-21T16:05:45.7770327Z   if-no-files-found: warn
2025-11-21T16:05:45.7770521Z   compression-level: 6
2025-11-21T16:05:45.7770705Z   overwrite: false
2025-11-21T16:05:45.7770884Z   include-hidden-files: false
2025-11-21T16:05:45.7771087Z env:
2025-11-21T16:05:45.7771307Z   pythonLocation: /opt/hostedtoolcache/Python/3.11.14/x64
2025-11-21T16:05:45.7771700Z   PKG_CONFIG_PATH: /opt/hostedtoolcache/Python/3.11.14/x64/lib/pkgconfig
2025-11-21T16:05:45.7772108Z   Python_ROOT_DIR: /opt/hostedtoolcache/Python/3.11.14/x64
2025-11-21T16:05:45.7772440Z   Python2_ROOT_DIR: /opt/hostedtoolcache/Python/3.11.14/x64
2025-11-21T16:05:45.7772796Z   Python3_ROOT_DIR: /opt/hostedtoolcache/Python/3.11.14/x64
2025-11-21T16:05:45.7773160Z   LD_LIBRARY_PATH: /opt/hostedtoolcache/Python/3.11.14/x64/lib
2025-11-21T16:05:45.7773440Z ##[endgroup]
2025-11-21T16:05:45.9883799Z With the provided path, there will be 2 files uploaded
2025-11-21T16:05:45.9888861Z Artifact name is valid!
2025-11-21T16:05:45.9890854Z Root directory input is valid!
2025-11-21T16:05:46.0990413Z Beginning upload of artifact content to blob storage
2025-11-21T16:05:46.1860217Z Uploaded bytes 16759
2025-11-21T16:05:46.2089001Z Finished uploading artifact content to blob storage!
2025-11-21T16:05:46.2092268Z SHA256 digest of uploaded artifact zip is ab03104512efaab2d324813544bd88f86070a490ccc2b6d672d031360b7395e3
2025-11-21T16:05:46.2093632Z Finalizing artifact upload
2025-11-21T16:05:46.2961716Z Artifact security-reports.zip successfully finalized. Artifact ID 4642163267
2025-11-21T16:05:46.2963483Z Artifact security-reports has been successfully uploaded! Final size is 16759 bytes. Artifact ID is 4642163267
2025-11-21T16:05:46.2970735Z Artifact download URL: https://github.com/djasiqi/atmr/actions/runs/19576210336/artifacts/4642163267
2025-11-21T16:05:46.3092448Z ##[group]Run actions/upload-artifact@v4
2025-11-21T16:05:46.3092713Z with:
2025-11-21T16:05:46.3092896Z   name: bandit-html-report
2025-11-21T16:05:46.3093121Z   path: artifacts/bandit.html
2025-11-21T16:05:46.3093332Z   retention-days: 30
2025-11-21T16:05:46.3093527Z   if-no-files-found: warn
2025-11-21T16:05:46.3093731Z   compression-level: 6
2025-11-21T16:05:46.3093921Z   overwrite: false
2025-11-21T16:05:46.3094267Z   include-hidden-files: false
2025-11-21T16:05:46.3094617Z env:
2025-11-21T16:05:46.3094845Z   pythonLocation: /opt/hostedtoolcache/Python/3.11.14/x64
2025-11-21T16:05:46.3095239Z   PKG_CONFIG_PATH: /opt/hostedtoolcache/Python/3.11.14/x64/lib/pkgconfig
2025-11-21T16:05:46.3095664Z   Python_ROOT_DIR: /opt/hostedtoolcache/Python/3.11.14/x64
2025-11-21T16:05:46.3096010Z   Python2_ROOT_DIR: /opt/hostedtoolcache/Python/3.11.14/x64
2025-11-21T16:05:46.3096350Z   Python3_ROOT_DIR: /opt/hostedtoolcache/Python/3.11.14/x64
2025-11-21T16:05:46.3096719Z   LD_LIBRARY_PATH: /opt/hostedtoolcache/Python/3.11.14/x64/lib
2025-11-21T16:05:46.3097001Z ##[endgroup]
2025-11-21T16:05:46.5288709Z With the provided path, there will be 1 file uploaded
2025-11-21T16:05:46.5293787Z Artifact name is valid!
2025-11-21T16:05:46.5295495Z Root directory input is valid!
2025-11-21T16:05:46.6460019Z Beginning upload of artifact content to blob storage
2025-11-21T16:05:46.7164540Z Uploaded bytes 9209
2025-11-21T16:05:46.7380433Z Finished uploading artifact content to blob storage!
2025-11-21T16:05:46.7383994Z SHA256 digest of uploaded artifact zip is 8c298cc49b0721d37d90295a39c6f6b09e6c7784e1bbd9b7ca1e180515405cf5
2025-11-21T16:05:46.7386270Z Finalizing artifact upload
2025-11-21T16:05:46.8217525Z Artifact bandit-html-report.zip successfully finalized. Artifact ID 4642163364
2025-11-21T16:05:46.8218587Z Artifact bandit-html-report has been successfully uploaded! Final size is 9209 bytes. Artifact ID is 4642163364
2025-11-21T16:05:46.8225476Z Artifact download URL: https://github.com/djasiqi/atmr/actions/runs/19576210336/artifacts/4642163364
2025-11-21T16:05:46.8342477Z Post job cleanup.
2025-11-21T16:05:46.9971979Z Post job cleanup.
2025-11-21T16:05:47.0928748Z [command]/usr/bin/git version
2025-11-21T16:05:47.0969807Z git version 2.51.2
2025-11-21T16:05:47.1015762Z Temporarily overriding HOME='/home/runner/work/_temp/fb476dcd-b1eb-4717-84f7-65c6d374be12' before making global git config changes
2025-11-21T16:05:47.1017151Z Adding repository directory to the temporary git global config as a safe directory
2025-11-21T16:05:47.1022612Z [command]/usr/bin/git config --global --add safe.directory /home/runner/work/atmr/atmr
2025-11-21T16:05:47.1060268Z [command]/usr/bin/git config --local --name-only --get-regexp core\.sshCommand
2025-11-21T16:05:47.1094439Z [command]/usr/bin/git submodule foreach --recursive sh -c "git config --local --name-only --get-regexp 'core\.sshCommand' && git config --local --unset-all 'core.sshCommand' || :"
2025-11-21T16:05:47.1340864Z [command]/usr/bin/git config --local --name-only --get-regexp http\.https\:\/\/github\.com\/\.extraheader
2025-11-21T16:05:47.1363566Z http.https://github.com/.extraheader
2025-11-21T16:05:47.1376135Z [command]/usr/bin/git config --local --unset-all http.https://github.com/.extraheader
2025-11-21T16:05:47.1408523Z [command]/usr/bin/git submodule foreach --recursive sh -c "git config --local --name-only --get-regexp 'http\.https\:\/\/github\.com\/\.extraheader' && git config --local --unset-all 'http.https://github.com/.extraheader' || :"
2025-11-21T16:05:47.1631972Z [command]/usr/bin/git config --local --name-only --get-regexp ^includeIf\.gitdir:
2025-11-21T16:05:47.1662394Z [command]/usr/bin/git submodule foreach --recursive git config --local --show-origin --name-only --get-regexp remote.origin.url
2025-11-21T16:05:47.1986421Z Cleaning up orphan processes
