2025-11-21T16:04:32.5671166Z Current runner version: '2.329.0'
2025-11-21T16:04:32.5693750Z ##[group]Runner Image Provisioner
2025-11-21T16:04:32.5694596Z Hosted Compute Agent
2025-11-21T16:04:32.5695117Z Version: 20251016.436
2025-11-21T16:04:32.5695726Z Commit: 8ab8ac8bfd662a3739dab9fe09456aba92132568
2025-11-21T16:04:32.5696432Z Build Date: 2025-10-15T20:44:12Z
2025-11-21T16:04:32.5697035Z ##[endgroup]
2025-11-21T16:04:32.5697541Z ##[group]Operating System
2025-11-21T16:04:32.5698470Z Ubuntu
2025-11-21T16:04:32.5698999Z 24.04.3
2025-11-21T16:04:32.5699443Z LTS
2025-11-21T16:04:32.5699940Z ##[endgroup]
2025-11-21T16:04:32.5700420Z ##[group]Runner Image
2025-11-21T16:04:32.5700990Z Image: ubuntu-24.04
2025-11-21T16:04:32.5701459Z Version: 20251112.124.1
2025-11-21T16:04:32.5702584Z Included Software: https://github.com/actions/runner-images/blob/ubuntu24/20251112.124/images/ubuntu/Ubuntu2404-Readme.md
2025-11-21T16:04:32.5704017Z Image Release: https://github.com/actions/runner-images/releases/tag/ubuntu24%2F20251112.124
2025-11-21T16:04:32.5704938Z ##[endgroup]
2025-11-21T16:04:32.5705977Z ##[group]GITHUB_TOKEN Permissions
2025-11-21T16:04:32.5707853Z Actions: read
2025-11-21T16:04:32.5708381Z Contents: read
2025-11-21T16:04:32.5708872Z Metadata: read
2025-11-21T16:04:32.5709431Z ##[endgroup]
2025-11-21T16:04:32.5711463Z Secret source: Actions
2025-11-21T16:04:32.5712314Z Prepare workflow directory
2025-11-21T16:04:32.6295011Z Prepare all required actions
2025-11-21T16:04:32.6332726Z Getting action download info
2025-11-21T16:04:33.0367059Z Download action repository 'actions/checkout@v4' (SHA:34e114876b0b11c390a56381ad16ebd13914f8d5)
2025-11-21T16:04:33.6652272Z Download action repository 'actions/setup-python@v5' (SHA:a26af69be951a213d495a4c3e4e4022e16d87065)
2025-11-21T16:04:33.7400086Z Download action repository 'actions/upload-artifact@v4' (SHA:ea165f8d65b6e75b540449e92b4886f43607fa02)
2025-11-21T16:04:33.8969775Z Complete job name: Tests (pytest)
2025-11-21T16:04:33.9386214Z ##[group]Checking docker version
2025-11-21T16:04:33.9399839Z ##[command]/usr/bin/docker version --format '{{.Server.APIVersion}}'
2025-11-21T16:04:34.0138801Z '1.48'
2025-11-21T16:04:34.0146452Z Docker daemon API version: '1.48'
2025-11-21T16:04:34.0147362Z ##[command]/usr/bin/docker version --format '{{.Client.APIVersion}}'
2025-11-21T16:04:34.0303620Z '1.48'
2025-11-21T16:04:34.0313243Z Docker client API version: '1.48'
2025-11-21T16:04:34.0319408Z ##[endgroup]
2025-11-21T16:04:34.0322529Z ##[group]Clean up resources from previous jobs
2025-11-21T16:04:34.0328013Z ##[command]/usr/bin/docker ps --all --quiet --no-trunc --filter "label=3e0780"
2025-11-21T16:04:34.0470302Z ##[command]/usr/bin/docker network prune --force --filter "label=3e0780"
2025-11-21T16:04:34.0599584Z ##[endgroup]
2025-11-21T16:04:34.0600296Z ##[group]Create local container network
2025-11-21T16:04:34.0610987Z ##[command]/usr/bin/docker network create --label 3e0780 github_network_253819d7c3a747b5a65c12337ea4205d
2025-11-21T16:04:34.1030283Z 1f79f2a87f57f1fd97fa2e4d0a6b8c4322bf2edb2be0cdb1597407116af2f3c2
2025-11-21T16:04:34.1044687Z ##[endgroup]
2025-11-21T16:04:34.1070394Z ##[group]Starting postgres service container
2025-11-21T16:04:34.1089787Z ##[command]/usr/bin/docker pull postgres:16-alpine
2025-11-21T16:04:34.8471492Z 16-alpine: Pulling from library/postgres
2025-11-21T16:04:35.0405539Z 2d35ebdb57d9: Pulling fs layer
2025-11-21T16:04:35.0407167Z b9d06b7fef7a: Pulling fs layer
2025-11-21T16:04:35.0408471Z 1fc8985c6238: Pulling fs layer
2025-11-21T16:04:35.0409366Z 538c669d4f94: Pulling fs layer
2025-11-21T16:04:35.0410273Z f2db3dd76baa: Pulling fs layer
2025-11-21T16:04:35.0411147Z 5443128c2125: Pulling fs layer
2025-11-21T16:04:35.0412228Z ad6e868aea79: Pulling fs layer
2025-11-21T16:04:35.0413153Z 8e5dc03d34e5: Pulling fs layer
2025-11-21T16:04:35.0414195Z 670559ed8ba9: Pulling fs layer
2025-11-21T16:04:35.0415112Z a23babb82b92: Pulling fs layer
2025-11-21T16:04:35.0416128Z cab99cec2af7: Pulling fs layer
2025-11-21T16:04:35.0417038Z ad6e868aea79: Waiting
2025-11-21T16:04:35.0417839Z 8e5dc03d34e5: Waiting
2025-11-21T16:04:35.0418956Z 670559ed8ba9: Waiting
2025-11-21T16:04:35.0419747Z a23babb82b92: Waiting
2025-11-21T16:04:35.0420547Z cab99cec2af7: Waiting
2025-11-21T16:04:35.0421327Z 538c669d4f94: Waiting
2025-11-21T16:04:35.0422294Z f2db3dd76baa: Waiting
2025-11-21T16:04:35.0423079Z 5443128c2125: Waiting
2025-11-21T16:04:35.3138660Z b9d06b7fef7a: Verifying Checksum
2025-11-21T16:04:35.3141029Z b9d06b7fef7a: Download complete
2025-11-21T16:04:35.3552534Z 1fc8985c6238: Verifying Checksum
2025-11-21T16:04:35.3555283Z 1fc8985c6238: Download complete
2025-11-21T16:04:35.3952398Z 2d35ebdb57d9: Verifying Checksum
2025-11-21T16:04:35.3954439Z 2d35ebdb57d9: Download complete
2025-11-21T16:04:35.4948228Z 2d35ebdb57d9: Pull complete
2025-11-21T16:04:35.5170134Z b9d06b7fef7a: Pull complete
2025-11-21T16:04:35.5471660Z 1fc8985c6238: Pull complete
2025-11-21T16:04:35.5737156Z 538c669d4f94: Pull complete
2025-11-21T16:04:35.6056336Z f2db3dd76baa: Verifying Checksum
2025-11-21T16:04:35.6156674Z f2db3dd76baa: Pull complete
2025-11-21T16:04:35.8347455Z ad6e868aea79: Download complete
2025-11-21T16:04:35.8652714Z 8e5dc03d34e5: Verifying Checksum
2025-11-21T16:04:35.8653109Z 8e5dc03d34e5: Download complete
2025-11-21T16:04:36.0793612Z 670559ed8ba9: Download complete
2025-11-21T16:04:36.1248152Z a23babb82b92: Verifying Checksum
2025-11-21T16:04:36.1249718Z a23babb82b92: Download complete
2025-11-21T16:04:36.3328558Z cab99cec2af7: Verifying Checksum
2025-11-21T16:04:36.3329157Z cab99cec2af7: Download complete
2025-11-21T16:04:36.5354801Z 5443128c2125: Verifying Checksum
2025-11-21T16:04:36.5355464Z 5443128c2125: Download complete
2025-11-21T16:04:38.6054621Z 5443128c2125: Pull complete
2025-11-21T16:04:38.6171855Z ad6e868aea79: Pull complete
2025-11-21T16:04:38.6285063Z 8e5dc03d34e5: Pull complete
2025-11-21T16:04:38.6368658Z 670559ed8ba9: Pull complete
2025-11-21T16:04:38.6456183Z a23babb82b92: Pull complete
2025-11-21T16:04:38.6539812Z cab99cec2af7: Pull complete
2025-11-21T16:04:38.6591629Z Digest: sha256:79c06d285ed9186efbbc45c73413b3c3510c3c94ffede2f25d1e523f74d07f28
2025-11-21T16:04:38.6601426Z Status: Downloaded newer image for postgres:16-alpine
2025-11-21T16:04:38.6611258Z docker.io/library/postgres:16-alpine
2025-11-21T16:04:38.6666189Z ##[command]/usr/bin/docker create --name 0e1a67397a62463494ceb81f91c2b063_postgres16alpine_5f2225 --label 3e0780 --network github_network_253819d7c3a747b5a65c12337ea4205d --network-alias postgres -p 5432:5432 --health-cmd "pg_isready -U test -d atmr_test" --health-interval 10s --health-timeout 5s --health-retries 5 -e "POSTGRES_USER=test" -e "POSTGRES_PASSWORD=test" -e "POSTGRES_DB=atmr_test" -e GITHUB_ACTIONS=true -e CI=true postgres:16-alpine
2025-11-21T16:04:38.7006574Z 372b42ab7dfe82456440a057b4d12d624c46a0690e7081d4d9bdce7522e72a27
2025-11-21T16:04:38.7025437Z ##[command]/usr/bin/docker start 372b42ab7dfe82456440a057b4d12d624c46a0690e7081d4d9bdce7522e72a27
2025-11-21T16:04:38.8730507Z 372b42ab7dfe82456440a057b4d12d624c46a0690e7081d4d9bdce7522e72a27
2025-11-21T16:04:38.8747460Z ##[command]/usr/bin/docker ps --all --filter id=372b42ab7dfe82456440a057b4d12d624c46a0690e7081d4d9bdce7522e72a27 --filter status=running --no-trunc --format "{{.ID}} {{.Status}}"
2025-11-21T16:04:38.8873442Z 372b42ab7dfe82456440a057b4d12d624c46a0690e7081d4d9bdce7522e72a27 Up Less than a second (health: starting)
2025-11-21T16:04:38.8891233Z ##[command]/usr/bin/docker port 372b42ab7dfe82456440a057b4d12d624c46a0690e7081d4d9bdce7522e72a27
2025-11-21T16:04:38.9024849Z 5432/tcp -> 0.0.0.0:5432
2025-11-21T16:04:38.9025484Z 5432/tcp -> [::]:5432
2025-11-21T16:04:38.9067994Z ##[endgroup]
2025-11-21T16:04:38.9069264Z ##[group]Starting redis service container
2025-11-21T16:04:38.9070404Z ##[command]/usr/bin/docker pull redis:7-alpine
2025-11-21T16:04:39.6308289Z 7-alpine: Pulling from library/redis
2025-11-21T16:04:39.8293638Z f637881d1138: Pulling fs layer
2025-11-21T16:04:39.8294145Z 60c57c0072ef: Pulling fs layer
2025-11-21T16:04:39.8294587Z fc4343b4accd: Pulling fs layer
2025-11-21T16:04:39.8295005Z 380e8aa8b1fd: Pulling fs layer
2025-11-21T16:04:39.8295659Z c70aae7b5e0d: Pulling fs layer
2025-11-21T16:04:39.8295950Z 232f7549c9b0: Pulling fs layer
2025-11-21T16:04:39.8296237Z 4f4fb700ef54: Pulling fs layer
2025-11-21T16:04:39.8296536Z d75b3becd998: Pulling fs layer
2025-11-21T16:04:39.8296857Z c70aae7b5e0d: Waiting
2025-11-21T16:04:39.8297129Z 232f7549c9b0: Waiting
2025-11-21T16:04:39.8297437Z 4f4fb700ef54: Waiting
2025-11-21T16:04:39.8297767Z d75b3becd998: Waiting
2025-11-21T16:04:39.8298095Z 380e8aa8b1fd: Waiting
2025-11-21T16:04:40.0850572Z 60c57c0072ef: Verifying Checksum
2025-11-21T16:04:40.0851080Z 60c57c0072ef: Download complete
2025-11-21T16:04:40.1389629Z fc4343b4accd: Download complete
2025-11-21T16:04:40.1766031Z f637881d1138: Verifying Checksum
2025-11-21T16:04:40.1766419Z f637881d1138: Download complete
2025-11-21T16:04:40.2627886Z f637881d1138: Pull complete
2025-11-21T16:04:40.2787828Z 60c57c0072ef: Pull complete
2025-11-21T16:04:40.3755667Z fc4343b4accd: Pull complete
2025-11-21T16:04:40.4007292Z 380e8aa8b1fd: Verifying Checksum
2025-11-21T16:04:40.4007759Z 380e8aa8b1fd: Download complete
2025-11-21T16:04:40.4179887Z 232f7549c9b0: Download complete
2025-11-21T16:04:40.4257652Z 380e8aa8b1fd: Pull complete
2025-11-21T16:04:40.5328170Z c70aae7b5e0d: Verifying Checksum
2025-11-21T16:04:40.5328564Z c70aae7b5e0d: Download complete
2025-11-21T16:04:40.6544359Z 4f4fb700ef54: Verifying Checksum
2025-11-21T16:04:40.6544785Z 4f4fb700ef54: Download complete
2025-11-21T16:04:40.7007279Z d75b3becd998: Download complete
2025-11-21T16:04:40.7177063Z c70aae7b5e0d: Pull complete
2025-11-21T16:04:40.7244473Z 232f7549c9b0: Pull complete
2025-11-21T16:04:40.7313454Z 4f4fb700ef54: Pull complete
2025-11-21T16:04:40.7393723Z d75b3becd998: Pull complete
2025-11-21T16:04:40.7424043Z Digest: sha256:ee64a64eaab618d88051c3ade8f6352d11531fcf79d9a4818b9b183d8c1d18ba
2025-11-21T16:04:40.7432819Z Status: Downloaded newer image for redis:7-alpine
2025-11-21T16:04:40.7440830Z docker.io/library/redis:7-alpine
2025-11-21T16:04:40.7453688Z ##[command]/usr/bin/docker create --name c897f1fff1294771a9287723617ff0a8_redis7alpine_827303 --label 3e0780 --network github_network_253819d7c3a747b5a65c12337ea4205d --network-alias redis -p 6379:6379 --health-cmd "redis-cli ping" --health-interval 10s --health-timeout 5s --health-retries 5 -e GITHUB_ACTIONS=true -e CI=true redis:7-alpine
2025-11-21T16:04:40.7661915Z 8403eacb725eff4140fdd029bb9fc72f54832f7467bb08450708d25d4942a3d6
2025-11-21T16:04:40.7670045Z ##[command]/usr/bin/docker start 8403eacb725eff4140fdd029bb9fc72f54832f7467bb08450708d25d4942a3d6
2025-11-21T16:04:40.8909367Z 8403eacb725eff4140fdd029bb9fc72f54832f7467bb08450708d25d4942a3d6
2025-11-21T16:04:40.8917405Z ##[command]/usr/bin/docker ps --all --filter id=8403eacb725eff4140fdd029bb9fc72f54832f7467bb08450708d25d4942a3d6 --filter status=running --no-trunc --format "{{.ID}} {{.Status}}"
2025-11-21T16:04:40.9031850Z 8403eacb725eff4140fdd029bb9fc72f54832f7467bb08450708d25d4942a3d6 Up Less than a second (health: starting)
2025-11-21T16:04:40.9040615Z ##[command]/usr/bin/docker port 8403eacb725eff4140fdd029bb9fc72f54832f7467bb08450708d25d4942a3d6
2025-11-21T16:04:40.9158106Z 6379/tcp -> 0.0.0.0:6379
2025-11-21T16:04:40.9159061Z 6379/tcp -> [::]:6379
2025-11-21T16:04:40.9166630Z ##[endgroup]
2025-11-21T16:04:40.9178027Z ##[group]Waiting for all services to be ready
2025-11-21T16:04:40.9193281Z ##[command]/usr/bin/docker inspect --format="{{if .Config.Healthcheck}}{{print .State.Health.Status}}{{end}}" 372b42ab7dfe82456440a057b4d12d624c46a0690e7081d4d9bdce7522e72a27
2025-11-21T16:04:40.9306781Z starting
2025-11-21T16:04:40.9322186Z postgres service is starting, waiting 2 seconds before checking again.
2025-11-21T16:04:42.9336828Z ##[command]/usr/bin/docker inspect --format="{{if .Config.Healthcheck}}{{print .State.Health.Status}}{{end}}" 372b42ab7dfe82456440a057b4d12d624c46a0690e7081d4d9bdce7522e72a27
2025-11-21T16:04:42.9452992Z starting
2025-11-21T16:04:42.9460760Z postgres service is starting, waiting 4 seconds before checking again.
2025-11-21T16:04:47.2135939Z ##[command]/usr/bin/docker inspect --format="{{if .Config.Healthcheck}}{{print .State.Health.Status}}{{end}}" 372b42ab7dfe82456440a057b4d12d624c46a0690e7081d4d9bdce7522e72a27
2025-11-21T16:04:47.2255079Z starting
2025-11-21T16:04:47.2264039Z postgres service is starting, waiting 6 seconds before checking again.
2025-11-21T16:04:54.1257161Z ##[command]/usr/bin/docker inspect --format="{{if .Config.Healthcheck}}{{print .State.Health.Status}}{{end}}" 372b42ab7dfe82456440a057b4d12d624c46a0690e7081d4d9bdce7522e72a27
2025-11-21T16:04:54.1379782Z healthy
2025-11-21T16:04:54.1392469Z postgres service is healthy.
2025-11-21T16:04:54.1393219Z ##[command]/usr/bin/docker inspect --format="{{if .Config.Healthcheck}}{{print .State.Health.Status}}{{end}}" 8403eacb725eff4140fdd029bb9fc72f54832f7467bb08450708d25d4942a3d6
2025-11-21T16:04:54.1508589Z healthy
2025-11-21T16:04:54.1518126Z redis service is healthy.
2025-11-21T16:04:54.1518775Z ##[endgroup]
2025-11-21T16:04:54.1735429Z ##[group]Run actions/checkout@v4
2025-11-21T16:04:54.1735913Z with:
2025-11-21T16:04:54.1736104Z   repository: djasiqi/atmr
2025-11-21T16:04:54.1736500Z   token: ***
2025-11-21T16:04:54.1736682Z   ssh-strict: true
2025-11-21T16:04:54.1736851Z   ssh-user: git
2025-11-21T16:04:54.1737048Z   persist-credentials: true
2025-11-21T16:04:54.1737256Z   clean: true
2025-11-21T16:04:54.1737434Z   sparse-checkout-cone-mode: true
2025-11-21T16:04:54.1737664Z   fetch-depth: 1
2025-11-21T16:04:54.1737831Z   fetch-tags: false
2025-11-21T16:04:54.1738010Z   show-progress: true
2025-11-21T16:04:54.1738181Z   lfs: false
2025-11-21T16:04:54.1738345Z   submodules: false
2025-11-21T16:04:54.1738518Z   set-safe-directory: true
2025-11-21T16:04:54.1738849Z env:
2025-11-21T16:04:54.1739178Z   DATABASE_URL: ***localhost:5432/atmr_test
2025-11-21T16:04:54.1739420Z   PGHOST: localhost
2025-11-21T16:04:54.1739585Z   PGPORT: 5432
2025-11-21T16:04:54.1739752Z   PGUSER: test
2025-11-21T16:04:54.1739963Z   PGPASSWORD: test
2025-11-21T16:04:54.1740145Z   PGDATABASE: atmr_test
2025-11-21T16:04:54.1740367Z   REDIS_URL: redis://localhost:6379/0
2025-11-21T16:04:54.1740591Z   FLASK_CONFIG: testing
2025-11-21T16:04:54.1740781Z   SECRET_KEY: test-secret-key
2025-11-21T16:04:54.1740994Z   JWT_SECRET_KEY: test-jwt-secret
2025-11-21T16:04:54.1741295Z   APP_ENCRYPTION_KEY_B64: MDEyMzQ1Njc4OWFiY2RlZjAxMjM0NTY3ODlhYmNkZWY
2025-11-21T16:04:54.1741715Z   API_LEGACY_ENABLED: false
2025-11-21T16:04:54.1741952Z   PYTHONPATH: /home/runner/work/atmr/atmr
2025-11-21T16:04:54.1742435Z   SOCKETIO_ASYNC_MODE: threading
2025-11-21T16:04:54.1742636Z   SKIP_SOCKETIO: true
2025-11-21T16:04:54.1742822Z   SKIP_ROUTES_INIT: true
2025-11-21T16:04:54.1743013Z ##[endgroup]
2025-11-21T16:04:54.2732209Z Syncing repository: djasiqi/atmr
2025-11-21T16:04:54.2733783Z ##[group]Getting Git version info
2025-11-21T16:04:54.2734151Z Working directory is '/home/runner/work/atmr/atmr'
2025-11-21T16:04:54.2734690Z [command]/usr/bin/git version
2025-11-21T16:04:54.2793720Z git version 2.51.2
2025-11-21T16:04:54.2816479Z ##[endgroup]
2025-11-21T16:04:54.2837608Z Temporarily overriding HOME='/home/runner/work/_temp/25ae7db9-92b8-447a-8b13-02786d1cbf55' before making global git config changes
2025-11-21T16:04:54.2838380Z Adding repository directory to the temporary git global config as a safe directory
2025-11-21T16:04:54.2842555Z [command]/usr/bin/git config --global --add safe.directory /home/runner/work/atmr/atmr
2025-11-21T16:04:54.2873815Z Deleting the contents of '/home/runner/work/atmr/atmr'
2025-11-21T16:04:54.2876888Z ##[group]Initializing the repository
2025-11-21T16:04:54.2880753Z [command]/usr/bin/git init /home/runner/work/atmr/atmr
2025-11-21T16:04:54.2959278Z hint: Using 'master' as the name for the initial branch. This default branch name
2025-11-21T16:04:54.2960122Z hint: is subject to change. To configure the initial branch name to use in all
2025-11-21T16:04:54.2960867Z hint: of your new repositories, which will suppress this warning, call:
2025-11-21T16:04:54.2961233Z hint:
2025-11-21T16:04:54.2961489Z hint: 	git config --global init.defaultBranch <name>
2025-11-21T16:04:54.2962556Z hint:
2025-11-21T16:04:54.2962875Z hint: Names commonly chosen instead of 'master' are 'main', 'trunk' and
2025-11-21T16:04:54.2963308Z hint: 'development'. The just-created branch can be renamed via this command:
2025-11-21T16:04:54.2963630Z hint:
2025-11-21T16:04:54.2963807Z hint: 	git branch -m <name>
2025-11-21T16:04:54.2964019Z hint:
2025-11-21T16:04:54.2964306Z hint: Disable this message with "git config set advice.defaultBranchName false"
2025-11-21T16:04:54.2964760Z Initialized empty Git repository in /home/runner/work/atmr/atmr/.git/
2025-11-21T16:04:54.2974168Z [command]/usr/bin/git remote add origin https://github.com/djasiqi/atmr
2025-11-21T16:04:54.3001691Z ##[endgroup]
2025-11-21T16:04:54.3002438Z ##[group]Disabling automatic garbage collection
2025-11-21T16:04:54.3006811Z [command]/usr/bin/git config --local gc.auto 0
2025-11-21T16:04:54.3029666Z ##[endgroup]
2025-11-21T16:04:54.3030446Z ##[group]Setting up auth
2025-11-21T16:04:54.3037510Z [command]/usr/bin/git config --local --name-only --get-regexp core\.sshCommand
2025-11-21T16:04:54.3062698Z [command]/usr/bin/git submodule foreach --recursive sh -c "git config --local --name-only --get-regexp 'core\.sshCommand' && git config --local --unset-all 'core.sshCommand' || :"
2025-11-21T16:04:54.3322154Z [command]/usr/bin/git config --local --name-only --get-regexp http\.https\:\/\/github\.com\/\.extraheader
2025-11-21T16:04:54.3349681Z [command]/usr/bin/git submodule foreach --recursive sh -c "git config --local --name-only --get-regexp 'http\.https\:\/\/github\.com\/\.extraheader' && git config --local --unset-all 'http.https://github.com/.extraheader' || :"
2025-11-21T16:04:54.3519480Z [command]/usr/bin/git config --local --name-only --get-regexp ^includeIf\.gitdir:
2025-11-21T16:04:54.3557210Z [command]/usr/bin/git submodule foreach --recursive git config --local --show-origin --name-only --get-regexp remote.origin.url
2025-11-21T16:04:54.3730855Z [command]/usr/bin/git config --local http.https://github.com/.extraheader AUTHORIZATION: basic ***
2025-11-21T16:04:54.3759017Z ##[endgroup]
2025-11-21T16:04:54.3759633Z ##[group]Fetching the repository
2025-11-21T16:04:54.3767963Z [command]/usr/bin/git -c protocol.version=2 fetch --no-tags --prune --no-recurse-submodules --depth=1 origin +eb8ebd41331556cb02e0b60b7eef5801ca262ef1:refs/remotes/origin/main
2025-11-21T16:05:01.0355679Z From https://github.com/djasiqi/atmr
2025-11-21T16:05:01.0357662Z  * [new ref]         eb8ebd41331556cb02e0b60b7eef5801ca262ef1 -> origin/main
2025-11-21T16:05:01.0382484Z ##[endgroup]
2025-11-21T16:05:01.0383027Z ##[group]Determining the checkout info
2025-11-21T16:05:01.0384894Z ##[endgroup]
2025-11-21T16:05:01.0389612Z [command]/usr/bin/git sparse-checkout disable
2025-11-21T16:05:01.0423540Z [command]/usr/bin/git config --local --unset-all extensions.worktreeConfig
2025-11-21T16:05:01.0444212Z ##[group]Checking out the ref
2025-11-21T16:05:01.0448558Z [command]/usr/bin/git checkout --progress --force -B main refs/remotes/origin/main
2025-11-21T16:05:01.5191585Z Switched to a new branch 'main'
2025-11-21T16:05:01.5192244Z branch 'main' set up to track 'origin/main'.
2025-11-21T16:05:01.5211599Z ##[endgroup]
2025-11-21T16:05:01.5248470Z [command]/usr/bin/git log -1 --format=%H
2025-11-21T16:05:01.5271698Z eb8ebd41331556cb02e0b60b7eef5801ca262ef1
2025-11-21T16:05:01.5447079Z ##[group]Run actions/setup-python@v5
2025-11-21T16:05:01.5447327Z with:
2025-11-21T16:05:01.5447501Z   python-version: 3.11
2025-11-21T16:05:01.5447694Z   cache: pip
2025-11-21T16:05:01.5447900Z   cache-dependency-path: backend/requirements.txt
2025-11-21T16:05:01.5448165Z   check-latest: false
2025-11-21T16:05:01.5448474Z   token: ***
2025-11-21T16:05:01.5448649Z   update-environment: true
2025-11-21T16:05:01.5448857Z   allow-prereleases: false
2025-11-21T16:05:01.5449058Z   freethreaded: false
2025-11-21T16:05:01.5449236Z env:
2025-11-21T16:05:01.5449630Z   DATABASE_URL: ***localhost:5432/atmr_test
2025-11-21T16:05:01.5449984Z   PGHOST: localhost
2025-11-21T16:05:01.5450427Z   PGPORT: 5432
2025-11-21T16:05:01.5450745Z   PGUSER: test
2025-11-21T16:05:01.5450972Z   PGPASSWORD: test
2025-11-21T16:05:01.5451275Z   PGDATABASE: atmr_test
2025-11-21T16:05:01.5451596Z   REDIS_URL: redis://localhost:6379/0
2025-11-21T16:05:01.5451839Z   FLASK_CONFIG: testing
2025-11-21T16:05:01.5452253Z   SECRET_KEY: test-secret-key
2025-11-21T16:05:01.5452464Z   JWT_SECRET_KEY: test-jwt-secret
2025-11-21T16:05:01.5452776Z   APP_ENCRYPTION_KEY_B64: MDEyMzQ1Njc4OWFiY2RlZjAxMjM0NTY3ODlhYmNkZWY
2025-11-21T16:05:01.5453089Z   API_LEGACY_ENABLED: false
2025-11-21T16:05:01.5453313Z   PYTHONPATH: /home/runner/work/atmr/atmr
2025-11-21T16:05:01.5453565Z   SOCKETIO_ASYNC_MODE: threading
2025-11-21T16:05:01.5453770Z   SKIP_SOCKETIO: true
2025-11-21T16:05:01.5453958Z   SKIP_ROUTES_INIT: true
2025-11-21T16:05:01.5454146Z ##[endgroup]
2025-11-21T16:05:01.7028641Z ##[group]Installed versions
2025-11-21T16:05:01.7126129Z Successfully set up CPython (3.11.14)
2025-11-21T16:05:01.7127134Z ##[endgroup]
2025-11-21T16:05:01.7448111Z [command]/opt/hostedtoolcache/Python/3.11.14/x64/bin/pip cache dir
2025-11-21T16:05:03.8588339Z /home/runner/.cache/pip
2025-11-21T16:05:04.1771017Z Cache hit for: setup-python-Linux-x64-24.04-Ubuntu-python-3.11.14-pip-b0c0a87e0774d21a41b25b21b4d7a33cc9e02e518989194b9e2bfe6f9bbe6863
2025-11-21T16:05:05.3936022Z Received 46137344 of 626365574 (7.4%), 44.0 MBs/sec
2025-11-21T16:05:06.3940876Z Received 155189248 of 626365574 (24.8%), 74.0 MBs/sec
2025-11-21T16:05:07.3953429Z Received 314572800 of 626365574 (50.2%), 99.9 MBs/sec
2025-11-21T16:05:08.3945780Z Received 473956352 of 626365574 (75.7%), 112.9 MBs/sec
2025-11-21T16:05:09.3950810Z Received 622171270 of 626365574 (99.3%), 118.6 MBs/sec
2025-11-21T16:05:09.5312192Z Received 626365574 of 626365574 (100.0%), 116.3 MBs/sec
2025-11-21T16:05:09.5313989Z Cache Size: ~597 MB (626365574 B)
2025-11-21T16:05:09.5444721Z [command]/usr/bin/tar -xf /home/runner/work/_temp/de9ac0af-11fa-426b-a049-ce5ea2de15a3/cache.tzst -P -C /home/runner/work/atmr/atmr --use-compress-program unzstd
2025-11-21T16:05:10.1255035Z Cache restored successfully
2025-11-21T16:05:10.1931121Z Cache restored from key: setup-python-Linux-x64-24.04-Ubuntu-python-3.11.14-pip-31a1d75c500bc9f900280005cb82cf73c80bb1b80a82ae5d228e8c29f703f908
2025-11-21T16:05:10.2046450Z ##[group]Run sudo apt-get update
2025-11-21T16:05:10.2046815Z [36;1msudo apt-get update[0m
2025-11-21T16:05:10.2047214Z [36;1msudo apt-get install -y libcairo2-dev libffi-dev pkg-config[0m
2025-11-21T16:05:10.2074060Z shell: /usr/bin/bash -e {0}
2025-11-21T16:05:10.2074304Z env:
2025-11-21T16:05:10.2074749Z   DATABASE_URL: ***localhost:5432/atmr_test
2025-11-21T16:05:10.2075004Z   PGHOST: localhost
2025-11-21T16:05:10.2075179Z   PGPORT: 5432
2025-11-21T16:05:10.2075354Z   PGUSER: test
2025-11-21T16:05:10.2075573Z   PGPASSWORD: test
2025-11-21T16:05:10.2075756Z   PGDATABASE: atmr_test
2025-11-21T16:05:10.2075979Z   REDIS_URL: redis://localhost:6379/0
2025-11-21T16:05:10.2076217Z   FLASK_CONFIG: testing
2025-11-21T16:05:10.2076431Z   SECRET_KEY: test-secret-key
2025-11-21T16:05:10.2076656Z   JWT_SECRET_KEY: test-jwt-secret
2025-11-21T16:05:10.2076979Z   APP_ENCRYPTION_KEY_B64: MDEyMzQ1Njc4OWFiY2RlZjAxMjM0NTY3ODlhYmNkZWY
2025-11-21T16:05:10.2077309Z   API_LEGACY_ENABLED: false
2025-11-21T16:05:10.2077581Z   PYTHONPATH: /home/runner/work/atmr/atmr
2025-11-21T16:05:10.2077826Z   SOCKETIO_ASYNC_MODE: threading
2025-11-21T16:05:10.2078041Z   SKIP_SOCKETIO: true
2025-11-21T16:05:10.2078230Z   SKIP_ROUTES_INIT: true
2025-11-21T16:05:10.2078489Z   pythonLocation: /opt/hostedtoolcache/Python/3.11.14/x64
2025-11-21T16:05:10.2078860Z   PKG_CONFIG_PATH: /opt/hostedtoolcache/Python/3.11.14/x64/lib/pkgconfig
2025-11-21T16:05:10.2079225Z   Python_ROOT_DIR: /opt/hostedtoolcache/Python/3.11.14/x64
2025-11-21T16:05:10.2079560Z   Python2_ROOT_DIR: /opt/hostedtoolcache/Python/3.11.14/x64
2025-11-21T16:05:10.2079878Z   Python3_ROOT_DIR: /opt/hostedtoolcache/Python/3.11.14/x64
2025-11-21T16:05:10.2080209Z   LD_LIBRARY_PATH: /opt/hostedtoolcache/Python/3.11.14/x64/lib
2025-11-21T16:05:10.2080661Z ##[endgroup]
2025-11-21T16:05:10.2827239Z Get:1 file:/etc/apt/apt-mirrors.txt Mirrorlist [144 B]
2025-11-21T16:05:10.3177038Z Hit:2 http://azure.archive.ubuntu.com/ubuntu noble InRelease
2025-11-21T16:05:10.3191749Z Get:6 https://packages.microsoft.com/repos/azure-cli noble InRelease [3564 B]
2025-11-21T16:05:10.3194241Z Get:3 http://azure.archive.ubuntu.com/ubuntu noble-updates InRelease [126 kB]
2025-11-21T16:05:10.3226201Z Get:4 http://azure.archive.ubuntu.com/ubuntu noble-backports InRelease [126 kB]
2025-11-21T16:05:10.3246696Z Get:7 https://packages.microsoft.com/ubuntu/24.04/prod noble InRelease [3600 B]
2025-11-21T16:05:10.3262965Z Get:5 http://azure.archive.ubuntu.com/ubuntu noble-security InRelease [126 kB]
2025-11-21T16:05:10.4340316Z Get:8 https://packages.microsoft.com/repos/azure-cli noble/main amd64 Packages [1763 B]
2025-11-21T16:05:10.4724451Z Get:9 http://azure.archive.ubuntu.com/ubuntu noble-updates/main amd64 Packages [1619 kB]
2025-11-21T16:05:10.4797841Z Get:10 http://azure.archive.ubuntu.com/ubuntu noble-updates/main Translation-en [303 kB]
2025-11-21T16:05:10.4819375Z Get:11 http://azure.archive.ubuntu.com/ubuntu noble-updates/main amd64 Components [175 kB]
2025-11-21T16:05:10.4841084Z Get:12 http://azure.archive.ubuntu.com/ubuntu noble-updates/main amd64 c-n-f Metadata [15.7 kB]
2025-11-21T16:05:10.4849609Z Get:13 http://azure.archive.ubuntu.com/ubuntu noble-updates/universe amd64 Packages [1500 kB]
2025-11-21T16:05:10.4941729Z Get:14 http://azure.archive.ubuntu.com/ubuntu noble-updates/universe Translation-en [304 kB]
2025-11-21T16:05:10.4970049Z Get:15 http://azure.archive.ubuntu.com/ubuntu noble-updates/universe amd64 Components [378 kB]
2025-11-21T16:05:10.4994088Z Get:16 http://azure.archive.ubuntu.com/ubuntu noble-updates/universe amd64 c-n-f Metadata [31.4 kB]
2025-11-21T16:05:10.5005545Z Get:17 http://azure.archive.ubuntu.com/ubuntu noble-updates/restricted amd64 Packages [2307 kB]
2025-11-21T16:05:10.5112210Z Get:18 http://azure.archive.ubuntu.com/ubuntu noble-updates/restricted Translation-en [526 kB]
2025-11-21T16:05:10.5573718Z Get:19 http://azure.archive.ubuntu.com/ubuntu noble-updates/restricted amd64 Components [212 B]
2025-11-21T16:05:10.5580016Z Get:20 http://azure.archive.ubuntu.com/ubuntu noble-updates/multiverse Translation-en [5808 B]
2025-11-21T16:05:10.5588646Z Get:21 http://azure.archive.ubuntu.com/ubuntu noble-updates/multiverse amd64 Components [940 B]
2025-11-21T16:05:10.5597162Z Get:22 http://azure.archive.ubuntu.com/ubuntu noble-backports/main amd64 Components [7124 B]
2025-11-21T16:05:10.5608736Z Get:23 http://azure.archive.ubuntu.com/ubuntu noble-backports/universe amd64 Components [11.0 kB]
2025-11-21T16:05:10.5612181Z Get:26 https://packages.microsoft.com/ubuntu/24.04/prod noble/main arm64 Packages [54.2 kB]
2025-11-21T16:05:10.5617687Z Get:24 http://azure.archive.ubuntu.com/ubuntu noble-backports/restricted amd64 Components [212 B]
2025-11-21T16:05:10.5625615Z Get:25 http://azure.archive.ubuntu.com/ubuntu noble-backports/multiverse amd64 Components [212 B]
2025-11-21T16:05:10.5638444Z Get:27 https://packages.microsoft.com/ubuntu/24.04/prod noble/main amd64 Packages [72.3 kB]
2025-11-21T16:05:10.5668023Z Get:28 https://packages.microsoft.com/ubuntu/24.04/prod noble/main armhf Packages [11.2 kB]
2025-11-21T16:05:10.5998792Z Get:29 http://azure.archive.ubuntu.com/ubuntu noble-security/main amd64 Packages [1317 kB]
2025-11-21T16:05:10.6076185Z Get:30 http://azure.archive.ubuntu.com/ubuntu noble-security/main Translation-en [216 kB]
2025-11-21T16:05:10.6095034Z Get:31 http://azure.archive.ubuntu.com/ubuntu noble-security/main amd64 Components [21.5 kB]
2025-11-21T16:05:10.6105199Z Get:32 http://azure.archive.ubuntu.com/ubuntu noble-security/main amd64 c-n-f Metadata [9452 B]
2025-11-21T16:05:10.6114572Z Get:33 http://azure.archive.ubuntu.com/ubuntu noble-security/universe amd64 Packages [909 kB]
2025-11-21T16:05:10.6164399Z Get:34 http://azure.archive.ubuntu.com/ubuntu noble-security/universe Translation-en [205 kB]
2025-11-21T16:05:10.6183568Z Get:35 http://azure.archive.ubuntu.com/ubuntu noble-security/universe amd64 Components [52.2 kB]
2025-11-21T16:05:10.6646375Z Get:36 http://azure.archive.ubuntu.com/ubuntu noble-security/universe amd64 c-n-f Metadata [19.4 kB]
2025-11-21T16:05:10.6658621Z Get:37 http://azure.archive.ubuntu.com/ubuntu noble-security/restricted amd64 Packages [2153 kB]
2025-11-21T16:05:10.6765096Z Get:38 http://azure.archive.ubuntu.com/ubuntu noble-security/restricted Translation-en [490 kB]
2025-11-21T16:05:10.6798379Z Get:39 http://azure.archive.ubuntu.com/ubuntu noble-security/restricted amd64 Components [212 B]
2025-11-21T16:05:10.6809036Z Get:40 http://azure.archive.ubuntu.com/ubuntu noble-security/multiverse Translation-en [5956 B]
2025-11-21T16:05:10.6818662Z Get:41 http://azure.archive.ubuntu.com/ubuntu noble-security/multiverse amd64 Components [212 B]
2025-11-21T16:05:18.6979795Z Fetched 13.1 MB in 2s (8535 kB/s)
2025-11-21T16:05:19.5052524Z Reading package lists...
2025-11-21T16:05:19.5367597Z Reading package lists...
2025-11-21T16:05:19.7203131Z Building dependency tree...
2025-11-21T16:05:19.7206422Z Reading state information...
2025-11-21T16:05:19.8921932Z libffi-dev is already the newest version (3.4.6-1build1).
2025-11-21T16:05:19.8922585Z libffi-dev set to manually installed.
2025-11-21T16:05:19.8922929Z pkg-config is already the newest version (1.8.1-2build1).
2025-11-21T16:05:19.8923312Z The following additional packages will be installed:
2025-11-21T16:05:19.8924267Z   bzip2-doc libblkid-dev libbrotli-dev libbz2-dev libcairo-script-interpreter2
2025-11-21T16:05:19.8925075Z   libfontconfig-dev libfreetype-dev libgirepository-2.0-0 libglib2.0-dev
2025-11-21T16:05:19.8925951Z   libglib2.0-dev-bin libice-dev libmount-dev libpixman-1-dev libpng-dev
2025-11-21T16:05:19.8929580Z   libpng-tools libpthread-stubs0-dev libselinux1-dev libsepol-dev libsm-dev
2025-11-21T16:05:19.8930194Z   libx11-dev libxau-dev libxcb-render0-dev libxcb-shm0-dev libxcb1-dev
2025-11-21T16:05:19.8933800Z   libxdmcp-dev libxext-dev libxrender-dev uuid-dev x11proto-core-dev
2025-11-21T16:05:19.8934353Z   x11proto-dev xorg-sgml-doctools xtrans-dev
2025-11-21T16:05:19.8941454Z Suggested packages:
2025-11-21T16:05:19.8942537Z   libcairo2-doc freetype2-doc gir1.2-glib-2.0-dev libglib2.0-doc
2025-11-21T16:05:19.8943044Z   libgdk-pixbuf2.0-bin libxml2-utils libice-doc libsm-doc libx11-doc
2025-11-21T16:05:19.8943431Z   libxcb-doc libxext-doc
2025-11-21T16:05:19.9169740Z The following NEW packages will be installed:
2025-11-21T16:05:19.9172176Z   bzip2-doc libblkid-dev libbrotli-dev libbz2-dev libcairo-script-interpreter2
2025-11-21T16:05:19.9173039Z   libcairo2-dev libfontconfig-dev libfreetype-dev libgirepository-2.0-0
2025-11-21T16:05:19.9174377Z   libglib2.0-dev libglib2.0-dev-bin libice-dev libmount-dev libpixman-1-dev
2025-11-21T16:05:19.9177562Z   libpng-dev libpng-tools libpthread-stubs0-dev libselinux1-dev libsepol-dev
2025-11-21T16:05:19.9178304Z   libsm-dev libx11-dev libxau-dev libxcb-render0-dev libxcb-shm0-dev
2025-11-21T16:05:19.9182367Z   libxcb1-dev libxdmcp-dev libxext-dev libxrender-dev uuid-dev
2025-11-21T16:05:19.9182944Z   x11proto-core-dev x11proto-dev xorg-sgml-doctools xtrans-dev
2025-11-21T16:05:19.9352888Z 0 upgraded, 33 newly installed, 0 to remove and 49 not upgraded.
2025-11-21T16:05:19.9353628Z Need to get 6932 kB of archives.
2025-11-21T16:05:19.9354233Z After this operation, 28.9 MB of additional disk space will be used.
2025-11-21T16:05:19.9354731Z Get:1 file:/etc/apt/apt-mirrors.txt Mirrorlist [144 B]
2025-11-21T16:05:20.0046778Z Get:2 http://azure.archive.ubuntu.com/ubuntu noble-updates/main amd64 bzip2-doc all 1.0.8-5.1build0.1 [499 kB]
2025-11-21T16:05:20.0565492Z Get:3 http://azure.archive.ubuntu.com/ubuntu noble/main amd64 libbrotli-dev amd64 1.1.0-2build2 [353 kB]
2025-11-21T16:05:20.1087642Z Get:4 http://azure.archive.ubuntu.com/ubuntu noble-updates/main amd64 libbz2-dev amd64 1.0.8-5.1build0.1 [33.6 kB]
2025-11-21T16:05:20.1566077Z Get:5 http://azure.archive.ubuntu.com/ubuntu noble/main amd64 libcairo-script-interpreter2 amd64 1.18.0-3build1 [60.3 kB]
2025-11-21T16:05:20.2044832Z Get:6 http://azure.archive.ubuntu.com/ubuntu noble/main amd64 libpng-dev amd64 1.6.43-5build1 [264 kB]
2025-11-21T16:05:20.2544594Z Get:7 http://azure.archive.ubuntu.com/ubuntu noble/main amd64 libfreetype-dev amd64 2.13.2+dfsg-1build3 [575 kB]
2025-11-21T16:05:20.3090500Z Get:8 http://azure.archive.ubuntu.com/ubuntu noble-updates/main amd64 uuid-dev amd64 2.39.3-9ubuntu6.3 [33.5 kB]
2025-11-21T16:05:20.3564771Z Get:9 http://azure.archive.ubuntu.com/ubuntu noble/main amd64 libfontconfig-dev amd64 2.15.0-1.1ubuntu2 [161 kB]
2025-11-21T16:05:20.4051381Z Get:10 http://azure.archive.ubuntu.com/ubuntu noble-updates/main amd64 libglib2.0-dev-bin amd64 2.80.0-6ubuntu3.4 [138 kB]
2025-11-21T16:05:20.4541507Z Get:11 http://azure.archive.ubuntu.com/ubuntu noble-updates/main amd64 libblkid-dev amd64 2.39.3-9ubuntu6.3 [204 kB]
2025-11-21T16:05:20.5029091Z Get:12 http://azure.archive.ubuntu.com/ubuntu noble/main amd64 libsepol-dev amd64 3.5-2build1 [384 kB]
2025-11-21T16:05:20.5546324Z Get:13 http://azure.archive.ubuntu.com/ubuntu noble-updates/main amd64 libselinux1-dev amd64 3.5-2ubuntu2.1 [164 kB]
2025-11-21T16:05:20.6033956Z Get:14 http://azure.archive.ubuntu.com/ubuntu noble-updates/main amd64 libmount-dev amd64 2.39.3-9ubuntu6.3 [14.9 kB]
2025-11-21T16:05:20.6513335Z Get:15 http://azure.archive.ubuntu.com/ubuntu noble-updates/main amd64 libgirepository-2.0-0 amd64 2.80.0-6ubuntu3.4 [73.6 kB]
2025-11-21T16:05:20.6998836Z Get:16 http://azure.archive.ubuntu.com/ubuntu noble-updates/main amd64 libglib2.0-dev amd64 2.80.0-6ubuntu3.4 [1860 kB]
2025-11-21T16:05:20.7771599Z Get:17 http://azure.archive.ubuntu.com/ubuntu noble/main amd64 libpixman-1-dev amd64 0.42.2-1build1 [296 kB]
2025-11-21T16:05:20.8281788Z Get:18 http://azure.archive.ubuntu.com/ubuntu noble/main amd64 xorg-sgml-doctools all 1:1.11-1.1 [10.9 kB]
2025-11-21T16:05:20.8756343Z Get:19 http://azure.archive.ubuntu.com/ubuntu noble/main amd64 x11proto-dev all 2023.2-1 [602 kB]
2025-11-21T16:05:20.9314768Z Get:20 http://azure.archive.ubuntu.com/ubuntu noble/main amd64 x11proto-core-dev all 2023.2-1 [2444 B]
2025-11-21T16:05:20.9784510Z Get:21 http://azure.archive.ubuntu.com/ubuntu noble/main amd64 libice-dev amd64 2:1.0.10-1build3 [51.0 kB]
2025-11-21T16:05:21.0317993Z Get:22 http://azure.archive.ubuntu.com/ubuntu noble/main amd64 libsm-dev amd64 2:1.2.3-1build3 [17.8 kB]
2025-11-21T16:05:21.0796607Z Get:23 http://azure.archive.ubuntu.com/ubuntu noble/main amd64 libxau-dev amd64 1:1.0.9-1build6 [9570 B]
2025-11-21T16:05:21.1268385Z Get:24 http://azure.archive.ubuntu.com/ubuntu noble/main amd64 libxdmcp-dev amd64 1:1.1.3-0ubuntu6 [26.5 kB]
2025-11-21T16:05:21.1768718Z Get:25 http://azure.archive.ubuntu.com/ubuntu noble/main amd64 xtrans-dev all 1.4.0-1 [68.9 kB]
2025-11-21T16:05:21.2251899Z Get:26 http://azure.archive.ubuntu.com/ubuntu noble/main amd64 libpthread-stubs0-dev amd64 0.4-1build3 [4746 B]
2025-11-21T16:05:21.2722908Z Get:27 http://azure.archive.ubuntu.com/ubuntu noble/main amd64 libxcb1-dev amd64 1.15-1ubuntu2 [85.8 kB]
2025-11-21T16:05:21.3223873Z Get:28 http://azure.archive.ubuntu.com/ubuntu noble/main amd64 libx11-dev amd64 2:1.8.7-1build1 [732 kB]
2025-11-21T16:05:21.3794516Z Get:29 http://azure.archive.ubuntu.com/ubuntu noble/main amd64 libxcb-render0-dev amd64 1.15-1ubuntu2 [19.6 kB]
2025-11-21T16:05:21.4273791Z Get:30 http://azure.archive.ubuntu.com/ubuntu noble/main amd64 libxcb-shm0-dev amd64 1.15-1ubuntu2 [8246 B]
2025-11-21T16:05:21.4748704Z Get:31 http://azure.archive.ubuntu.com/ubuntu noble/main amd64 libxext-dev amd64 2:1.3.4-1build2 [83.5 kB]
2025-11-21T16:05:21.5231949Z Get:32 http://azure.archive.ubuntu.com/ubuntu noble/main amd64 libxrender-dev amd64 1:0.9.10-1.1build1 [26.3 kB]
2025-11-21T16:05:21.5711764Z Get:33 http://azure.archive.ubuntu.com/ubuntu noble/main amd64 libcairo2-dev amd64 1.18.0-3build1 [41.1 kB]
2025-11-21T16:05:21.6182601Z Get:34 http://azure.archive.ubuntu.com/ubuntu noble/main amd64 libpng-tools amd64 1.6.43-5build1 [28.5 kB]
2025-11-21T16:05:21.8926923Z Fetched 6932 kB in 2s (4097 kB/s)
2025-11-21T16:05:21.9139935Z Selecting previously unselected package bzip2-doc.
2025-11-21T16:05:21.9326583Z (Reading database ... 
2025-11-21T16:05:21.9327014Z (Reading database ... 5%
2025-11-21T16:05:21.9327396Z (Reading database ... 10%
2025-11-21T16:05:21.9327667Z (Reading database ... 15%
2025-11-21T16:05:21.9327887Z (Reading database ... 20%
2025-11-21T16:05:21.9328095Z (Reading database ... 25%
2025-11-21T16:05:21.9328290Z (Reading database ... 30%
2025-11-21T16:05:21.9328501Z (Reading database ... 35%
2025-11-21T16:05:21.9328708Z (Reading database ... 40%
2025-11-21T16:05:21.9328903Z (Reading database ... 45%
2025-11-21T16:05:21.9329111Z (Reading database ... 50%
2025-11-21T16:05:21.9399136Z (Reading database ... 55%
2025-11-21T16:05:22.1046089Z (Reading database ... 60%
2025-11-21T16:05:22.2131960Z (Reading database ... 65%
2025-11-21T16:05:22.2814671Z (Reading database ... 70%
2025-11-21T16:05:22.3354927Z (Reading database ... 75%
2025-11-21T16:05:22.5450279Z (Reading database ... 80%
2025-11-21T16:05:22.7308493Z (Reading database ... 85%
2025-11-21T16:05:22.9504021Z (Reading database ... 90%
2025-11-21T16:05:23.1078259Z (Reading database ... 95%
2025-11-21T16:05:23.1078785Z (Reading database ... 100%
2025-11-21T16:05:23.1079401Z (Reading database ... 216225 files and directories currently installed.)
2025-11-21T16:05:23.1125717Z Preparing to unpack .../00-bzip2-doc_1.0.8-5.1build0.1_all.deb ...
2025-11-21T16:05:23.1144418Z Unpacking bzip2-doc (1.0.8-5.1build0.1) ...
2025-11-21T16:05:23.1420753Z Selecting previously unselected package libbrotli-dev:amd64.
2025-11-21T16:05:23.1536983Z Preparing to unpack .../01-libbrotli-dev_1.1.0-2build2_amd64.deb ...
2025-11-21T16:05:23.1546398Z Unpacking libbrotli-dev:amd64 (1.1.0-2build2) ...
2025-11-21T16:05:23.1750268Z Selecting previously unselected package libbz2-dev:amd64.
2025-11-21T16:05:23.1871147Z Preparing to unpack .../02-libbz2-dev_1.0.8-5.1build0.1_amd64.deb ...
2025-11-21T16:05:23.1881345Z Unpacking libbz2-dev:amd64 (1.0.8-5.1build0.1) ...
2025-11-21T16:05:23.2153502Z Selecting previously unselected package libcairo-script-interpreter2:amd64.
2025-11-21T16:05:23.2273982Z Preparing to unpack .../03-libcairo-script-interpreter2_1.18.0-3build1_amd64.deb ...
2025-11-21T16:05:23.2292661Z Unpacking libcairo-script-interpreter2:amd64 (1.18.0-3build1) ...
2025-11-21T16:05:23.2450056Z Selecting previously unselected package libpng-dev:amd64.
2025-11-21T16:05:23.2570559Z Preparing to unpack .../04-libpng-dev_1.6.43-5build1_amd64.deb ...
2025-11-21T16:05:23.2583635Z Unpacking libpng-dev:amd64 (1.6.43-5build1) ...
2025-11-21T16:05:23.3226017Z Selecting previously unselected package libfreetype-dev:amd64.
2025-11-21T16:05:23.3341846Z Preparing to unpack .../05-libfreetype-dev_2.13.2+dfsg-1build3_amd64.deb ...
2025-11-21T16:05:23.3349984Z Unpacking libfreetype-dev:amd64 (2.13.2+dfsg-1build3) ...
2025-11-21T16:05:23.3600053Z Selecting previously unselected package uuid-dev:amd64.
2025-11-21T16:05:23.3715922Z Preparing to unpack .../06-uuid-dev_2.39.3-9ubuntu6.3_amd64.deb ...
2025-11-21T16:05:23.3724041Z Unpacking uuid-dev:amd64 (2.39.3-9ubuntu6.3) ...
2025-11-21T16:05:23.3903146Z Selecting previously unselected package libfontconfig-dev:amd64.
2025-11-21T16:05:23.4017715Z Preparing to unpack .../07-libfontconfig-dev_2.15.0-1.1ubuntu2_amd64.deb ...
2025-11-21T16:05:23.4023765Z Unpacking libfontconfig-dev:amd64 (2.15.0-1.1ubuntu2) ...
2025-11-21T16:05:23.4346122Z Selecting previously unselected package libglib2.0-dev-bin.
2025-11-21T16:05:23.4463134Z Preparing to unpack .../08-libglib2.0-dev-bin_2.80.0-6ubuntu3.4_amd64.deb ...
2025-11-21T16:05:23.4469528Z Unpacking libglib2.0-dev-bin (2.80.0-6ubuntu3.4) ...
2025-11-21T16:05:23.4959235Z Selecting previously unselected package libblkid-dev:amd64.
2025-11-21T16:05:23.5077912Z Preparing to unpack .../09-libblkid-dev_2.39.3-9ubuntu6.3_amd64.deb ...
2025-11-21T16:05:23.5084622Z Unpacking libblkid-dev:amd64 (2.39.3-9ubuntu6.3) ...
2025-11-21T16:05:23.5361854Z Selecting previously unselected package libsepol-dev:amd64.
2025-11-21T16:05:23.5482278Z Preparing to unpack .../10-libsepol-dev_3.5-2build1_amd64.deb ...
2025-11-21T16:05:23.5487964Z Unpacking libsepol-dev:amd64 (3.5-2build1) ...
2025-11-21T16:05:23.5719024Z Selecting previously unselected package libselinux1-dev:amd64.
2025-11-21T16:05:23.5834547Z Preparing to unpack .../11-libselinux1-dev_3.5-2ubuntu2.1_amd64.deb ...
2025-11-21T16:05:23.5839903Z Unpacking libselinux1-dev:amd64 (3.5-2ubuntu2.1) ...
2025-11-21T16:05:23.6125507Z Selecting previously unselected package libmount-dev:amd64.
2025-11-21T16:05:23.6245064Z Preparing to unpack .../12-libmount-dev_2.39.3-9ubuntu6.3_amd64.deb ...
2025-11-21T16:05:23.6254028Z Unpacking libmount-dev:amd64 (2.39.3-9ubuntu6.3) ...
2025-11-21T16:05:23.6487966Z Selecting previously unselected package libgirepository-2.0-0:amd64.
2025-11-21T16:05:23.6610743Z Preparing to unpack .../13-libgirepository-2.0-0_2.80.0-6ubuntu3.4_amd64.deb ...
2025-11-21T16:05:23.6618164Z Unpacking libgirepository-2.0-0:amd64 (2.80.0-6ubuntu3.4) ...
2025-11-21T16:05:23.6776878Z Selecting previously unselected package libglib2.0-dev:amd64.
2025-11-21T16:05:23.6894912Z Preparing to unpack .../14-libglib2.0-dev_2.80.0-6ubuntu3.4_amd64.deb ...
2025-11-21T16:05:23.6901556Z Unpacking libglib2.0-dev:amd64 (2.80.0-6ubuntu3.4) ...
2025-11-21T16:05:23.7840119Z Selecting previously unselected package libpixman-1-dev:amd64.
2025-11-21T16:05:23.7959125Z Preparing to unpack .../15-libpixman-1-dev_0.42.2-1build1_amd64.deb ...
2025-11-21T16:05:23.7968667Z Unpacking libpixman-1-dev:amd64 (0.42.2-1build1) ...
2025-11-21T16:05:23.8155291Z Selecting previously unselected package xorg-sgml-doctools.
2025-11-21T16:05:23.8271947Z Preparing to unpack .../16-xorg-sgml-doctools_1%3a1.11-1.1_all.deb ...
2025-11-21T16:05:23.8285341Z Unpacking xorg-sgml-doctools (1:1.11-1.1) ...
2025-11-21T16:05:23.8496801Z Selecting previously unselected package x11proto-dev.
2025-11-21T16:05:23.8611958Z Preparing to unpack .../17-x11proto-dev_2023.2-1_all.deb ...
2025-11-21T16:05:23.8682400Z Unpacking x11proto-dev (2023.2-1) ...
2025-11-21T16:05:23.9035175Z Selecting previously unselected package x11proto-core-dev.
2025-11-21T16:05:23.9152679Z Preparing to unpack .../18-x11proto-core-dev_2023.2-1_all.deb ...
2025-11-21T16:05:23.9159543Z Unpacking x11proto-core-dev (2023.2-1) ...
2025-11-21T16:05:23.9296032Z Selecting previously unselected package libice-dev:amd64.
2025-11-21T16:05:23.9410759Z Preparing to unpack .../19-libice-dev_2%3a1.0.10-1build3_amd64.deb ...
2025-11-21T16:05:23.9419826Z Unpacking libice-dev:amd64 (2:1.0.10-1build3) ...
2025-11-21T16:05:23.9572462Z Selecting previously unselected package libsm-dev:amd64.
2025-11-21T16:05:23.9687538Z Preparing to unpack .../20-libsm-dev_2%3a1.2.3-1build3_amd64.deb ...
2025-11-21T16:05:23.9793590Z Unpacking libsm-dev:amd64 (2:1.2.3-1build3) ...
2025-11-21T16:05:23.9954777Z Selecting previously unselected package libxau-dev:amd64.
2025-11-21T16:05:24.0071454Z Preparing to unpack .../21-libxau-dev_1%3a1.0.9-1build6_amd64.deb ...
2025-11-21T16:05:24.0082609Z Unpacking libxau-dev:amd64 (1:1.0.9-1build6) ...
2025-11-21T16:05:24.0235415Z Selecting previously unselected package libxdmcp-dev:amd64.
2025-11-21T16:05:24.0354195Z Preparing to unpack .../22-libxdmcp-dev_1%3a1.1.3-0ubuntu6_amd64.deb ...
2025-11-21T16:05:24.0362391Z Unpacking libxdmcp-dev:amd64 (1:1.1.3-0ubuntu6) ...
2025-11-21T16:05:24.0596615Z Selecting previously unselected package xtrans-dev.
2025-11-21T16:05:24.0651937Z Preparing to unpack .../23-xtrans-dev_1.4.0-1_all.deb ...
2025-11-21T16:05:24.0661809Z Unpacking xtrans-dev (1.4.0-1) ...
2025-11-21T16:05:24.0974676Z Selecting previously unselected package libpthread-stubs0-dev:amd64.
2025-11-21T16:05:24.1093147Z Preparing to unpack .../24-libpthread-stubs0-dev_0.4-1build3_amd64.deb ...
2025-11-21T16:05:24.1102631Z Unpacking libpthread-stubs0-dev:amd64 (0.4-1build3) ...
2025-11-21T16:05:24.1244299Z Selecting previously unselected package libxcb1-dev:amd64.
2025-11-21T16:05:24.1361620Z Preparing to unpack .../25-libxcb1-dev_1.15-1ubuntu2_amd64.deb ...
2025-11-21T16:05:24.1370482Z Unpacking libxcb1-dev:amd64 (1.15-1ubuntu2) ...
2025-11-21T16:05:24.1536095Z Selecting previously unselected package libx11-dev:amd64.
2025-11-21T16:05:24.1653644Z Preparing to unpack .../26-libx11-dev_2%3a1.8.7-1build1_amd64.deb ...
2025-11-21T16:05:24.1659665Z Unpacking libx11-dev:amd64 (2:1.8.7-1build1) ...
2025-11-21T16:05:24.2011585Z Selecting previously unselected package libxcb-render0-dev:amd64.
2025-11-21T16:05:24.2132719Z Preparing to unpack .../27-libxcb-render0-dev_1.15-1ubuntu2_amd64.deb ...
2025-11-21T16:05:24.2139762Z Unpacking libxcb-render0-dev:amd64 (1.15-1ubuntu2) ...
2025-11-21T16:05:24.2294154Z Selecting previously unselected package libxcb-shm0-dev:amd64.
2025-11-21T16:05:24.2413555Z Preparing to unpack .../28-libxcb-shm0-dev_1.15-1ubuntu2_amd64.deb ...
2025-11-21T16:05:24.2425651Z Unpacking libxcb-shm0-dev:amd64 (1.15-1ubuntu2) ...
2025-11-21T16:05:24.2574904Z Selecting previously unselected package libxext-dev:amd64.
2025-11-21T16:05:24.2722991Z Preparing to unpack .../29-libxext-dev_2%3a1.3.4-1build2_amd64.deb ...
2025-11-21T16:05:24.2734532Z Unpacking libxext-dev:amd64 (2:1.3.4-1build2) ...
2025-11-21T16:05:24.2950408Z Selecting previously unselected package libxrender-dev:amd64.
2025-11-21T16:05:24.3068238Z Preparing to unpack .../30-libxrender-dev_1%3a0.9.10-1.1build1_amd64.deb ...
2025-11-21T16:05:24.3121691Z Unpacking libxrender-dev:amd64 (1:0.9.10-1.1build1) ...
2025-11-21T16:05:24.3277017Z Selecting previously unselected package libcairo2-dev:amd64.
2025-11-21T16:05:24.3397231Z Preparing to unpack .../31-libcairo2-dev_1.18.0-3build1_amd64.deb ...
2025-11-21T16:05:24.3406979Z Unpacking libcairo2-dev:amd64 (1.18.0-3build1) ...
2025-11-21T16:05:24.3584111Z Selecting previously unselected package libpng-tools.
2025-11-21T16:05:24.3703644Z Preparing to unpack .../32-libpng-tools_1.6.43-5build1_amd64.deb ...
2025-11-21T16:05:24.3713731Z Unpacking libpng-tools (1.6.43-5build1) ...
2025-11-21T16:05:24.4058507Z Setting up libcairo-script-interpreter2:amd64 (1.18.0-3build1) ...
2025-11-21T16:05:24.4079727Z Setting up libglib2.0-dev-bin (2.80.0-6ubuntu3.4) ...
2025-11-21T16:05:24.5663682Z Setting up bzip2-doc (1.0.8-5.1build0.1) ...
2025-11-21T16:05:24.5678657Z Setting up libpixman-1-dev:amd64 (0.42.2-1build1) ...
2025-11-21T16:05:24.5692780Z Setting up libpng-tools (1.6.43-5build1) ...
2025-11-21T16:05:24.5709896Z Setting up libgirepository-2.0-0:amd64 (2.80.0-6ubuntu3.4) ...
2025-11-21T16:05:24.5725867Z Setting up libpng-dev:amd64 (1.6.43-5build1) ...
2025-11-21T16:05:24.5741209Z Setting up libpthread-stubs0-dev:amd64 (0.4-1build3) ...
2025-11-21T16:05:24.5755033Z Setting up xtrans-dev (1.4.0-1) ...
2025-11-21T16:05:24.5768359Z Setting up uuid-dev:amd64 (2.39.3-9ubuntu6.3) ...
2025-11-21T16:05:24.5783251Z Setting up libsepol-dev:amd64 (3.5-2build1) ...
2025-11-21T16:05:24.5797846Z Setting up xorg-sgml-doctools (1:1.11-1.1) ...
2025-11-21T16:05:24.5813502Z Setting up libbrotli-dev:amd64 (1.1.0-2build2) ...
2025-11-21T16:05:24.5828214Z Setting up libbz2-dev:amd64 (1.0.8-5.1build0.1) ...
2025-11-21T16:05:24.5842644Z Setting up libblkid-dev:amd64 (2.39.3-9ubuntu6.3) ...
2025-11-21T16:05:24.5860452Z Setting up libselinux1-dev:amd64 (3.5-2ubuntu2.1) ...
2025-11-21T16:05:24.5876132Z Setting up libfreetype-dev:amd64 (2.13.2+dfsg-1build3) ...
2025-11-21T16:05:24.5890487Z Setting up libmount-dev:amd64 (2.39.3-9ubuntu6.3) ...
2025-11-21T16:05:24.5904988Z Setting up libfontconfig-dev:amd64 (2.15.0-1.1ubuntu2) ...
2025-11-21T16:05:24.5920619Z Setting up libglib2.0-dev:amd64 (2.80.0-6ubuntu3.4) ...
2025-11-21T16:05:24.5982386Z Processing triggers for sgml-base (1.31) ...
2025-11-21T16:05:24.6263760Z Processing triggers for install-info (7.1-3build2) ...
2025-11-21T16:05:24.7155998Z Setting up x11proto-dev (2023.2-1) ...
2025-11-21T16:05:24.7173660Z Setting up libxau-dev:amd64 (1:1.0.9-1build6) ...
2025-11-21T16:05:24.7190316Z Setting up libice-dev:amd64 (2:1.0.10-1build3) ...
2025-11-21T16:05:24.7206604Z Setting up libsm-dev:amd64 (2:1.2.3-1build3) ...
2025-11-21T16:05:24.7226414Z Processing triggers for libc-bin (2.39-0ubuntu8.6) ...
2025-11-21T16:05:24.7558578Z Processing triggers for man-db (2.12.0-4build2) ...
2025-11-21T16:05:24.7578604Z Not building database; man-db/auto-update is not 'true'.
2025-11-21T16:05:24.7589636Z Setting up libxdmcp-dev:amd64 (1:1.1.3-0ubuntu6) ...
2025-11-21T16:05:24.7610637Z Processing triggers for libglib2.0-0t64:amd64 (2.80.0-6ubuntu3.4) ...
2025-11-21T16:05:24.7807522Z Setting up x11proto-core-dev (2023.2-1) ...
2025-11-21T16:05:24.7836567Z Setting up libxcb1-dev:amd64 (1.15-1ubuntu2) ...
2025-11-21T16:05:24.7853488Z Setting up libx11-dev:amd64 (2:1.8.7-1build1) ...
2025-11-21T16:05:24.7870692Z Setting up libxcb-shm0-dev:amd64 (1.15-1ubuntu2) ...
2025-11-21T16:05:24.7887270Z Setting up libxcb-render0-dev:amd64 (1.15-1ubuntu2) ...
2025-11-21T16:05:24.7905056Z Setting up libxext-dev:amd64 (2:1.3.4-1build2) ...
2025-11-21T16:05:24.7928684Z Setting up libxrender-dev:amd64 (1:0.9.10-1.1build1) ...
2025-11-21T16:05:24.7950785Z Setting up libcairo2-dev:amd64 (1.18.0-3build1) ...
2025-11-21T16:05:25.3568379Z 
2025-11-21T16:05:25.3568890Z Running kernel seems to be up-to-date.
2025-11-21T16:05:25.3569273Z 
2025-11-21T16:05:25.3569390Z No services need to be restarted.
2025-11-21T16:05:25.3569591Z 
2025-11-21T16:05:25.3569683Z No containers need to be restarted.
2025-11-21T16:05:25.3569918Z 
2025-11-21T16:05:25.3570084Z No user sessions are running outdated binaries.
2025-11-21T16:05:25.3570358Z 
2025-11-21T16:05:25.3570635Z No VM guests are running outdated hypervisor (qemu) binaries on this host.
2025-11-21T16:05:26.3077036Z ##[group]Run python -m pip install --upgrade pip
2025-11-21T16:05:26.3077405Z [36;1mpython -m pip install --upgrade pip[0m
2025-11-21T16:05:26.3077699Z [36;1mpip install pytest pytest-cov coverage[0m
2025-11-21T16:05:26.3078009Z [36;1m# Dépendances de test[0m
2025-11-21T16:05:26.3078248Z [36;1mpip install factory-boy freezegun[0m
2025-11-21T16:05:26.3078509Z [36;1m# Dépendances base de données[0m
2025-11-21T16:05:26.3078814Z [36;1mpip install psycopg2-binary flask-migrate[0m
2025-11-21T16:05:26.3079086Z [36;1m# Dépendances ML/RL[0m
2025-11-21T16:05:26.3079324Z [36;1mpip install torch gymnasium optuna[0m
2025-11-21T16:05:26.3079604Z [36;1mif [ -f backend/requirements.txt ]; then[0m
2025-11-21T16:05:26.3079896Z [36;1m  pip install -r backend/requirements.txt[0m
2025-11-21T16:05:26.3080138Z [36;1mfi[0m
2025-11-21T16:05:26.3080373Z [36;1mif [ -f backend/requirements-dev.txt ]; then[0m
2025-11-21T16:05:26.3080714Z [36;1m  pip install -r backend/requirements-dev.txt[0m
2025-11-21T16:05:26.3080966Z [36;1mfi[0m
2025-11-21T16:05:26.3100372Z shell: /usr/bin/bash -e {0}
2025-11-21T16:05:26.3100606Z env:
2025-11-21T16:05:26.3101228Z   DATABASE_URL: ***localhost:5432/atmr_test
2025-11-21T16:05:26.3101480Z   PGHOST: localhost
2025-11-21T16:05:26.3101681Z   PGPORT: 5432
2025-11-21T16:05:26.3101870Z   PGUSER: test
2025-11-21T16:05:26.3102203Z   PGPASSWORD: test
2025-11-21T16:05:26.3102468Z   PGDATABASE: atmr_test
2025-11-21T16:05:26.3102700Z   REDIS_URL: redis://localhost:6379/0
2025-11-21T16:05:26.3102935Z   FLASK_CONFIG: testing
2025-11-21T16:05:26.3103139Z   SECRET_KEY: test-secret-key
2025-11-21T16:05:26.3103365Z   JWT_SECRET_KEY: test-jwt-secret
2025-11-21T16:05:26.3103688Z   APP_ENCRYPTION_KEY_B64: MDEyMzQ1Njc4OWFiY2RlZjAxMjM0NTY3ODlhYmNkZWY
2025-11-21T16:05:26.3104011Z   API_LEGACY_ENABLED: false
2025-11-21T16:05:26.3104251Z   PYTHONPATH: /home/runner/work/atmr/atmr
2025-11-21T16:05:26.3104499Z   SOCKETIO_ASYNC_MODE: threading
2025-11-21T16:05:26.3104715Z   SKIP_SOCKETIO: true
2025-11-21T16:05:26.3104909Z   SKIP_ROUTES_INIT: true
2025-11-21T16:05:26.3105166Z   pythonLocation: /opt/hostedtoolcache/Python/3.11.14/x64
2025-11-21T16:05:26.3105539Z   PKG_CONFIG_PATH: /opt/hostedtoolcache/Python/3.11.14/x64/lib/pkgconfig
2025-11-21T16:05:26.3105897Z   Python_ROOT_DIR: /opt/hostedtoolcache/Python/3.11.14/x64
2025-11-21T16:05:26.3106223Z   Python2_ROOT_DIR: /opt/hostedtoolcache/Python/3.11.14/x64
2025-11-21T16:05:26.3106713Z   Python3_ROOT_DIR: /opt/hostedtoolcache/Python/3.11.14/x64
2025-11-21T16:05:26.3107041Z   LD_LIBRARY_PATH: /opt/hostedtoolcache/Python/3.11.14/x64/lib
2025-11-21T16:05:26.3107319Z ##[endgroup]
2025-11-21T16:05:27.2569859Z Requirement already satisfied: pip in /opt/hostedtoolcache/Python/3.11.14/x64/lib/python3.11/site-packages (25.3)
2025-11-21T16:05:27.8788058Z Collecting pytest
2025-11-21T16:05:27.8802419Z   Using cached pytest-9.0.1-py3-none-any.whl.metadata (7.6 kB)
2025-11-21T16:05:27.9131396Z Collecting pytest-cov
2025-11-21T16:05:28.0157466Z   Downloading pytest_cov-7.0.0-py3-none-any.whl.metadata (31 kB)
2025-11-21T16:05:28.4037437Z Collecting coverage
2025-11-21T16:05:28.4228899Z   Downloading coverage-7.12.0-cp311-cp311-manylinux1_x86_64.manylinux_2_28_x86_64.manylinux_2_5_x86_64.whl.metadata (9.1 kB)
2025-11-21T16:05:28.4495687Z Collecting iniconfig>=1.0.1 (from pytest)
2025-11-21T16:05:28.4510731Z   Using cached iniconfig-2.3.0-py3-none-any.whl.metadata (2.5 kB)
2025-11-21T16:05:28.4795280Z Collecting packaging>=22 (from pytest)
2025-11-21T16:05:28.4809697Z   Using cached packaging-25.0-py3-none-any.whl.metadata (3.3 kB)
2025-11-21T16:05:28.5147012Z Collecting pluggy<2,>=1.5 (from pytest)
2025-11-21T16:05:28.5162366Z   Using cached pluggy-1.6.0-py3-none-any.whl.metadata (4.8 kB)
2025-11-21T16:05:28.5481941Z Collecting pygments>=2.7.2 (from pytest)
2025-11-21T16:05:28.5497088Z   Using cached pygments-2.19.2-py3-none-any.whl.metadata (2.5 kB)
2025-11-21T16:05:28.5720606Z Using cached pytest-9.0.1-py3-none-any.whl (373 kB)
2025-11-21T16:05:28.5735333Z Using cached pluggy-1.6.0-py3-none-any.whl (20 kB)
2025-11-21T16:05:28.5929566Z Downloading pytest_cov-7.0.0-py3-none-any.whl (22 kB)
2025-11-21T16:05:28.6160634Z Downloading coverage-7.12.0-cp311-cp311-manylinux1_x86_64.manylinux_2_28_x86_64.manylinux_2_5_x86_64.whl (250 kB)
2025-11-21T16:05:28.6543589Z Using cached iniconfig-2.3.0-py3-none-any.whl (7.5 kB)
2025-11-21T16:05:28.6557087Z Using cached packaging-25.0-py3-none-any.whl (66 kB)
2025-11-21T16:05:28.6570235Z Using cached pygments-2.19.2-py3-none-any.whl (1.2 MB)
2025-11-21T16:05:28.6833925Z Installing collected packages: pygments, pluggy, packaging, iniconfig, coverage, pytest, pytest-cov
2025-11-21T16:05:29.5998775Z 
2025-11-21T16:05:29.6010315Z Successfully installed coverage-7.12.0 iniconfig-2.3.0 packaging-25.0 pluggy-1.6.0 pygments-2.19.2 pytest-9.0.1 pytest-cov-7.0.0
2025-11-21T16:05:30.0995173Z Collecting factory-boy
2025-11-21T16:05:30.2006548Z   Downloading factory_boy-3.3.3-py2.py3-none-any.whl.metadata (15 kB)
2025-11-21T16:05:30.2425803Z Collecting freezegun
2025-11-21T16:05:30.2618368Z   Downloading freezegun-1.5.5-py3-none-any.whl.metadata (13 kB)
2025-11-21T16:05:30.4114798Z Collecting Faker>=0.7.0 (from factory-boy)
2025-11-21T16:05:30.4304384Z   Downloading faker-38.2.0-py3-none-any.whl.metadata (16 kB)
2025-11-21T16:05:30.4636154Z Collecting python-dateutil>=2.7 (from freezegun)
2025-11-21T16:05:30.4651768Z   Using cached python_dateutil-2.9.0.post0-py2.py3-none-any.whl.metadata (8.4 kB)
2025-11-21T16:05:30.4927818Z Collecting tzdata (from Faker>=0.7.0->factory-boy)
2025-11-21T16:05:30.4942627Z   Using cached tzdata-2025.2-py2.py3-none-any.whl.metadata (1.4 kB)
2025-11-21T16:05:30.5211982Z Collecting six>=1.5 (from python-dateutil>=2.7->freezegun)
2025-11-21T16:05:30.5226274Z   Using cached six-1.17.0-py2.py3-none-any.whl.metadata (1.7 kB)
2025-11-21T16:05:30.5439893Z Downloading factory_boy-3.3.3-py2.py3-none-any.whl (37 kB)
2025-11-21T16:05:30.5745067Z Downloading freezegun-1.5.5-py3-none-any.whl (19 kB)
2025-11-21T16:05:30.5961798Z Downloading faker-38.2.0-py3-none-any.whl (2.0 MB)
2025-11-21T16:05:30.6768387Z    ━━━━━━━━━━━━━━━━━━━━━━━━━━━━━━━━━━━━━━━━ 2.0/2.0 MB 38.5 MB/s  0:00:00
2025-11-21T16:05:30.6782516Z Using cached python_dateutil-2.9.0.post0-py2.py3-none-any.whl (229 kB)
2025-11-21T16:05:30.6796158Z Using cached six-1.17.0-py2.py3-none-any.whl (11 kB)
2025-11-21T16:05:30.6808203Z Using cached tzdata-2025.2-py2.py3-none-any.whl (347 kB)
2025-11-21T16:05:30.7151268Z Installing collected packages: tzdata, six, python-dateutil, Faker, freezegun, factory-boy
2025-11-21T16:05:31.9241821Z 
2025-11-21T16:05:31.9254658Z Successfully installed Faker-38.2.0 factory-boy-3.3.3 freezegun-1.5.5 python-dateutil-2.9.0.post0 six-1.17.0 tzdata-2025.2
2025-11-21T16:05:32.4605791Z Collecting psycopg2-binary
2025-11-21T16:05:32.5704352Z   Downloading psycopg2_binary-2.9.11-cp311-cp311-manylinux2014_x86_64.manylinux_2_17_x86_64.whl.metadata (4.9 kB)
2025-11-21T16:05:32.6058747Z Collecting flask-migrate
2025-11-21T16:05:32.6073716Z   Using cached Flask_Migrate-4.1.0-py3-none-any.whl.metadata (3.3 kB)
2025-11-21T16:05:32.6515629Z Collecting Flask>=0.9 (from flask-migrate)
2025-11-21T16:05:32.6530557Z   Using cached flask-3.1.2-py3-none-any.whl.metadata (3.2 kB)
2025-11-21T16:05:32.6802542Z Collecting Flask-SQLAlchemy>=1.0 (from flask-migrate)
2025-11-21T16:05:32.6818484Z   Using cached flask_sqlalchemy-3.1.1-py3-none-any.whl.metadata (3.4 kB)
2025-11-21T16:05:32.7249743Z Collecting alembic>=1.9.0 (from flask-migrate)
2025-11-21T16:05:32.7264730Z   Using cached alembic-1.17.2-py3-none-any.whl.metadata (7.2 kB)
2025-11-21T16:05:32.9551625Z Collecting SQLAlchemy>=1.4.0 (from alembic>=1.9.0->flask-migrate)
2025-11-21T16:05:32.9564730Z   Using cached sqlalchemy-2.0.44-cp311-cp311-manylinux_2_17_x86_64.manylinux2014_x86_64.whl.metadata (9.5 kB)
2025-11-21T16:05:32.9895757Z Collecting Mako (from alembic>=1.9.0->flask-migrate)
2025-11-21T16:05:32.9908985Z   Using cached mako-1.3.10-py3-none-any.whl.metadata (2.9 kB)
2025-11-21T16:05:33.0207082Z Collecting typing-extensions>=4.12 (from alembic>=1.9.0->flask-migrate)
2025-11-21T16:05:33.0221238Z   Using cached typing_extensions-4.15.0-py3-none-any.whl.metadata (3.3 kB)
2025-11-21T16:05:33.0456289Z Collecting blinker>=1.9.0 (from Flask>=0.9->flask-migrate)
2025-11-21T16:05:33.0469381Z   Using cached blinker-1.9.0-py3-none-any.whl.metadata (1.6 kB)
2025-11-21T16:05:33.0755917Z Collecting click>=8.1.3 (from Flask>=0.9->flask-migrate)
2025-11-21T16:05:33.0768748Z   Using cached click-8.3.1-py3-none-any.whl.metadata (2.6 kB)
2025-11-21T16:05:33.1007051Z Collecting itsdangerous>=2.2.0 (from Flask>=0.9->flask-migrate)
2025-11-21T16:05:33.1020715Z   Using cached itsdangerous-2.2.0-py3-none-any.whl.metadata (1.9 kB)
2025-11-21T16:05:33.1299943Z Collecting jinja2>=3.1.2 (from Flask>=0.9->flask-migrate)
2025-11-21T16:05:33.1313035Z   Using cached jinja2-3.1.6-py3-none-any.whl.metadata (2.9 kB)
2025-11-21T16:05:33.1886306Z Collecting markupsafe>=2.1.1 (from Flask>=0.9->flask-migrate)
2025-11-21T16:05:33.1900609Z   Using cached markupsafe-3.0.3-cp311-cp311-manylinux2014_x86_64.manylinux_2_17_x86_64.manylinux_2_28_x86_64.whl.metadata (2.7 kB)
2025-11-21T16:05:33.2214316Z Collecting werkzeug>=3.1.0 (from Flask>=0.9->flask-migrate)
2025-11-21T16:05:33.2227867Z   Using cached werkzeug-3.1.3-py3-none-any.whl.metadata (3.7 kB)
2025-11-21T16:05:33.3740591Z Collecting greenlet>=1 (from SQLAlchemy>=1.4.0->alembic>=1.9.0->flask-migrate)
2025-11-21T16:05:33.3756048Z   Using cached greenlet-3.2.4-cp311-cp311-manylinux_2_24_x86_64.manylinux_2_28_x86_64.whl.metadata (4.1 kB)
2025-11-21T16:05:33.4066318Z Downloading psycopg2_binary-2.9.11-cp311-cp311-manylinux2014_x86_64.manylinux_2_17_x86_64.whl (4.2 MB)
2025-11-21T16:05:33.8942355Z    ━━━━━━━━━━━━━━━━━━━━━━━━━━━━━━━━━━━━━━━━ 4.2/4.2 MB 9.3 MB/s  0:00:00
2025-11-21T16:05:33.8957926Z Using cached Flask_Migrate-4.1.0-py3-none-any.whl (21 kB)
2025-11-21T16:05:33.8971921Z Using cached alembic-1.17.2-py3-none-any.whl (248 kB)
2025-11-21T16:05:33.8986148Z Using cached flask-3.1.2-py3-none-any.whl (103 kB)
2025-11-21T16:05:33.8999231Z Using cached blinker-1.9.0-py3-none-any.whl (8.5 kB)
2025-11-21T16:05:33.9011658Z Using cached click-8.3.1-py3-none-any.whl (108 kB)
2025-11-21T16:05:33.9025023Z Using cached flask_sqlalchemy-3.1.1-py3-none-any.whl (25 kB)
2025-11-21T16:05:33.9037982Z Using cached itsdangerous-2.2.0-py3-none-any.whl (16 kB)
2025-11-21T16:05:33.9052776Z Using cached jinja2-3.1.6-py3-none-any.whl (134 kB)
2025-11-21T16:05:33.9066812Z Using cached markupsafe-3.0.3-cp311-cp311-manylinux2014_x86_64.manylinux_2_17_x86_64.manylinux_2_28_x86_64.whl (22 kB)
2025-11-21T16:05:33.9079816Z Using cached sqlalchemy-2.0.44-cp311-cp311-manylinux_2_17_x86_64.manylinux2014_x86_64.whl (3.3 MB)
2025-11-21T16:05:33.9109351Z Using cached greenlet-3.2.4-cp311-cp311-manylinux_2_24_x86_64.manylinux_2_28_x86_64.whl (587 kB)
2025-11-21T16:05:33.9125950Z Using cached typing_extensions-4.15.0-py3-none-any.whl (44 kB)
2025-11-21T16:05:33.9138916Z Using cached werkzeug-3.1.3-py3-none-any.whl (224 kB)
2025-11-21T16:05:33.9153398Z Using cached mako-1.3.10-py3-none-any.whl (78 kB)
2025-11-21T16:05:33.9620076Z Installing collected packages: typing-extensions, psycopg2-binary, markupsafe, itsdangerous, greenlet, click, blinker, werkzeug, SQLAlchemy, Mako, jinja2, Flask, alembic, Flask-SQLAlchemy, flask-migrate
2025-11-21T16:05:35.4323083Z 
2025-11-21T16:05:35.4339875Z Successfully installed Flask-3.1.2 Flask-SQLAlchemy-3.1.1 Mako-1.3.10 SQLAlchemy-2.0.44 alembic-1.17.2 blinker-1.9.0 click-8.3.1 flask-migrate-4.1.0 greenlet-3.2.4 itsdangerous-2.2.0 jinja2-3.1.6 markupsafe-3.0.3 psycopg2-binary-2.9.11 typing-extensions-4.15.0 werkzeug-3.1.3
2025-11-21T16:05:35.9889323Z Collecting torch
2025-11-21T16:05:36.0925889Z   Downloading torch-2.9.1-cp311-cp311-manylinux_2_28_x86_64.whl.metadata (30 kB)
2025-11-21T16:05:36.1419025Z Collecting gymnasium
2025-11-21T16:05:36.1623220Z   Downloading gymnasium-1.2.2-py3-none-any.whl.metadata (10 kB)
2025-11-21T16:05:36.2036924Z Collecting optuna
2025-11-21T16:05:36.2237788Z   Downloading optuna-4.6.0-py3-none-any.whl.metadata (17 kB)
2025-11-21T16:05:36.2771204Z Collecting filelock (from torch)
2025-11-21T16:05:36.2969245Z   Downloading filelock-3.20.0-py3-none-any.whl.metadata (2.1 kB)
2025-11-21T16:05:36.3000992Z Requirement already satisfied: typing-extensions>=4.10.0 in /opt/hostedtoolcache/Python/3.11.14/x64/lib/python3.11/site-packages (from torch) (4.15.0)
2025-11-21T16:05:36.3281850Z Collecting sympy>=1.13.3 (from torch)
2025-11-21T16:05:36.3476005Z   Downloading sympy-1.14.0-py3-none-any.whl.metadata (12 kB)
2025-11-21T16:05:36.3966282Z Collecting networkx>=2.5.1 (from torch)
2025-11-21T16:05:36.4160922Z   Downloading networkx-3.5-py3-none-any.whl.metadata (6.3 kB)
2025-11-21T16:05:36.4225599Z Requirement already satisfied: jinja2 in /opt/hostedtoolcache/Python/3.11.14/x64/lib/python3.11/site-packages (from torch) (3.1.6)
2025-11-21T16:05:36.4571790Z Collecting fsspec>=0.8.5 (from torch)
2025-11-21T16:05:36.4764670Z   Downloading fsspec-2025.10.0-py3-none-any.whl.metadata (10 kB)
2025-11-21T16:05:36.5223586Z Collecting nvidia-cuda-nvrtc-cu12==12.8.93 (from torch)
2025-11-21T16:05:36.5417462Z   Downloading nvidia_cuda_nvrtc_cu12-12.8.93-py3-none-manylinux2010_x86_64.manylinux_2_12_x86_64.whl.metadata (1.7 kB)
2025-11-21T16:05:36.5694173Z Collecting nvidia-cuda-runtime-cu12==12.8.90 (from torch)
2025-11-21T16:05:36.5964428Z   Downloading nvidia_cuda_runtime_cu12-12.8.90-py3-none-manylinux2014_x86_64.manylinux_2_17_x86_64.whl.metadata (1.7 kB)
2025-11-21T16:05:36.6238265Z Collecting nvidia-cuda-cupti-cu12==12.8.90 (from torch)
2025-11-21T16:05:36.6431809Z   Downloading nvidia_cuda_cupti_cu12-12.8.90-py3-none-manylinux2014_x86_64.manylinux_2_17_x86_64.whl.metadata (1.7 kB)
2025-11-21T16:05:36.6718657Z Collecting nvidia-cudnn-cu12==9.10.2.21 (from torch)
2025-11-21T16:05:36.6909801Z   Downloading nvidia_cudnn_cu12-9.10.2.21-py3-none-manylinux_2_27_x86_64.whl.metadata (1.8 kB)
2025-11-21T16:05:36.7209640Z Collecting nvidia-cublas-cu12==12.8.4.1 (from torch)
2025-11-21T16:05:36.7402265Z   Downloading nvidia_cublas_cu12-12.8.4.1-py3-none-manylinux_2_27_x86_64.whl.metadata (1.7 kB)
2025-11-21T16:05:36.7669806Z Collecting nvidia-cufft-cu12==11.3.3.83 (from torch)
2025-11-21T16:05:36.7864099Z   Downloading nvidia_cufft_cu12-11.3.3.83-py3-none-manylinux2014_x86_64.manylinux_2_17_x86_64.whl.metadata (1.7 kB)
2025-11-21T16:05:36.8132548Z Collecting nvidia-curand-cu12==10.3.9.90 (from torch)
2025-11-21T16:05:36.8326939Z   Downloading nvidia_curand_cu12-10.3.9.90-py3-none-manylinux_2_27_x86_64.whl.metadata (1.7 kB)
2025-11-21T16:05:36.8603368Z Collecting nvidia-cusolver-cu12==11.7.3.90 (from torch)
2025-11-21T16:05:36.8794522Z   Downloading nvidia_cusolver_cu12-11.7.3.90-py3-none-manylinux_2_27_x86_64.whl.metadata (1.8 kB)
2025-11-21T16:05:36.9174240Z Collecting nvidia-cusparse-cu12==12.5.8.93 (from torch)
2025-11-21T16:05:36.9366142Z   Downloading nvidia_cusparse_cu12-12.5.8.93-py3-none-manylinux2014_x86_64.manylinux_2_17_x86_64.whl.metadata (1.8 kB)
2025-11-21T16:05:36.9619247Z Collecting nvidia-cusparselt-cu12==0.7.1 (from torch)
2025-11-21T16:05:36.9811170Z   Downloading nvidia_cusparselt_cu12-0.7.1-py3-none-manylinux2014_x86_64.whl.metadata (7.0 kB)
2025-11-21T16:05:37.0073001Z Collecting nvidia-nccl-cu12==2.27.5 (from torch)
2025-11-21T16:05:37.0265907Z   Downloading nvidia_nccl_cu12-2.27.5-py3-none-manylinux2014_x86_64.manylinux_2_17_x86_64.whl.metadata (2.0 kB)
2025-11-21T16:05:37.0525371Z Collecting nvidia-nvshmem-cu12==3.3.20 (from torch)
2025-11-21T16:05:37.0714497Z   Downloading nvidia_nvshmem_cu12-3.3.20-py3-none-manylinux2014_x86_64.manylinux_2_17_x86_64.whl.metadata (2.1 kB)
2025-11-21T16:05:37.0989194Z Collecting nvidia-nvtx-cu12==12.8.90 (from torch)
2025-11-21T16:05:37.1178815Z   Downloading nvidia_nvtx_cu12-12.8.90-py3-none-manylinux2014_x86_64.manylinux_2_17_x86_64.whl.metadata (1.8 kB)
2025-11-21T16:05:37.1473498Z Collecting nvidia-nvjitlink-cu12==12.8.93 (from torch)
2025-11-21T16:05:37.1664874Z   Downloading nvidia_nvjitlink_cu12-12.8.93-py3-none-manylinux2010_x86_64.manylinux_2_12_x86_64.whl.metadata (1.7 kB)
2025-11-21T16:05:37.1915550Z Collecting nvidia-cufile-cu12==1.13.1.3 (from torch)
2025-11-21T16:05:37.2105410Z   Downloading nvidia_cufile_cu12-1.13.1.3-py3-none-manylinux2014_x86_64.manylinux_2_17_x86_64.whl.metadata (1.7 kB)
2025-11-21T16:05:37.2408826Z Collecting triton==3.5.1 (from torch)
2025-11-21T16:05:37.2626158Z   Downloading triton-3.5.1-cp311-cp311-manylinux_2_27_x86_64.manylinux_2_28_x86_64.whl.metadata (1.7 kB)
2025-11-21T16:05:37.4321901Z Collecting numpy>=1.21.0 (from gymnasium)
2025-11-21T16:05:37.4338221Z   Using cached numpy-2.3.5-cp311-cp311-manylinux_2_27_x86_64.manylinux_2_28_x86_64.whl.metadata (62 kB)
2025-11-21T16:05:37.4745509Z Collecting cloudpickle>=1.2.0 (from gymnasium)
2025-11-21T16:05:37.4938942Z   Downloading cloudpickle-3.1.2-py3-none-any.whl.metadata (7.1 kB)
2025-11-21T16:05:37.5204286Z Collecting farama-notifications>=0.0.1 (from gymnasium)
2025-11-21T16:05:37.5400457Z   Downloading Farama_Notifications-0.0.4-py3-none-any.whl.metadata (558 bytes)
2025-11-21T16:05:37.5436131Z Requirement already satisfied: alembic>=1.5.0 in /opt/hostedtoolcache/Python/3.11.14/x64/lib/python3.11/site-packages (from optuna) (1.17.2)
2025-11-21T16:05:37.5730381Z Collecting colorlog (from optuna)
2025-11-21T16:05:37.5925935Z   Downloading colorlog-6.10.1-py3-none-any.whl.metadata (11 kB)
2025-11-21T16:05:37.5964849Z Requirement already satisfied: packaging>=20.0 in /opt/hostedtoolcache/Python/3.11.14/x64/lib/python3.11/site-packages (from optuna) (25.0)
2025-11-21T16:05:37.5968960Z Requirement already satisfied: sqlalchemy>=1.4.2 in /opt/hostedtoolcache/Python/3.11.14/x64/lib/python3.11/site-packages (from optuna) (2.0.44)
2025-11-21T16:05:37.6410874Z Collecting tqdm (from optuna)
2025-11-21T16:05:37.6603738Z   Downloading tqdm-4.67.1-py3-none-any.whl.metadata (57 kB)
2025-11-21T16:05:37.7223061Z Collecting PyYAML (from optuna)
2025-11-21T16:05:37.7423149Z   Downloading pyyaml-6.0.3-cp311-cp311-manylinux2014_x86_64.manylinux_2_17_x86_64.manylinux_2_28_x86_64.whl.metadata (2.4 kB)
2025-11-21T16:05:37.7466054Z Requirement already satisfied: Mako in /opt/hostedtoolcache/Python/3.11.14/x64/lib/python3.11/site-packages (from alembic>=1.5.0->optuna) (1.3.10)
2025-11-21T16:05:37.7529288Z Requirement already satisfied: greenlet>=1 in /opt/hostedtoolcache/Python/3.11.14/x64/lib/python3.11/site-packages (from sqlalchemy>=1.4.2->optuna) (3.2.4)
2025-11-21T16:05:37.7823575Z Collecting mpmath<1.4,>=1.1.0 (from sympy>=1.13.3->torch)
2025-11-21T16:05:37.8012929Z   Downloading mpmath-1.3.0-py3-none-any.whl.metadata (8.6 kB)
2025-11-21T16:05:37.8084587Z Requirement already satisfied: MarkupSafe>=2.0 in /opt/hostedtoolcache/Python/3.11.14/x64/lib/python3.11/site-packages (from jinja2->torch) (3.0.3)
2025-11-21T16:05:37.8315526Z Downloading torch-2.9.1-cp311-cp311-manylinux_2_28_x86_64.whl (899.8 MB)
2025-11-21T16:05:45.4954003Z    ━━━━━━━━━━━━━━━━━━━━━━━━━━━━━━━━━━━━━━━━ 899.8/899.8 MB 51.8 MB/s  0:00:07
2025-11-21T16:05:45.5149983Z Downloading nvidia_cublas_cu12-12.8.4.1-py3-none-manylinux_2_27_x86_64.whl (594.3 MB)
2025-11-21T16:05:50.3706851Z    ━━━━━━━━━━━━━━━━━━━━━━━━━━━━━━━━━━━━━━━━ 594.3/594.3 MB 74.1 MB/s  0:00:04
2025-11-21T16:05:50.3897280Z Downloading nvidia_cuda_cupti_cu12-12.8.90-py3-none-manylinux2014_x86_64.manylinux_2_17_x86_64.whl (10.2 MB)
2025-11-21T16:05:50.4416901Z    ━━━━━━━━━━━━━━━━━━━━━━━━━━━━━━━━━━━━━━━━ 10.2/10.2 MB 203.7 MB/s  0:00:00
2025-11-21T16:05:50.4611182Z Downloading nvidia_cuda_nvrtc_cu12-12.8.93-py3-none-manylinux2010_x86_64.manylinux_2_12_x86_64.whl (88.0 MB)
2025-11-21T16:05:50.8855635Z    ━━━━━━━━━━━━━━━━━━━━━━━━━━━━━━━━━━━━━━━━ 88.0/88.0 MB 208.5 MB/s  0:00:00
2025-11-21T16:05:50.9088880Z Downloading nvidia_cuda_runtime_cu12-12.8.90-py3-none-manylinux2014_x86_64.manylinux_2_17_x86_64.whl (954 kB)
2025-11-21T16:05:50.9147032Z    ━━━━━━━━━━━━━━━━━━━━━━━━━━━━━━━━━━━━━━━━ 954.8/954.8 kB 181.4 MB/s  0:00:00
2025-11-21T16:05:50.9337621Z Downloading nvidia_cudnn_cu12-9.10.2.21-py3-none-manylinux_2_27_x86_64.whl (706.8 MB)
2025-11-21T16:05:57.4621953Z    ━━━━━━━━━━━━━━━━━━━━━━━━━━━━━━━━━━━━━━━━ 706.8/706.8 MB 54.9 MB/s  0:00:06
2025-11-21T16:05:57.4817865Z Downloading nvidia_cufft_cu12-11.3.3.83-py3-none-manylinux2014_x86_64.manylinux_2_17_x86_64.whl (193.1 MB)
2025-11-21T16:05:58.5587225Z    ━━━━━━━━━━━━━━━━━━━━━━━━━━━━━━━━━━━━━━━━ 193.1/193.1 MB 179.5 MB/s  0:00:01
2025-11-21T16:05:58.5790171Z Downloading nvidia_cufile_cu12-1.13.1.3-py3-none-manylinux2014_x86_64.manylinux_2_17_x86_64.whl (1.2 MB)
2025-11-21T16:05:58.5904091Z    ━━━━━━━━━━━━━━━━━━━━━━━━━━━━━━━━━━━━━━━━ 1.2/1.2 MB 103.9 MB/s  0:00:00
2025-11-21T16:05:58.6095356Z Downloading nvidia_curand_cu12-10.3.9.90-py3-none-manylinux_2_27_x86_64.whl (63.6 MB)
2025-11-21T16:05:58.9289858Z    ━━━━━━━━━━━━━━━━━━━━━━━━━━━━━━━━━━━━━━━━ 63.6/63.6 MB 199.9 MB/s  0:00:00
2025-11-21T16:05:58.9487866Z Downloading nvidia_cusolver_cu12-11.7.3.90-py3-none-manylinux_2_27_x86_64.whl (267.5 MB)
2025-11-21T16:06:00.5716200Z    ━━━━━━━━━━━━━━━━━━━━━━━━━━━━━━━━━━━━━━━━ 267.5/267.5 MB 163.6 MB/s  0:00:01
2025-11-21T16:06:00.5930498Z Downloading nvidia_cusparse_cu12-12.5.8.93-py3-none-manylinux2014_x86_64.manylinux_2_17_x86_64.whl (288.2 MB)
2025-11-21T16:06:03.1227743Z    ━━━━━━━━━━━━━━━━━━━━━━━━━━━━━━━━━━━━━━━━ 288.2/288.2 MB 108.0 MB/s  0:00:02
2025-11-21T16:06:03.1422515Z Downloading nvidia_cusparselt_cu12-0.7.1-py3-none-manylinux2014_x86_64.whl (287.2 MB)
2025-11-21T16:06:05.7660959Z    ━━━━━━━━━━━━━━━━━━━━━━━━━━━━━━━━━━━━━━━━ 287.2/287.2 MB 103.9 MB/s  0:00:02
2025-11-21T16:06:05.7886435Z Downloading nvidia_nccl_cu12-2.27.5-py3-none-manylinux2014_x86_64.manylinux_2_17_x86_64.whl (322.3 MB)
2025-11-21T16:06:08.6921418Z    ━━━━━━━━━━━━━━━━━━━━━━━━━━━━━━━━━━━━━━━━ 322.3/322.3 MB 98.3 MB/s  0:00:02
2025-11-21T16:06:08.7113725Z Downloading nvidia_nvjitlink_cu12-12.8.93-py3-none-manylinux2010_x86_64.manylinux_2_12_x86_64.whl (39.3 MB)
2025-11-21T16:06:08.9081095Z    ━━━━━━━━━━━━━━━━━━━━━━━━━━━━━━━━━━━━━━━━ 39.3/39.3 MB 200.5 MB/s  0:00:00
2025-11-21T16:06:08.9277152Z Downloading nvidia_nvshmem_cu12-3.3.20-py3-none-manylinux2014_x86_64.manylinux_2_17_x86_64.whl (124.7 MB)
2025-11-21T16:06:09.5270413Z    ━━━━━━━━━━━━━━━━━━━━━━━━━━━━━━━━━━━━━━━━ 124.7/124.7 MB 209.0 MB/s  0:00:00
2025-11-21T16:06:09.5467085Z Downloading nvidia_nvtx_cu12-12.8.90-py3-none-manylinux2014_x86_64.manylinux_2_17_x86_64.whl (89 kB)
2025-11-21T16:06:09.5674200Z Downloading triton-3.5.1-cp311-cp311-manylinux_2_27_x86_64.manylinux_2_28_x86_64.whl (170.4 MB)
2025-11-21T16:06:10.5109775Z    ━━━━━━━━━━━━━━━━━━━━━━━━━━━━━━━━━━━━━━━━ 170.4/170.4 MB 180.9 MB/s  0:00:00
2025-11-21T16:06:10.5310983Z Downloading gymnasium-1.2.2-py3-none-any.whl (952 kB)
2025-11-21T16:06:10.5374762Z    ━━━━━━━━━━━━━━━━━━━━━━━━━━━━━━━━━━━━━━━━ 952.1/952.1 kB 174.5 MB/s  0:00:00
2025-11-21T16:06:10.5588033Z Downloading optuna-4.6.0-py3-none-any.whl (404 kB)
2025-11-21T16:06:10.5802276Z Downloading cloudpickle-3.1.2-py3-none-any.whl (22 kB)
2025-11-21T16:06:10.6020399Z Downloading Farama_Notifications-0.0.4-py3-none-any.whl (2.5 kB)
2025-11-21T16:06:10.6227873Z Downloading fsspec-2025.10.0-py3-none-any.whl (200 kB)
2025-11-21T16:06:10.6451884Z Downloading networkx-3.5-py3-none-any.whl (2.0 MB)
2025-11-21T16:06:10.6540286Z    ━━━━━━━━━━━━━━━━━━━━━━━━━━━━━━━━━━━━━━━━ 2.0/2.0 MB 268.7 MB/s  0:00:00
2025-11-21T16:06:10.6554738Z Using cached numpy-2.3.5-cp311-cp311-manylinux_2_27_x86_64.manylinux_2_28_x86_64.whl (16.9 MB)
2025-11-21T16:06:10.6841541Z Downloading sympy-1.14.0-py3-none-any.whl (6.3 MB)
2025-11-21T16:06:10.7143652Z    ━━━━━━━━━━━━━━━━━━━━━━━━━━━━━━━━━━━━━━━━ 6.3/6.3 MB 217.6 MB/s  0:00:00
2025-11-21T16:06:10.7338945Z Downloading mpmath-1.3.0-py3-none-any.whl (536 kB)
2025-11-21T16:06:10.7492352Z    ━━━━━━━━━━━━━━━━━━━━━━━━━━━━━━━━━━━━━━━━ 536.2/536.2 kB 20.9 MB/s  0:00:00
2025-11-21T16:06:10.7685085Z Downloading colorlog-6.10.1-py3-none-any.whl (11 kB)
2025-11-21T16:06:10.7891094Z Downloading filelock-3.20.0-py3-none-any.whl (16 kB)
2025-11-21T16:06:10.8102929Z Downloading pyyaml-6.0.3-cp311-cp311-manylinux2014_x86_64.manylinux_2_17_x86_64.manylinux_2_28_x86_64.whl (806 kB)
2025-11-21T16:06:10.8156789Z    ━━━━━━━━━━━━━━━━━━━━━━━━━━━━━━━━━━━━━━━━ 806.6/806.6 kB 165.1 MB/s  0:00:00
2025-11-21T16:06:10.8348472Z Downloading tqdm-4.67.1-py3-none-any.whl (78 kB)
2025-11-21T16:06:14.6880702Z Installing collected packages: nvidia-cusparselt-cu12, mpmath, farama-notifications, triton, tqdm, sympy, PyYAML, nvidia-nvtx-cu12, nvidia-nvshmem-cu12, nvidia-nvjitlink-cu12, nvidia-nccl-cu12, nvidia-curand-cu12, nvidia-cufile-cu12, nvidia-cuda-runtime-cu12, nvidia-cuda-nvrtc-cu12, nvidia-cuda-cupti-cu12, nvidia-cublas-cu12, numpy, networkx, fsspec, filelock, colorlog, cloudpickle, nvidia-cusparse-cu12, nvidia-cufft-cu12, nvidia-cudnn-cu12, gymnasium, optuna, nvidia-cusolver-cu12, torch
2025-11-21T16:07:06.8228669Z 
2025-11-21T16:07:06.8255927Z Successfully installed PyYAML-6.0.3 cloudpickle-3.1.2 colorlog-6.10.1 farama-notifications-0.0.4 filelock-3.20.0 fsspec-2025.10.0 gymnasium-1.2.2 mpmath-1.3.0 networkx-3.5 numpy-2.3.5 nvidia-cublas-cu12-12.8.4.1 nvidia-cuda-cupti-cu12-12.8.90 nvidia-cuda-nvrtc-cu12-12.8.93 nvidia-cuda-runtime-cu12-12.8.90 nvidia-cudnn-cu12-9.10.2.21 nvidia-cufft-cu12-11.3.3.83 nvidia-cufile-cu12-1.13.1.3 nvidia-curand-cu12-10.3.9.90 nvidia-cusolver-cu12-11.7.3.90 nvidia-cusparse-cu12-12.5.8.93 nvidia-cusparselt-cu12-0.7.1 nvidia-nccl-cu12-2.27.5 nvidia-nvjitlink-cu12-12.8.93 nvidia-nvshmem-cu12-3.3.20 nvidia-nvtx-cu12-12.8.90 optuna-4.6.0 sympy-1.14.0 torch-2.9.1 tqdm-4.67.1 triton-3.5.1
2025-11-21T16:07:07.7194311Z Requirement already satisfied: Flask>=2.0.0 in /opt/hostedtoolcache/Python/3.11.14/x64/lib/python3.11/site-packages (from -r backend/requirements.txt (line 4)) (3.1.2)
2025-11-21T16:07:07.7198125Z Requirement already satisfied: Flask-SQLAlchemy>=2.5.0 in /opt/hostedtoolcache/Python/3.11.14/x64/lib/python3.11/site-packages (from -r backend/requirements.txt (line 5)) (3.1.1)
2025-11-21T16:07:07.7201864Z Requirement already satisfied: Flask-Migrate>=3.0.0 in /opt/hostedtoolcache/Python/3.11.14/x64/lib/python3.11/site-packages (from -r backend/requirements.txt (line 6)) (4.1.0)
2025-11-21T16:07:07.8577409Z Collecting Flask-SocketIO>=5.5.0 (from -r backend/requirements.txt (line 7))
2025-11-21T16:07:07.8598880Z   Using cached Flask_SocketIO-5.5.1-py3-none-any.whl.metadata (2.6 kB)
2025-11-21T16:07:07.8894911Z Collecting Flask-Cors>=3.0.0 (from -r backend/requirements.txt (line 8))
2025-11-21T16:07:07.8913876Z   Using cached flask_cors-6.0.1-py3-none-any.whl.metadata (5.3 kB)
2025-11-21T16:07:07.9277912Z Collecting Flask-Talisman>=1.1.0 (from -r backend/requirements.txt (line 9))
2025-11-21T16:07:07.9294354Z   Using cached flask_talisman-1.1.0-py2.py3-none-any.whl.metadata (18 kB)
2025-11-21T16:07:07.9598736Z Collecting Flask-JWT-Extended>=4.4.0 (from -r backend/requirements.txt (line 10))
2025-11-21T16:07:07.9614541Z   Using cached Flask_JWT_Extended-4.7.1-py2.py3-none-any.whl.metadata (3.8 kB)
2025-11-21T16:07:07.9870059Z Collecting flask-restx>=1.3.0 (from -r backend/requirements.txt (line 11))
2025-11-21T16:07:07.9885991Z   Using cached flask_restx-1.3.2-py2.py3-none-any.whl.metadata (9.3 kB)
2025-11-21T16:07:08.0191830Z Collecting flask-marshmallow>=1.3.0 (from -r backend/requirements.txt (line 12))
2025-11-21T16:07:08.0206883Z   Using cached flask_marshmallow-1.3.0-py3-none-any.whl.metadata (5.2 kB)
2025-11-21T16:07:08.0769592Z Collecting Flask-Limiter>=3.0.0 (from -r backend/requirements.txt (line 13))
2025-11-21T16:07:08.0788132Z   Using cached flask_limiter-4.0.0-py3-none-any.whl.metadata (6.2 kB)
2025-11-21T16:07:08.1047426Z Collecting Flask-Mail>=0.10.0 (from -r backend/requirements.txt (line 14))
2025-11-21T16:07:08.1062726Z   Using cached flask_mail-0.10.0-py3-none-any.whl.metadata (2.1 kB)
2025-11-21T16:07:08.1304344Z Collecting Flask-Bcrypt>=1.0.0 (from -r backend/requirements.txt (line 15))
2025-11-21T16:07:08.1318256Z   Using cached Flask_Bcrypt-1.0.1-py3-none-any.whl.metadata (2.6 kB)
2025-11-21T16:07:08.1630570Z Collecting gunicorn>=21.0.0 (from -r backend/requirements.txt (line 18))
2025-11-21T16:07:08.1646123Z   Using cached gunicorn-23.0.0-py3-none-any.whl.metadata (4.4 kB)
2025-11-21T16:07:08.1957141Z Collecting eventlet>=0.39.0 (from -r backend/requirements.txt (line 19))
2025-11-21T16:07:08.1972534Z   Using cached eventlet-0.40.3-py3-none-any.whl.metadata (5.4 kB)
2025-11-21T16:07:08.2269622Z Collecting waitress>=3.0.0 (from -r backend/requirements.txt (line 20))
2025-11-21T16:07:08.2284063Z   Using cached waitress-3.0.2-py3-none-any.whl.metadata (5.8 kB)
2025-11-21T16:07:08.2306281Z Requirement already satisfied: greenlet>=3.0.0 in /opt/hostedtoolcache/Python/3.11.14/x64/lib/python3.11/site-packages (from -r backend/requirements.txt (line 21)) (3.2.4)
2025-11-21T16:07:08.2603636Z Collecting simple-websocket>=1.1.0 (from -r backend/requirements.txt (line 22))
2025-11-21T16:07:08.2618706Z   Using cached simple_websocket-1.1.0-py3-none-any.whl.metadata (1.5 kB)
2025-11-21T16:07:08.2887691Z Collecting wsproto>=1.2.0 (from -r backend/requirements.txt (line 23))
2025-11-21T16:07:08.3914350Z   Downloading wsproto-1.3.2-py3-none-any.whl.metadata (5.2 kB)
2025-11-21T16:07:08.4171686Z Collecting h11>=0.14.0 (from -r backend/requirements.txt (line 24))
2025-11-21T16:07:08.4187110Z   Using cached h11-0.16.0-py3-none-any.whl.metadata (8.3 kB)
2025-11-21T16:07:08.4508207Z Collecting psycopg<4,>=3.1 (from psycopg[binary]<4,>=3.1->-r backend/requirements.txt (line 27))
2025-11-21T16:07:08.4527054Z   Using cached psycopg-3.2.12-py3-none-any.whl.metadata (4.5 kB)
2025-11-21T16:07:08.4577141Z Requirement already satisfied: psycopg2-binary>=2.9.0 in /opt/hostedtoolcache/Python/3.11.14/x64/lib/python3.11/site-packages (from -r backend/requirements.txt (line 28)) (2.9.11)
2025-11-21T16:07:08.4580579Z Requirement already satisfied: SQLAlchemy>=2.0.0 in /opt/hostedtoolcache/Python/3.11.14/x64/lib/python3.11/site-packages (from -r backend/requirements.txt (line 29)) (2.0.44)
2025-11-21T16:07:08.4929895Z Collecting SQLAlchemy-Utils>=0.40.0 (from -r backend/requirements.txt (line 30))
2025-11-21T16:07:08.4948244Z   Using cached sqlalchemy_utils-0.42.0-py3-none-any.whl.metadata (4.6 kB)
2025-11-21T16:07:08.5439357Z Collecting celery>=5.0.0 (from -r backend/requirements.txt (line 33))
2025-11-21T16:07:08.5459057Z   Using cached celery-5.5.3-py3-none-any.whl.metadata (22 kB)
2025-11-21T16:07:08.5909998Z Collecting flower>=2.0.0 (from -r backend/requirements.txt (line 34))
2025-11-21T16:07:08.5927784Z   Using cached flower-2.0.1-py2.py3-none-any.whl.metadata (4.5 kB)
2025-11-21T16:07:08.6329035Z Collecting redis>=4.0.0 (from -r backend/requirements.txt (line 37))
2025-11-21T16:07:08.6343293Z   Using cached redis-7.1.0-py3-none-any.whl.metadata (12 kB)
2025-11-21T16:07:08.6746745Z Collecting ortools>=9.0.0 (from -r backend/requirements.txt (line 40))
2025-11-21T16:07:08.6761560Z   Using cached ortools-9.14.6206-cp311-cp311-manylinux_2_27_x86_64.manylinux_2_28_x86_64.whl.metadata (3.3 kB)
2025-11-21T16:07:08.7056111Z Collecting geopy>=2.4.0 (from -r backend/requirements.txt (line 41))
2025-11-21T16:07:08.7070425Z   Using cached geopy-2.4.1-py3-none-any.whl.metadata (6.8 kB)
2025-11-21T16:07:08.7370798Z Collecting googlemaps>=4.10.0 (from -r backend/requirements.txt (line 42))
2025-11-21T16:07:08.7371633Z   Using cached googlemaps-4.10.0-py3-none-any.whl
2025-11-21T16:07:08.7757090Z Collecting holidays>=0.68 (from -r backend/requirements.txt (line 43))
2025-11-21T16:07:08.7774800Z   Using cached holidays-0.85-py3-none-any.whl.metadata (50 kB)
2025-11-21T16:07:08.8675027Z Collecting scikit-learn>=1.0.0 (from -r backend/requirements.txt (line 46))
2025-11-21T16:07:08.8689963Z   Using cached scikit_learn-1.7.2-cp311-cp311-manylinux2014_x86_64.manylinux_2_17_x86_64.whl.metadata (11 kB)
2025-11-21T16:07:08.8769437Z Requirement already satisfied: numpy>=1.20.0 in /opt/hostedtoolcache/Python/3.11.14/x64/lib/python3.11/site-packages (from -r backend/requirements.txt (line 47)) (2.3.5)
2025-11-21T16:07:08.9813190Z Collecting pandas>=1.5.0 (from -r backend/requirements.txt (line 48))
2025-11-21T16:07:08.9828598Z   Using cached pandas-2.3.3-cp311-cp311-manylinux_2_24_x86_64.manylinux_2_28_x86_64.whl.metadata (91 kB)
2025-11-21T16:07:09.0677889Z Collecting xgboost>=2.0.0 (from -r backend/requirements.txt (line 49))
2025-11-21T16:07:09.0870992Z   Downloading xgboost-3.1.2-py3-none-manylinux_2_28_x86_64.whl.metadata (2.1 kB)
2025-11-21T16:07:09.1202918Z Collecting lightgbm>=4.0.0 (from -r backend/requirements.txt (line 50))
2025-11-21T16:07:09.1218383Z   Using cached lightgbm-4.6.0-py3-none-manylinux_2_28_x86_64.whl.metadata (17 kB)
2025-11-21T16:07:09.1950801Z Collecting statsmodels>=0.14.0 (from -r backend/requirements.txt (line 51))
2025-11-21T16:07:09.1969552Z   Using cached statsmodels-0.14.5-cp311-cp311-manylinux2014_x86_64.manylinux_2_17_x86_64.manylinux_2_28_x86_64.whl.metadata (9.5 kB)
2025-11-21T16:07:09.2455463Z Collecting marshmallow>=3.0.0 (from -r backend/requirements.txt (line 54))
2025-11-21T16:07:09.2509779Z   Using cached marshmallow-4.1.0-py3-none-any.whl.metadata (7.4 kB)
2025-11-21T16:07:09.2830911Z Collecting marshmallow-sqlalchemy>=1.0.0 (from -r backend/requirements.txt (line 55))
2025-11-21T16:07:09.2846049Z   Using cached marshmallow_sqlalchemy-1.4.2-py3-none-any.whl.metadata (6.8 kB)
2025-11-21T16:07:09.3470564Z Collecting sentry-sdk>=2.0.0 (from -r backend/requirements.txt (line 58))
2025-11-21T16:07:09.3485525Z   Using cached sentry_sdk-2.45.0-py2.py3-none-any.whl.metadata (10 kB)
2025-11-21T16:07:09.3930810Z Collecting opentelemetry-api>=1.24.0 (from -r backend/requirements.txt (line 61))
2025-11-21T16:07:09.3947101Z   Using cached opentelemetry_api-1.38.0-py3-none-any.whl.metadata (1.5 kB)
2025-11-21T16:07:09.4265591Z Collecting opentelemetry-sdk>=1.24.0 (from -r backend/requirements.txt (line 62))
2025-11-21T16:07:09.4281591Z   Using cached opentelemetry_sdk-1.38.0-py3-none-any.whl.metadata (1.5 kB)
2025-11-21T16:07:09.4589268Z Collecting opentelemetry-exporter-otlp-proto-grpc>=1.24.0 (from -r backend/requirements.txt (line 63))
2025-11-21T16:07:09.4605222Z   Using cached opentelemetry_exporter_otlp_proto_grpc-1.38.0-py3-none-any.whl.metadata (2.4 kB)
2025-11-21T16:07:09.5011063Z Collecting opentelemetry-instrumentation-requests>=0.45b0 (from -r backend/requirements.txt (line 64))
2025-11-21T16:07:09.5030002Z   Using cached opentelemetry_instrumentation_requests-0.59b0-py3-none-any.whl.metadata (2.6 kB)
2025-11-21T16:07:09.5302984Z Collecting prometheus-client>=0.20.0 (from -r backend/requirements.txt (line 67))
2025-11-21T16:07:09.5317970Z   Using cached prometheus_client-0.23.1-py3-none-any.whl.metadata (1.9 kB)
2025-11-21T16:07:09.6943758Z Collecting cryptography>=41.0.0 (from -r backend/requirements.txt (line 70))
2025-11-21T16:07:09.6961409Z   Using cached cryptography-46.0.3-cp311-abi3-manylinux_2_34_x86_64.whl.metadata (5.7 kB)
2025-11-21T16:07:09.7486851Z Collecting bcrypt>=4.0.0 (from -r backend/requirements.txt (line 71))
2025-11-21T16:07:09.7504229Z   Using cached bcrypt-5.0.0-cp39-abi3-manylinux_2_34_x86_64.whl.metadata (10 kB)
2025-11-21T16:07:09.7821565Z Collecting hvac>=1.2.0 (from -r backend/requirements.txt (line 72))
2025-11-21T16:07:09.7837534Z   Using cached hvac-2.4.0-py3-none-any.whl.metadata (3.3 kB)
2025-11-21T16:07:09.8141801Z Collecting python-dotenv>=0.19.0 (from -r backend/requirements.txt (line 75))
2025-11-21T16:07:09.8157776Z   Using cached python_dotenv-1.2.1-py3-none-any.whl.metadata (25 kB)
2025-11-21T16:07:09.9675723Z Collecting pydantic>=1.8.0 (from -r backend/requirements.txt (line 76))
2025-11-21T16:07:09.9691748Z   Using cached pydantic-2.12.4-py3-none-any.whl.metadata (89 kB)
2025-11-21T16:07:10.0055523Z Collecting python-socketio>=5.12.0 (from -r backend/requirements.txt (line 77))
2025-11-21T16:07:10.0071554Z   Using cached python_socketio-5.14.3-py3-none-any.whl.metadata (3.2 kB)
2025-11-21T16:07:10.0439731Z Collecting python-engineio>=4.11.0 (from -r backend/requirements.txt (line 78))
2025-11-21T16:07:10.0457730Z   Using cached python_engineio-4.12.3-py3-none-any.whl.metadata (2.2 kB)
2025-11-21T16:07:10.0818989Z Collecting requests>=2.32.0 (from -r backend/requirements.txt (line 79))
2025-11-21T16:07:10.0834013Z   Using cached requests-2.32.5-py3-none-any.whl.metadata (4.9 kB)
2025-11-21T16:07:10.0857617Z Requirement already satisfied: typing_extensions>=4.0.0 in /opt/hostedtoolcache/Python/3.11.14/x64/lib/python3.11/site-packages (from -r backend/requirements.txt (line 80)) (4.15.0)
2025-11-21T16:07:10.0860648Z Requirement already satisfied: packaging>=24.0 in /opt/hostedtoolcache/Python/3.11.14/x64/lib/python3.11/site-packages (from -r backend/requirements.txt (line 81)) (25.0)
2025-11-21T16:07:10.1113521Z Collecting attrs>=24.2.0 (from -r backend/requirements.txt (line 82))
2025-11-21T16:07:10.1128919Z   Using cached attrs-25.4.0-py3-none-any.whl.metadata (10 kB)
2025-11-21T16:07:10.1434578Z Collecting aniso8601>=10.0.0 (from -r backend/requirements.txt (line 83))
2025-11-21T16:07:10.1451134Z   Using cached aniso8601-10.0.1-py2.py3-none-any.whl.metadata (23 kB)
2025-11-21T16:07:10.1912930Z Collecting pytz>=2024.1 (from -r backend/requirements.txt (line 84))
2025-11-21T16:07:10.1932286Z   Using cached pytz-2025.2-py2.py3-none-any.whl.metadata (22 kB)
2025-11-21T16:07:10.1958907Z Requirement already satisfied: tzdata>=2025.1 in /opt/hostedtoolcache/Python/3.11.14/x64/lib/python3.11/site-packages (from -r backend/requirements.txt (line 85)) (2025.2)
2025-11-21T16:07:10.2215217Z Collecting tzlocal>=5.3.0 (from -r backend/requirements.txt (line 86))
2025-11-21T16:07:10.2230972Z   Using cached tzlocal-5.3.1-py3-none-any.whl.metadata (7.6 kB)
2025-11-21T16:07:10.2544191Z Collecting immutabledict>=4.0.0 (from -r backend/requirements.txt (line 87))
2025-11-21T16:07:10.2561684Z   Using cached immutabledict-4.2.2-py3-none-any.whl.metadata (3.5 kB)
2025-11-21T16:07:10.4014316Z Collecting Pillow>=10.0.0 (from -r backend/requirements.txt (line 88))
2025-11-21T16:07:10.4030137Z   Using cached pillow-12.0.0-cp311-cp311-manylinux_2_27_x86_64.manylinux_2_28_x86_64.whl.metadata (8.8 kB)
2025-11-21T16:07:10.4070341Z Requirement already satisfied: python-dateutil>=2.8.0 in /opt/hostedtoolcache/Python/3.11.14/x64/lib/python3.11/site-packages (from -r backend/requirements.txt (line 89)) (2.9.0.post0)
2025-11-21T16:07:10.4074685Z Requirement already satisfied: Jinja2>=3.0.0 in /opt/hostedtoolcache/Python/3.11.14/x64/lib/python3.11/site-packages (from -r backend/requirements.txt (line 90)) (3.1.6)
2025-11-21T16:07:10.4078677Z Requirement already satisfied: MarkupSafe>=2.0.0 in /opt/hostedtoolcache/Python/3.11.14/x64/lib/python3.11/site-packages (from -r backend/requirements.txt (line 91)) (3.0.3)
2025-11-21T16:07:10.4083037Z Requirement already satisfied: itsdangerous>=2.0.0 in /opt/hostedtoolcache/Python/3.11.14/x64/lib/python3.11/site-packages (from -r backend/requirements.txt (line 92)) (2.2.0)
2025-11-21T16:07:10.4086765Z Requirement already satisfied: click>=8.0.0 in /opt/hostedtoolcache/Python/3.11.14/x64/lib/python3.11/site-packages (from -r backend/requirements.txt (line 93)) (8.3.1)
2025-11-21T16:07:10.4090487Z Requirement already satisfied: blinker>=1.0.0 in /opt/hostedtoolcache/Python/3.11.14/x64/lib/python3.11/site-packages (from -r backend/requirements.txt (line 94)) (1.9.0)
2025-11-21T16:07:10.4731165Z Collecting qrbill>=1.0.0 (from -r backend/requirements.txt (line 97))
2025-11-21T16:07:10.4746865Z   Using cached qrbill-1.2.0-py3-none-any.whl.metadata (4.4 kB)
2025-11-21T16:07:10.5004962Z Collecting qrcode>=8.0 (from -r backend/requirements.txt (line 98))
2025-11-21T16:07:10.5020143Z   Using cached qrcode-8.2-py3-none-any.whl.metadata (17 kB)
2025-11-21T16:07:10.5323308Z Collecting segno>=1.6.0 (from -r backend/requirements.txt (line 99))
2025-11-21T16:07:10.5337267Z   Using cached segno-1.6.6-py3-none-any.whl.metadata (7.7 kB)
2025-11-21T16:07:10.5570599Z Collecting fpdf>=1.7.0 (from -r backend/requirements.txt (line 100))
2025-11-21T16:07:10.5571794Z   Using cached fpdf-1.7.2-py2.py3-none-any.whl
2025-11-21T16:07:10.6696940Z Collecting reportlab>=4.3.0 (from -r backend/requirements.txt (line 101))
2025-11-21T16:07:10.6711986Z   Using cached reportlab-4.4.5-py3-none-any.whl.metadata (1.7 kB)
2025-11-21T16:07:10.6960939Z Collecting svglib>=1.5.0 (from -r backend/requirements.txt (line 102))
2025-11-21T16:07:10.6977341Z   Using cached svglib-1.6.0-py3-none-any.whl.metadata (11 kB)
2025-11-21T16:07:10.7253817Z Collecting svgwrite>=1.4.0 (from -r backend/requirements.txt (line 103))
2025-11-21T16:07:10.7269218Z   Using cached svgwrite-1.4.3-py3-none-any.whl.metadata (8.8 kB)
2025-11-21T16:07:10.7521203Z Collecting tinycss2>=1.4.0 (from -r backend/requirements.txt (line 104))
2025-11-21T16:07:10.7536329Z   Using cached tinycss2-1.5.0-py3-none-any.whl.metadata (3.0 kB)
2025-11-21T16:07:10.7774287Z Collecting cssselect2>=0.7.0 (from -r backend/requirements.txt (line 105))
2025-11-21T16:07:10.7788101Z   Using cached cssselect2-0.8.0-py3-none-any.whl.metadata (2.9 kB)
2025-11-21T16:07:10.8062867Z Collecting webencodings>=0.5.0 (from -r backend/requirements.txt (line 106))
2025-11-21T16:07:10.8077175Z   Using cached webencodings-0.5.1-py2.py3-none-any.whl.metadata (2.1 kB)
2025-11-21T16:07:10.8090975Z Requirement already satisfied: pytest>=8.0.0 in /opt/hostedtoolcache/Python/3.11.14/x64/lib/python3.11/site-packages (from -r backend/requirements.txt (line 109)) (9.0.1)
2025-11-21T16:07:10.8355924Z Collecting pytest-flask>=1.3.0 (from -r backend/requirements.txt (line 110))
2025-11-21T16:07:10.8370058Z   Using cached pytest_flask-1.3.0-py3-none-any.whl.metadata (14 kB)
2025-11-21T16:07:10.9250464Z Collecting rich>=13.0.0 (from -r backend/requirements.txt (line 111))
2025-11-21T16:07:10.9264301Z   Using cached rich-14.2.0-py3-none-any.whl.metadata (18 kB)
2025-11-21T16:07:11.0225217Z Collecting stripe>=11.0.0 (from -r backend/requirements.txt (line 114))
2025-11-21T16:07:11.0246279Z   Using cached stripe-14.0.0-py3-none-any.whl.metadata (18 kB)
2025-11-21T16:07:11.0521176Z Collecting python-stdnum>=1.20 (from -r backend/requirements.txt (line 115))
2025-11-21T16:07:11.0537311Z   Using cached python_stdnum-2.1-py3-none-any.whl.metadata (18 kB)
2025-11-21T16:07:11.0566780Z Requirement already satisfied: Werkzeug>=3.0.0 in /opt/hostedtoolcache/Python/3.11.14/x64/lib/python3.11/site-packages (from -r backend/requirements.txt (line 118)) (3.1.3)
2025-11-21T16:07:11.1927762Z Collecting psycopg-binary==3.2.12 (from psycopg[binary]<4,>=3.1->-r backend/requirements.txt (line 27))
2025-11-21T16:07:11.1942855Z   Using cached psycopg_binary-3.2.12-cp311-cp311-manylinux2014_x86_64.manylinux_2_17_x86_64.whl.metadata (2.9 kB)
2025-11-21T16:07:11.2015031Z Requirement already satisfied: alembic>=1.9.0 in /opt/hostedtoolcache/Python/3.11.14/x64/lib/python3.11/site-packages (from Flask-Migrate>=3.0.0->-r backend/requirements.txt (line 6)) (1.17.2)
2025-11-21T16:07:11.2337800Z Collecting PyJWT<3.0,>=2.0 (from Flask-JWT-Extended>=4.4.0->-r backend/requirements.txt (line 10))
2025-11-21T16:07:11.2353519Z   Using cached PyJWT-2.10.1-py3-none-any.whl.metadata (4.0 kB)
2025-11-21T16:07:11.2812718Z Collecting jsonschema (from flask-restx>=1.3.0->-r backend/requirements.txt (line 11))
2025-11-21T16:07:11.2826632Z   Using cached jsonschema-4.25.1-py3-none-any.whl.metadata (7.6 kB)
2025-11-21T16:07:11.3218631Z Collecting referencing (from flask-restx>=1.3.0->-r backend/requirements.txt (line 11))
2025-11-21T16:07:11.3237828Z   Using cached referencing-0.37.0-py3-none-any.whl.metadata (2.8 kB)
2025-11-21T16:07:11.3703480Z Collecting importlib-resources (from flask-restx>=1.3.0->-r backend/requirements.txt (line 11))
2025-11-21T16:07:11.3721077Z   Using cached importlib_resources-6.5.2-py3-none-any.whl.metadata (3.9 kB)
2025-11-21T16:07:11.4117257Z Collecting limits>=3.13 (from Flask-Limiter>=3.0.0->-r backend/requirements.txt (line 13))
2025-11-21T16:07:11.4130406Z   Using cached limits-5.6.0-py3-none-any.whl.metadata (10 kB)
2025-11-21T16:07:11.4387755Z Collecting ordered-set<5,>4 (from Flask-Limiter>=3.0.0->-r backend/requirements.txt (line 13))
2025-11-21T16:07:11.4401729Z   Using cached ordered_set-4.1.0-py3-none-any.whl.metadata (5.3 kB)
2025-11-21T16:07:11.4943963Z Collecting markdown-it-py>=2.2.0 (from rich>=13.0.0->-r backend/requirements.txt (line 111))
2025-11-21T16:07:11.4964143Z   Using cached markdown_it_py-4.0.0-py3-none-any.whl.metadata (7.3 kB)
2025-11-21T16:07:11.5012545Z Requirement already satisfied: pygments<3.0.0,>=2.13.0 in /opt/hostedtoolcache/Python/3.11.14/x64/lib/python3.11/site-packages (from rich>=13.0.0->-r backend/requirements.txt (line 111)) (2.19.2)
2025-11-21T16:07:11.5402709Z Collecting dnspython>=1.15.0 (from eventlet>=0.39.0->-r backend/requirements.txt (line 19))
2025-11-21T16:07:11.5418996Z   Using cached dnspython-2.8.0-py3-none-any.whl.metadata (5.7 kB)
2025-11-21T16:07:11.5909504Z Collecting billiard<5.0,>=4.2.1 (from celery>=5.0.0->-r backend/requirements.txt (line 33))
2025-11-21T16:07:11.5925314Z   Using cached billiard-4.2.3-py3-none-any.whl.metadata (4.8 kB)
2025-11-21T16:07:11.6331006Z Collecting kombu<5.6,>=5.5.2 (from celery>=5.0.0->-r backend/requirements.txt (line 33))
2025-11-21T16:07:11.6342793Z   Using cached kombu-5.5.4-py3-none-any.whl.metadata (3.5 kB)
2025-11-21T16:07:11.6620257Z Collecting vine<6.0,>=5.1.0 (from celery>=5.0.0->-r backend/requirements.txt (line 33))
2025-11-21T16:07:11.6634984Z   Using cached vine-5.1.0-py3-none-any.whl.metadata (2.7 kB)
2025-11-21T16:07:11.6919515Z Collecting click-didyoumean>=0.3.0 (from celery>=5.0.0->-r backend/requirements.txt (line 33))
2025-11-21T16:07:11.6937142Z   Using cached click_didyoumean-0.3.1-py3-none-any.whl.metadata (3.9 kB)
2025-11-21T16:07:11.7174631Z Collecting click-repl>=0.2.0 (from celery>=5.0.0->-r backend/requirements.txt (line 33))
2025-11-21T16:07:11.7188194Z   Using cached click_repl-0.3.0-py3-none-any.whl.metadata (3.6 kB)
2025-11-21T16:07:11.7429354Z Collecting click-plugins>=1.1.1 (from celery>=5.0.0->-r backend/requirements.txt (line 33))
2025-11-21T16:07:11.7444886Z   Using cached click_plugins-1.1.1.2-py2.py3-none-any.whl.metadata (6.5 kB)
2025-11-21T16:07:11.7819378Z Collecting amqp<6.0.0,>=5.1.1 (from kombu<5.6,>=5.5.2->celery>=5.0.0->-r backend/requirements.txt (line 33))
2025-11-21T16:07:11.7837621Z   Using cached amqp-5.3.1-py3-none-any.whl.metadata (8.9 kB)
2025-11-21T16:07:11.8445857Z Collecting tornado<7.0.0,>=5.0.0 (from flower>=2.0.0->-r backend/requirements.txt (line 34))
2025-11-21T16:07:11.8460661Z   Using cached tornado-6.5.2-cp39-abi3-manylinux_2_5_x86_64.manylinux1_x86_64.manylinux_2_17_x86_64.manylinux2014_x86_64.whl.metadata (2.8 kB)
2025-11-21T16:07:11.8784491Z Collecting humanize (from flower>=2.0.0->-r backend/requirements.txt (line 34))
2025-11-21T16:07:11.8799661Z   Using cached humanize-4.14.0-py3-none-any.whl.metadata (7.8 kB)
2025-11-21T16:07:11.9159407Z Collecting absl-py>=2.0.0 (from ortools>=9.0.0->-r backend/requirements.txt (line 40))
2025-11-21T16:07:11.9174637Z   Using cached absl_py-2.3.1-py3-none-any.whl.metadata (3.3 kB)
2025-11-21T16:07:12.1157662Z Collecting protobuf<6.32,>=6.31.1 (from ortools>=9.0.0->-r backend/requirements.txt (line 40))
2025-11-21T16:07:12.1172625Z   Using cached protobuf-6.31.1-cp39-abi3-manylinux2014_x86_64.whl.metadata (593 bytes)
2025-11-21T16:07:12.1547776Z Collecting geographiclib<3,>=1.52 (from geopy>=2.4.0->-r backend/requirements.txt (line 41))
2025-11-21T16:07:12.1563405Z   Using cached geographiclib-2.1-py3-none-any.whl.metadata (1.6 kB)
2025-11-21T16:07:12.2501958Z Collecting charset_normalizer<4,>=2 (from requests>=2.32.0->-r backend/requirements.txt (line 79))
2025-11-21T16:07:12.2518847Z   Using cached charset_normalizer-3.4.4-cp311-cp311-manylinux2014_x86_64.manylinux_2_17_x86_64.manylinux_2_28_x86_64.whl.metadata (37 kB)
2025-11-21T16:07:12.2814096Z Collecting idna<4,>=2.5 (from requests>=2.32.0->-r backend/requirements.txt (line 79))
2025-11-21T16:07:12.2829012Z   Using cached idna-3.11-py3-none-any.whl.metadata (8.4 kB)
2025-11-21T16:07:12.3209120Z Collecting urllib3<3,>=1.21.1 (from requests>=2.32.0->-r backend/requirements.txt (line 79))
2025-11-21T16:07:12.3225985Z   Using cached urllib3-2.5.0-py3-none-any.whl.metadata (6.5 kB)
2025-11-21T16:07:12.3637966Z Collecting certifi>=2017.4.17 (from requests>=2.32.0->-r backend/requirements.txt (line 79))
2025-11-21T16:07:12.3655761Z   Using cached certifi-2025.11.12-py3-none-any.whl.metadata (2.5 kB)
2025-11-21T16:07:12.4833702Z Collecting scipy>=1.8.0 (from scikit-learn>=1.0.0->-r backend/requirements.txt (line 46))
2025-11-21T16:07:12.4850656Z   Using cached scipy-1.16.3-cp311-cp311-manylinux2014_x86_64.manylinux_2_17_x86_64.whl.metadata (62 kB)
2025-11-21T16:07:12.5276801Z Collecting joblib>=1.2.0 (from scikit-learn>=1.0.0->-r backend/requirements.txt (line 46))
2025-11-21T16:07:12.5291552Z   Using cached joblib-1.5.2-py3-none-any.whl.metadata (5.6 kB)
2025-11-21T16:07:12.5533664Z Collecting threadpoolctl>=3.1.0 (from scikit-learn>=1.0.0->-r backend/requirements.txt (line 46))
2025-11-21T16:07:12.5547708Z   Using cached threadpoolctl-3.6.0-py3-none-any.whl.metadata (13 kB)
2025-11-21T16:07:12.5696825Z Requirement already satisfied: nvidia-nccl-cu12 in /opt/hostedtoolcache/Python/3.11.14/x64/lib/python3.11/site-packages (from xgboost>=2.0.0->-r backend/requirements.txt (line 49)) (2.27.5)
2025-11-21T16:07:12.6091978Z Collecting patsy>=0.5.6 (from statsmodels>=0.14.0->-r backend/requirements.txt (line 51))
2025-11-21T16:07:12.6107182Z   Using cached patsy-1.0.2-py2.py3-none-any.whl.metadata (3.6 kB)
2025-11-21T16:07:12.6756877Z Collecting importlib-metadata<8.8.0,>=6.0 (from opentelemetry-api>=1.24.0->-r backend/requirements.txt (line 61))
2025-11-21T16:07:12.6846130Z   Using cached importlib_metadata-8.7.0-py3-none-any.whl.metadata (4.8 kB)
2025-11-21T16:07:12.7187399Z Collecting zipp>=3.20 (from importlib-metadata<8.8.0,>=6.0->opentelemetry-api>=1.24.0->-r backend/requirements.txt (line 61))
2025-11-21T16:07:12.7204783Z   Using cached zipp-3.23.0-py3-none-any.whl.metadata (3.6 kB)
2025-11-21T16:07:12.7557480Z Collecting opentelemetry-semantic-conventions==0.59b0 (from opentelemetry-sdk>=1.24.0->-r backend/requirements.txt (line 62))
2025-11-21T16:07:12.7572483Z   Using cached opentelemetry_semantic_conventions-0.59b0-py3-none-any.whl.metadata (2.4 kB)
2025-11-21T16:07:12.7933173Z Collecting googleapis-common-protos~=1.57 (from opentelemetry-exporter-otlp-proto-grpc>=1.24.0->-r backend/requirements.txt (line 63))
2025-11-21T16:07:12.7957508Z   Using cached googleapis_common_protos-1.72.0-py3-none-any.whl.metadata (9.4 kB)
2025-11-21T16:07:13.2676193Z Collecting grpcio<2.0.0,>=1.63.2 (from opentelemetry-exporter-otlp-proto-grpc>=1.24.0->-r backend/requirements.txt (line 63))
2025-11-21T16:07:13.2692384Z   Using cached grpcio-1.76.0-cp311-cp311-manylinux2014_x86_64.manylinux_2_17_x86_64.whl.metadata (3.7 kB)
2025-11-21T16:07:13.3018521Z Collecting opentelemetry-exporter-otlp-proto-common==1.38.0 (from opentelemetry-exporter-otlp-proto-grpc>=1.24.0->-r backend/requirements.txt (line 63))
2025-11-21T16:07:13.3033718Z   Using cached opentelemetry_exporter_otlp_proto_common-1.38.0-py3-none-any.whl.metadata (1.8 kB)
2025-11-21T16:07:13.3329821Z Collecting opentelemetry-proto==1.38.0 (from opentelemetry-exporter-otlp-proto-grpc>=1.24.0->-r backend/requirements.txt (line 63))
2025-11-21T16:07:13.3345607Z   Using cached opentelemetry_proto-1.38.0-py3-none-any.whl.metadata (2.3 kB)
2025-11-21T16:07:13.4192781Z Collecting opentelemetry-instrumentation==0.59b0 (from opentelemetry-instrumentation-requests>=0.45b0->-r backend/requirements.txt (line 64))
2025-11-21T16:07:13.4207947Z   Using cached opentelemetry_instrumentation-0.59b0-py3-none-any.whl.metadata (7.1 kB)
2025-11-21T16:07:13.4515020Z Collecting opentelemetry-util-http==0.59b0 (from opentelemetry-instrumentation-requests>=0.45b0->-r backend/requirements.txt (line 64))
2025-11-21T16:07:13.4597620Z   Using cached opentelemetry_util_http-0.59b0-py3-none-any.whl.metadata (2.6 kB)
2025-11-21T16:07:13.5958412Z Collecting wrapt<2.0.0,>=1.0.0 (from opentelemetry-instrumentation==0.59b0->opentelemetry-instrumentation-requests>=0.45b0->-r backend/requirements.txt (line 64))
2025-11-21T16:07:13.5974521Z   Using cached wrapt-1.17.3-cp311-cp311-manylinux1_x86_64.manylinux_2_28_x86_64.manylinux_2_5_x86_64.whl.metadata (6.4 kB)
2025-11-21T16:07:13.7854054Z Collecting cffi>=2.0.0 (from cryptography>=41.0.0->-r backend/requirements.txt (line 70))
2025-11-21T16:07:13.7932441Z   Using cached cffi-2.0.0-cp311-cp311-manylinux2014_x86_64.manylinux_2_17_x86_64.whl.metadata (2.6 kB)
2025-11-21T16:07:13.8334388Z Collecting annotated-types>=0.6.0 (from pydantic>=1.8.0->-r backend/requirements.txt (line 76))
2025-11-21T16:07:13.8348623Z   Using cached annotated_types-0.7.0-py3-none-any.whl.metadata (15 kB)
2025-11-21T16:07:14.4688717Z Collecting pydantic-core==2.41.5 (from pydantic>=1.8.0->-r backend/requirements.txt (line 76))
2025-11-21T16:07:14.4706358Z   Using cached pydantic_core-2.41.5-cp311-cp311-manylinux_2_17_x86_64.manylinux2014_x86_64.whl.metadata (7.3 kB)
2025-11-21T16:07:14.4956985Z Collecting typing-inspection>=0.4.2 (from pydantic>=1.8.0->-r backend/requirements.txt (line 76))
2025-11-21T16:07:14.4972233Z   Using cached typing_inspection-0.4.2-py3-none-any.whl.metadata (2.6 kB)
2025-11-21T16:07:14.5295859Z Collecting bidict>=0.21.0 (from python-socketio>=5.12.0->-r backend/requirements.txt (line 77))
2025-11-21T16:07:14.5311321Z   Using cached bidict-0.23.1-py3-none-any.whl.metadata (8.7 kB)
2025-11-21T16:07:14.5521628Z Requirement already satisfied: six>=1.5 in /opt/hostedtoolcache/Python/3.11.14/x64/lib/python3.11/site-packages (from python-dateutil>=2.8.0->-r backend/requirements.txt (line 89)) (1.17.0)
2025-11-21T16:07:14.5951675Z Collecting iso3166 (from qrbill>=1.0.0->-r backend/requirements.txt (line 97))
2025-11-21T16:07:14.5966390Z   Using cached iso3166-2.1.1-py3-none-any.whl.metadata (6.6 kB)
2025-11-21T16:07:14.7771590Z Collecting lxml>=6.0.0 (from svglib>=1.5.0->-r backend/requirements.txt (line 102))
2025-11-21T16:07:14.7891641Z   Using cached lxml-6.0.2-cp311-cp311-manylinux_2_26_x86_64.manylinux_2_28_x86_64.whl.metadata (3.6 kB)
2025-11-21T16:07:14.8168815Z Collecting rlpycairo>=0.4.0 (from svglib>=1.5.0->-r backend/requirements.txt (line 102))
2025-11-21T16:07:14.8184142Z   Using cached rlpycairo-0.4.0-py3-none-any.whl.metadata (4.9 kB)
2025-11-21T16:07:14.8330551Z Requirement already satisfied: iniconfig>=1.0.1 in /opt/hostedtoolcache/Python/3.11.14/x64/lib/python3.11/site-packages (from pytest>=8.0.0->-r backend/requirements.txt (line 109)) (2.3.0)
2025-11-21T16:07:14.8337837Z Requirement already satisfied: pluggy<2,>=1.5 in /opt/hostedtoolcache/Python/3.11.14/x64/lib/python3.11/site-packages (from pytest>=8.0.0->-r backend/requirements.txt (line 109)) (1.6.0)
2025-11-21T16:07:14.8538815Z Requirement already satisfied: Mako in /opt/hostedtoolcache/Python/3.11.14/x64/lib/python3.11/site-packages (from alembic>=1.9.0->Flask-Migrate>=3.0.0->-r backend/requirements.txt (line 6)) (1.3.10)
2025-11-21T16:07:14.8874582Z Collecting pycparser (from cffi>=2.0.0->cryptography>=41.0.0->-r backend/requirements.txt (line 70))
2025-11-21T16:07:14.8890609Z   Using cached pycparser-2.23-py3-none-any.whl.metadata (993 bytes)
2025-11-21T16:07:14.9458530Z Collecting prompt-toolkit>=3.0.36 (from click-repl>=0.2.0->celery>=5.0.0->-r backend/requirements.txt (line 33))
2025-11-21T16:07:14.9476331Z   Using cached prompt_toolkit-3.0.52-py3-none-any.whl.metadata (6.4 kB)
2025-11-21T16:07:14.9850169Z Collecting deprecated>=1.2 (from limits>=3.13->Flask-Limiter>=3.0.0->-r backend/requirements.txt (line 13))
2025-11-21T16:07:14.9866109Z   Using cached deprecated-1.3.1-py2.py3-none-any.whl.metadata (5.9 kB)
2025-11-21T16:07:15.0319872Z Collecting mdurl~=0.1 (from markdown-it-py>=2.2.0->rich>=13.0.0->-r backend/requirements.txt (line 111))
2025-11-21T16:07:15.0335660Z   Using cached mdurl-0.1.2-py3-none-any.whl.metadata (1.6 kB)
2025-11-21T16:07:15.0690839Z Collecting wcwidth (from prompt-toolkit>=3.0.36->click-repl>=0.2.0->celery>=5.0.0->-r backend/requirements.txt (line 33))
2025-11-21T16:07:15.0707167Z   Using cached wcwidth-0.2.14-py2.py3-none-any.whl.metadata (15 kB)
2025-11-21T16:07:15.1081434Z Collecting pycairo>=1.20.0 (from rlpycairo>=0.4.0->svglib>=1.5.0->-r backend/requirements.txt (line 102))
2025-11-21T16:07:15.1082440Z   Using cached pycairo-1.29.0-cp311-cp311-linux_x86_64.whl
2025-11-21T16:07:15.1375473Z Collecting freetype-py>=2.3 (from rlpycairo>=0.4.0->svglib>=1.5.0->-r backend/requirements.txt (line 102))
2025-11-21T16:07:15.1392421Z   Using cached freetype_py-2.5.1-py3-none-manylinux_2_5_x86_64.manylinux1_x86_64.manylinux_2_12_x86_64.manylinux2010_x86_64.whl.metadata (6.3 kB)
2025-11-21T16:07:15.2006737Z Collecting jsonschema-specifications>=2023.03.6 (from jsonschema->flask-restx>=1.3.0->-r backend/requirements.txt (line 11))
2025-11-21T16:07:15.2021886Z   Using cached jsonschema_specifications-2025.9.1-py3-none-any.whl.metadata (2.9 kB)
2025-11-21T16:07:15.4422663Z Collecting rpds-py>=0.7.1 (from jsonschema->flask-restx>=1.3.0->-r backend/requirements.txt (line 11))
2025-11-21T16:07:15.4516792Z   Using cached rpds_py-0.29.0-cp311-cp311-manylinux_2_17_x86_64.manylinux2014_x86_64.whl.metadata (4.1 kB)
2025-11-21T16:07:15.4910833Z Using cached psycopg-3.2.12-py3-none-any.whl (206 kB)
2025-11-21T16:07:15.4931321Z Using cached psycopg_binary-3.2.12-cp311-cp311-manylinux2014_x86_64.manylinux_2_17_x86_64.whl (4.4 MB)
2025-11-21T16:07:15.4989544Z Using cached Flask_SocketIO-5.5.1-py3-none-any.whl (18 kB)
2025-11-21T16:07:15.5004892Z Using cached flask_cors-6.0.1-py3-none-any.whl (13 kB)
2025-11-21T16:07:15.5019891Z Using cached flask_talisman-1.1.0-py2.py3-none-any.whl (18 kB)
2025-11-21T16:07:15.5035061Z Using cached Flask_JWT_Extended-4.7.1-py2.py3-none-any.whl (22 kB)
2025-11-21T16:07:15.5051051Z Using cached PyJWT-2.10.1-py3-none-any.whl (22 kB)
2025-11-21T16:07:15.5066006Z Using cached flask_restx-1.3.2-py2.py3-none-any.whl (2.8 MB)
2025-11-21T16:07:15.5107723Z Using cached flask_marshmallow-1.3.0-py3-none-any.whl (12 kB)
2025-11-21T16:07:15.5122934Z Using cached flask_limiter-4.0.0-py3-none-any.whl (29 kB)
2025-11-21T16:07:15.5137291Z Using cached rich-14.2.0-py3-none-any.whl (243 kB)
2025-11-21T16:07:15.5156044Z Using cached ordered_set-4.1.0-py3-none-any.whl (7.6 kB)
2025-11-21T16:07:15.5170594Z Using cached flask_mail-0.10.0-py3-none-any.whl (8.5 kB)
2025-11-21T16:07:15.5185741Z Using cached Flask_Bcrypt-1.0.1-py3-none-any.whl (6.0 kB)
2025-11-21T16:07:15.5200974Z Using cached gunicorn-23.0.0-py3-none-any.whl (85 kB)
2025-11-21T16:07:15.5218483Z Using cached eventlet-0.40.3-py3-none-any.whl (364 kB)
2025-11-21T16:07:15.5237091Z Using cached waitress-3.0.2-py3-none-any.whl (56 kB)
2025-11-21T16:07:15.5253315Z Using cached simple_websocket-1.1.0-py3-none-any.whl (13 kB)
2025-11-21T16:07:15.5440845Z Downloading wsproto-1.3.2-py3-none-any.whl (24 kB)
2025-11-21T16:07:15.5648106Z Using cached h11-0.16.0-py3-none-any.whl (37 kB)
2025-11-21T16:07:15.5664167Z Using cached sqlalchemy_utils-0.42.0-py3-none-any.whl (91 kB)
2025-11-21T16:07:15.5680497Z Using cached celery-5.5.3-py3-none-any.whl (438 kB)
2025-11-21T16:07:15.5701347Z Using cached billiard-4.2.3-py3-none-any.whl (87 kB)
2025-11-21T16:07:15.5716947Z Using cached kombu-5.5.4-py3-none-any.whl (210 kB)
2025-11-21T16:07:15.5735148Z Using cached vine-5.1.0-py3-none-any.whl (9.6 kB)
2025-11-21T16:07:15.5749819Z Using cached amqp-5.3.1-py3-none-any.whl (50 kB)
2025-11-21T16:07:15.5766049Z Using cached flower-2.0.1-py2.py3-none-any.whl (383 kB)
2025-11-21T16:07:15.5787090Z Using cached tornado-6.5.2-cp39-abi3-manylinux_2_5_x86_64.manylinux1_x86_64.manylinux_2_17_x86_64.manylinux2014_x86_64.whl (443 kB)
2025-11-21T16:07:15.5806973Z Using cached redis-7.1.0-py3-none-any.whl (354 kB)
2025-11-21T16:07:15.5827976Z Using cached ortools-9.14.6206-cp311-cp311-manylinux_2_27_x86_64.manylinux_2_28_x86_64.whl (27.7 MB)
2025-11-21T16:07:15.6096923Z Using cached protobuf-6.31.1-cp39-abi3-manylinux2014_x86_64.whl (321 kB)
2025-11-21T16:07:15.6114161Z Using cached geopy-2.4.1-py3-none-any.whl (125 kB)
2025-11-21T16:07:15.6131590Z Using cached geographiclib-2.1-py3-none-any.whl (40 kB)
2025-11-21T16:07:15.6147132Z Using cached requests-2.32.5-py3-none-any.whl (64 kB)
2025-11-21T16:07:15.6165099Z Using cached charset_normalizer-3.4.4-cp311-cp311-manylinux2014_x86_64.manylinux_2_17_x86_64.manylinux_2_28_x86_64.whl (151 kB)
2025-11-21T16:07:15.6183021Z Using cached idna-3.11-py3-none-any.whl (71 kB)
2025-11-21T16:07:15.6199055Z Using cached urllib3-2.5.0-py3-none-any.whl (129 kB)
2025-11-21T16:07:15.6215815Z Using cached holidays-0.85-py3-none-any.whl (1.3 MB)
2025-11-21T16:07:15.6245959Z Using cached scikit_learn-1.7.2-cp311-cp311-manylinux2014_x86_64.manylinux_2_17_x86_64.whl (9.7 MB)
2025-11-21T16:07:15.6345820Z Using cached pandas-2.3.3-cp311-cp311-manylinux_2_24_x86_64.manylinux_2_28_x86_64.whl (12.8 MB)
2025-11-21T16:07:15.6671973Z Downloading xgboost-3.1.2-py3-none-manylinux_2_28_x86_64.whl (115.9 MB)
2025-11-21T16:07:16.5048478Z    ━━━━━━━━━━━━━━━━━━━━━━━━━━━━━━━━━━━━━━━━ 115.9/115.9 MB 145.3 MB/s  0:00:00
2025-11-21T16:07:16.5070278Z Using cached lightgbm-4.6.0-py3-none-manylinux_2_28_x86_64.whl (3.6 MB)
2025-11-21T16:07:16.5118653Z Using cached statsmodels-0.14.5-cp311-cp311-manylinux2014_x86_64.manylinux_2_17_x86_64.manylinux_2_28_x86_64.whl (10.5 MB)
2025-11-21T16:07:16.5362481Z Using cached marshmallow-4.1.0-py3-none-any.whl (48 kB)
2025-11-21T16:07:16.5379585Z Using cached marshmallow_sqlalchemy-1.4.2-py3-none-any.whl (16 kB)
2025-11-21T16:07:16.5396367Z Using cached sentry_sdk-2.45.0-py2.py3-none-any.whl (404 kB)
2025-11-21T16:07:16.5416276Z Using cached opentelemetry_api-1.38.0-py3-none-any.whl (65 kB)
2025-11-21T16:07:16.5434279Z Using cached importlib_metadata-8.7.0-py3-none-any.whl (27 kB)
2025-11-21T16:07:16.5450456Z Using cached opentelemetry_sdk-1.38.0-py3-none-any.whl (132 kB)
2025-11-21T16:07:16.5577105Z Using cached opentelemetry_semantic_conventions-0.59b0-py3-none-any.whl (207 kB)
2025-11-21T16:07:16.5596002Z Using cached opentelemetry_exporter_otlp_proto_grpc-1.38.0-py3-none-any.whl (19 kB)
2025-11-21T16:07:16.5612186Z Using cached opentelemetry_exporter_otlp_proto_common-1.38.0-py3-none-any.whl (18 kB)
2025-11-21T16:07:16.5627130Z Using cached opentelemetry_proto-1.38.0-py3-none-any.whl (72 kB)
2025-11-21T16:07:16.5644441Z Using cached googleapis_common_protos-1.72.0-py3-none-any.whl (297 kB)
2025-11-21T16:07:16.5664353Z Using cached grpcio-1.76.0-cp311-cp311-manylinux2014_x86_64.manylinux_2_17_x86_64.whl (6.6 MB)
2025-11-21T16:07:16.5737255Z Using cached opentelemetry_instrumentation_requests-0.59b0-py3-none-any.whl (12 kB)
2025-11-21T16:07:16.5752644Z Using cached opentelemetry_instrumentation-0.59b0-py3-none-any.whl (33 kB)
2025-11-21T16:07:16.5767789Z Using cached opentelemetry_util_http-0.59b0-py3-none-any.whl (7.6 kB)
2025-11-21T16:07:16.5784243Z Using cached wrapt-1.17.3-cp311-cp311-manylinux1_x86_64.manylinux_2_28_x86_64.manylinux_2_5_x86_64.whl (82 kB)
2025-11-21T16:07:16.5803699Z Using cached prometheus_client-0.23.1-py3-none-any.whl (61 kB)
2025-11-21T16:07:16.5819957Z Using cached cryptography-46.0.3-cp311-abi3-manylinux_2_34_x86_64.whl (4.5 MB)
2025-11-21T16:07:16.5874567Z Using cached bcrypt-5.0.0-cp39-abi3-manylinux_2_34_x86_64.whl (278 kB)
2025-11-21T16:07:16.5894604Z Using cached hvac-2.4.0-py3-none-any.whl (155 kB)
2025-11-21T16:07:16.5914381Z Using cached python_dotenv-1.2.1-py3-none-any.whl (21 kB)
2025-11-21T16:07:16.5931184Z Using cached pydantic-2.12.4-py3-none-any.whl (463 kB)
2025-11-21T16:07:16.5954203Z Using cached pydantic_core-2.41.5-cp311-cp311-manylinux_2_17_x86_64.manylinux2014_x86_64.whl (2.1 MB)
2025-11-21T16:07:16.5987047Z Using cached python_socketio-5.14.3-py3-none-any.whl (79 kB)
2025-11-21T16:07:16.6003959Z Using cached python_engineio-4.12.3-py3-none-any.whl (59 kB)
2025-11-21T16:07:16.6019779Z Using cached attrs-25.4.0-py3-none-any.whl (67 kB)
2025-11-21T16:07:16.6037099Z Using cached aniso8601-10.0.1-py2.py3-none-any.whl (52 kB)
2025-11-21T16:07:16.6053622Z Using cached pytz-2025.2-py2.py3-none-any.whl (509 kB)
2025-11-21T16:07:16.6074704Z Using cached tzlocal-5.3.1-py3-none-any.whl (18 kB)
2025-11-21T16:07:16.6090260Z Using cached immutabledict-4.2.2-py3-none-any.whl (4.7 kB)
2025-11-21T16:07:16.6105129Z Using cached pillow-12.0.0-cp311-cp311-manylinux_2_27_x86_64.manylinux_2_28_x86_64.whl (7.0 MB)
2025-11-21T16:07:16.6180770Z Using cached qrbill-1.2.0-py3-none-any.whl (13 kB)
2025-11-21T16:07:16.6197114Z Using cached qrcode-8.2-py3-none-any.whl (45 kB)
2025-11-21T16:07:16.6213682Z Using cached segno-1.6.6-py3-none-any.whl (76 kB)
2025-11-21T16:07:16.6230355Z Using cached reportlab-4.4.5-py3-none-any.whl (2.0 MB)
2025-11-21T16:07:16.6261277Z Using cached svglib-1.6.0-py3-none-any.whl (39 kB)
2025-11-21T16:07:16.6277049Z Using cached svgwrite-1.4.3-py3-none-any.whl (67 kB)
2025-11-21T16:07:16.6293599Z Using cached tinycss2-1.5.0-py3-none-any.whl (28 kB)
2025-11-21T16:07:16.6308606Z Using cached cssselect2-0.8.0-py3-none-any.whl (15 kB)
2025-11-21T16:07:16.6324637Z Using cached webencodings-0.5.1-py2.py3-none-any.whl (11 kB)
2025-11-21T16:07:16.6339595Z Using cached pytest_flask-1.3.0-py3-none-any.whl (13 kB)
2025-11-21T16:07:16.6354627Z Using cached stripe-14.0.0-py3-none-any.whl (2.0 MB)
2025-11-21T16:07:16.6387229Z Using cached python_stdnum-2.1-py3-none-any.whl (1.1 MB)
2025-11-21T16:07:16.6413535Z Using cached absl_py-2.3.1-py3-none-any.whl (135 kB)
2025-11-21T16:07:16.6431049Z Using cached annotated_types-0.7.0-py3-none-any.whl (13 kB)
2025-11-21T16:07:16.6446528Z Using cached bidict-0.23.1-py3-none-any.whl (32 kB)
2025-11-21T16:07:16.6461460Z Using cached certifi-2025.11.12-py3-none-any.whl (159 kB)
2025-11-21T16:07:16.6479666Z Using cached cffi-2.0.0-cp311-cp311-manylinux2014_x86_64.manylinux_2_17_x86_64.whl (215 kB)
2025-11-21T16:07:16.6497157Z Using cached click_didyoumean-0.3.1-py3-none-any.whl (3.6 kB)
2025-11-21T16:07:16.6511260Z Using cached click_plugins-1.1.1.2-py2.py3-none-any.whl (11 kB)
2025-11-21T16:07:16.6526013Z Using cached click_repl-0.3.0-py3-none-any.whl (10 kB)
2025-11-21T16:07:16.6540868Z Using cached dnspython-2.8.0-py3-none-any.whl (331 kB)
2025-11-21T16:07:16.6559317Z Using cached joblib-1.5.2-py3-none-any.whl (308 kB)
2025-11-21T16:07:16.6576958Z Using cached limits-5.6.0-py3-none-any.whl (60 kB)
2025-11-21T16:07:16.6695113Z Using cached deprecated-1.3.1-py2.py3-none-any.whl (11 kB)
2025-11-21T16:07:16.6709082Z Using cached lxml-6.0.2-cp311-cp311-manylinux_2_26_x86_64.manylinux_2_28_x86_64.whl (5.2 MB)
2025-11-21T16:07:16.6771183Z Using cached markdown_it_py-4.0.0-py3-none-any.whl (87 kB)
2025-11-21T16:07:16.6787916Z Using cached mdurl-0.1.2-py3-none-any.whl (10.0 kB)
2025-11-21T16:07:16.6803225Z Using cached patsy-1.0.2-py2.py3-none-any.whl (233 kB)
2025-11-21T16:07:16.6820862Z Using cached prompt_toolkit-3.0.52-py3-none-any.whl (391 kB)
2025-11-21T16:07:16.6840267Z Using cached rlpycairo-0.4.0-py3-none-any.whl (7.6 kB)
2025-11-21T16:07:16.6855400Z Using cached freetype_py-2.5.1-py3-none-manylinux_2_5_x86_64.manylinux1_x86_64.manylinux_2_12_x86_64.manylinux2010_x86_64.whl (1.0 MB)
2025-11-21T16:07:16.6881683Z Using cached scipy-1.16.3-cp311-cp311-manylinux2014_x86_64.manylinux_2_17_x86_64.whl (35.9 MB)
2025-11-21T16:07:16.7190326Z Using cached threadpoolctl-3.6.0-py3-none-any.whl (18 kB)
2025-11-21T16:07:16.7205733Z Using cached typing_inspection-0.4.2-py3-none-any.whl (14 kB)
2025-11-21T16:07:16.7221299Z Using cached zipp-3.23.0-py3-none-any.whl (10 kB)
2025-11-21T16:07:16.7236148Z Using cached humanize-4.14.0-py3-none-any.whl (132 kB)
2025-11-21T16:07:16.7256143Z Using cached importlib_resources-6.5.2-py3-none-any.whl (37 kB)
2025-11-21T16:07:16.7271980Z Using cached iso3166-2.1.1-py3-none-any.whl (9.8 kB)
2025-11-21T16:07:16.7287786Z Using cached jsonschema-4.25.1-py3-none-any.whl (90 kB)
2025-11-21T16:07:16.7304168Z Using cached jsonschema_specifications-2025.9.1-py3-none-any.whl (18 kB)
2025-11-21T16:07:16.7318742Z Using cached referencing-0.37.0-py3-none-any.whl (26 kB)
2025-11-21T16:07:16.7333919Z Using cached rpds_py-0.29.0-cp311-cp311-manylinux_2_17_x86_64.manylinux2014_x86_64.whl (392 kB)
2025-11-21T16:07:16.7353185Z Using cached pycparser-2.23-py3-none-any.whl (118 kB)
2025-11-21T16:07:16.7369600Z Using cached wcwidth-0.2.14-py2.py3-none-any.whl (37 kB)
2025-11-21T16:07:17.3041861Z Installing collected packages: webencodings, pytz, fpdf, Flask-Talisman, aniso8601, zipp, wrapt, wcwidth, waitress, vine, urllib3, tzlocal, typing-inspection, tornado, tinycss2, threadpoolctl, svgwrite, segno, scipy, rpds-py, redis, qrcode, python-stdnum, python-dotenv, PyJWT, pydantic-core, pycparser, pycairo, psycopg-binary, psycopg, protobuf, prometheus-client, Pillow, patsy, ordered-set, opentelemetry-util-http, mdurl, marshmallow, lxml, joblib, iso3166, importlib-resources, immutabledict, idna, humanize, h11, gunicorn, grpcio, geographiclib, freetype-py, dnspython, click-plugins, click-didyoumean, charset_normalizer, certifi, billiard, bidict, bcrypt, attrs, annotated-types, absl-py, xgboost, wsproto, SQLAlchemy-Utils, sentry-sdk, scikit-learn, rlpycairo, requests, reportlab, referencing, qrbill, pydantic, prompt-toolkit, pandas, opentelemetry-proto, marshmallow-sqlalchemy, markdown-it-py, lightgbm, importlib-metadata, holidays, googleapis-common-protos, geopy, eventlet, deprecated, cssselect2, cffi, amqp, svglib, stripe, statsmodels, simple-websocket, rich, pytest-flask, ortools, opentelemetry-exporter-otlp-proto-common, opentelemetry-api, limits, kombu, jsonschema-specifications, hvac, googlemaps, flask-marshmallow, Flask-Mail, Flask-JWT-Extended, Flask-Cors, Flask-Bcrypt, cryptography, click-repl, python-engineio, opentelemetry-semantic-conventions, jsonschema, Flask-Limiter, celery, python-socketio, opentelemetry-sdk, opentelemetry-instrumentation, flower, flask-restx, opentelemetry-instrumentation-requests, opentelemetry-exporter-otlp-proto-grpc, Flask-SocketIO
2025-11-21T16:07:36.9348802Z 
2025-11-21T16:07:36.9415664Z Successfully installed Flask-Bcrypt-1.0.1 Flask-Cors-6.0.1 Flask-JWT-Extended-4.7.1 Flask-Limiter-4.0.0 Flask-Mail-0.10.0 Flask-SocketIO-5.5.1 Flask-Talisman-1.1.0 Pillow-12.0.0 PyJWT-2.10.1 SQLAlchemy-Utils-0.42.0 absl-py-2.3.1 amqp-5.3.1 aniso8601-10.0.1 annotated-types-0.7.0 attrs-25.4.0 bcrypt-5.0.0 bidict-0.23.1 billiard-4.2.3 celery-5.5.3 certifi-2025.11.12 cffi-2.0.0 charset_normalizer-3.4.4 click-didyoumean-0.3.1 click-plugins-1.1.1.2 click-repl-0.3.0 cryptography-46.0.3 cssselect2-0.8.0 deprecated-1.3.1 dnspython-2.8.0 eventlet-0.40.3 flask-marshmallow-1.3.0 flask-restx-1.3.2 flower-2.0.1 fpdf-1.7.2 freetype-py-2.5.1 geographiclib-2.1 geopy-2.4.1 googleapis-common-protos-1.72.0 googlemaps-4.10.0 grpcio-1.76.0 gunicorn-23.0.0 h11-0.16.0 holidays-0.85 humanize-4.14.0 hvac-2.4.0 idna-3.11 immutabledict-4.2.2 importlib-metadata-8.7.0 importlib-resources-6.5.2 iso3166-2.1.1 joblib-1.5.2 jsonschema-4.25.1 jsonschema-specifications-2025.9.1 kombu-5.5.4 lightgbm-4.6.0 limits-5.6.0 lxml-6.0.2 markdown-it-py-4.0.0 marshmallow-4.1.0 marshmallow-sqlalchemy-1.4.2 mdurl-0.1.2 opentelemetry-api-1.38.0 opentelemetry-exporter-otlp-proto-common-1.38.0 opentelemetry-exporter-otlp-proto-grpc-1.38.0 opentelemetry-instrumentation-0.59b0 opentelemetry-instrumentation-requests-0.59b0 opentelemetry-proto-1.38.0 opentelemetry-sdk-1.38.0 opentelemetry-semantic-conventions-0.59b0 opentelemetry-util-http-0.59b0 ordered-set-4.1.0 ortools-9.14.6206 pandas-2.3.3 patsy-1.0.2 prometheus-client-0.23.1 prompt-toolkit-3.0.52 protobuf-6.31.1 psycopg-3.2.12 psycopg-binary-3.2.12 pycairo-1.29.0 pycparser-2.23 pydantic-2.12.4 pydantic-core-2.41.5 pytest-flask-1.3.0 python-dotenv-1.2.1 python-engineio-4.12.3 python-socketio-5.14.3 python-stdnum-2.1 pytz-2025.2 qrbill-1.2.0 qrcode-8.2 redis-7.1.0 referencing-0.37.0 reportlab-4.4.5 requests-2.32.5 rich-14.2.0 rlpycairo-0.4.0 rpds-py-0.29.0 scikit-learn-1.7.2 scipy-1.16.3 segno-1.6.6 sentry-sdk-2.45.0 simple-websocket-1.1.0 statsmodels-0.14.5 stripe-14.0.0 svglib-1.6.0 svgwrite-1.4.3 threadpoolctl-3.6.0 tinycss2-1.5.0 tornado-6.5.2 typing-inspection-0.4.2 tzlocal-5.3.1 urllib3-2.5.0 vine-5.1.0 waitress-3.0.2 wcwidth-0.2.14 webencodings-0.5.1 wrapt-1.17.3 wsproto-1.3.2 xgboost-3.1.2 zipp-3.23.0
2025-11-21T16:07:37.7452648Z ##[group]Run echo "⏳ Attente que PostgreSQL soit prêt..."
2025-11-21T16:07:37.7453050Z [36;1mecho "⏳ Attente que PostgreSQL soit prêt..."[0m
2025-11-21T16:07:37.7453342Z [36;1mfor i in $(seq 1 30); do[0m
2025-11-21T16:07:37.7453746Z [36;1m  PGPASSWORD=test psql -h localhost -U test -d atmr_test -c 'SELECT 1' > /dev/null 2>&1 && break[0m
2025-11-21T16:07:37.7454144Z [36;1m  echo "  Tentative $i/30..."[0m
2025-11-21T16:07:37.7454391Z [36;1m  sleep 1[0m
2025-11-21T16:07:37.7454579Z [36;1mdone[0m
2025-11-21T16:07:37.7454883Z [36;1mPGPASSWORD=test psql -h localhost -U test -d atmr_test -c 'SELECT 1' || exit 1[0m
2025-11-21T16:07:37.7455260Z [36;1mecho "✅ PostgreSQL est prêt"[0m
2025-11-21T16:07:37.7916509Z shell: /usr/bin/bash -e {0}
2025-11-21T16:07:37.7916781Z env:
2025-11-21T16:07:37.7917724Z   DATABASE_URL: ***localhost:5432/atmr_test
2025-11-21T16:07:37.7918028Z   PGHOST: localhost
2025-11-21T16:07:37.7918262Z   PGPORT: 5432
2025-11-21T16:07:37.7918521Z   PGUSER: test
2025-11-21T16:07:37.7918706Z   PGPASSWORD: test
2025-11-21T16:07:37.7918906Z   PGDATABASE: atmr_test
2025-11-21T16:07:37.7919156Z   REDIS_URL: redis://localhost:6379/0
2025-11-21T16:07:37.7919443Z   FLASK_CONFIG: testing
2025-11-21T16:07:37.7919662Z   SECRET_KEY: test-secret-key
2025-11-21T16:07:37.7919922Z   JWT_SECRET_KEY: test-jwt-secret
2025-11-21T16:07:37.7920316Z   APP_ENCRYPTION_KEY_B64: MDEyMzQ1Njc4OWFiY2RlZjAxMjM0NTY3ODlhYmNkZWY
2025-11-21T16:07:37.7920708Z   API_LEGACY_ENABLED: false
2025-11-21T16:07:37.7920939Z   PYTHONPATH: /home/runner/work/atmr/atmr
2025-11-21T16:07:37.7921189Z   SOCKETIO_ASYNC_MODE: threading
2025-11-21T16:07:37.7921404Z   SKIP_SOCKETIO: true
2025-11-21T16:07:37.7921592Z   SKIP_ROUTES_INIT: true
2025-11-21T16:07:37.7921852Z   pythonLocation: /opt/hostedtoolcache/Python/3.11.14/x64
2025-11-21T16:07:37.7922416Z   PKG_CONFIG_PATH: /opt/hostedtoolcache/Python/3.11.14/x64/lib/pkgconfig
2025-11-21T16:07:37.7922778Z   Python_ROOT_DIR: /opt/hostedtoolcache/Python/3.11.14/x64
2025-11-21T16:07:37.7923310Z   Python2_ROOT_DIR: /opt/hostedtoolcache/Python/3.11.14/x64
2025-11-21T16:07:37.7923641Z   Python3_ROOT_DIR: /opt/hostedtoolcache/Python/3.11.14/x64
2025-11-21T16:07:37.7923981Z   LD_LIBRARY_PATH: /opt/hostedtoolcache/Python/3.11.14/x64/lib
2025-11-21T16:07:37.7924257Z ##[endgroup]
2025-11-21T16:07:37.7965590Z ⏳ Attente que PostgreSQL soit prêt...
2025-11-21T16:07:38.0101469Z  ?column? 
2025-11-21T16:07:38.0101799Z ----------
2025-11-21T16:07:38.0101969Z         1
2025-11-21T16:07:38.0102373Z (1 row)
2025-11-21T16:07:38.0102468Z 
2025-11-21T16:07:38.0111074Z ✅ PostgreSQL est prêt
2025-11-21T16:07:38.0138248Z ##[group]Run cd backend
2025-11-21T16:07:38.0138501Z [36;1mcd backend[0m
2025-11-21T16:07:38.0138727Z [36;1mecho "📋 Liste des heads Alembic:"[0m
2025-11-21T16:07:38.0138982Z [36;1mflask db heads || true[0m
2025-11-21T16:07:38.0139200Z [36;1mecho ""[0m
2025-11-21T16:07:38.0158605Z shell: /usr/bin/bash -e {0}
2025-11-21T16:07:38.0158844Z env:
2025-11-21T16:07:38.0159260Z   DATABASE_URL: ***localhost:5432/atmr_test
2025-11-21T16:07:38.0159508Z   PGHOST: localhost
2025-11-21T16:07:38.0159701Z   PGPORT: 5432
2025-11-21T16:07:38.0159882Z   PGUSER: test
2025-11-21T16:07:38.0160049Z   PGPASSWORD: test
2025-11-21T16:07:38.0160239Z   PGDATABASE: atmr_test
2025-11-21T16:07:38.0160466Z   REDIS_URL: redis://localhost:6379/0
2025-11-21T16:07:38.0160703Z   FLASK_CONFIG: testing
2025-11-21T16:07:38.0160910Z   SECRET_KEY: test-secret-key
2025-11-21T16:07:38.0161137Z   JWT_SECRET_KEY: test-jwt-secret
2025-11-21T16:07:38.0161493Z   APP_ENCRYPTION_KEY_B64: MDEyMzQ1Njc4OWFiY2RlZjAxMjM0NTY3ODlhYmNkZWY
2025-11-21T16:07:38.0161822Z   API_LEGACY_ENABLED: false
2025-11-21T16:07:38.0162322Z   PYTHONPATH: /home/runner/work/atmr/atmr
2025-11-21T16:07:38.0162579Z   SOCKETIO_ASYNC_MODE: threading
2025-11-21T16:07:38.0162799Z   SKIP_SOCKETIO: true
2025-11-21T16:07:38.0162988Z   SKIP_ROUTES_INIT: true
2025-11-21T16:07:38.0163259Z   pythonLocation: /opt/hostedtoolcache/Python/3.11.14/x64
2025-11-21T16:07:38.0163669Z   PKG_CONFIG_PATH: /opt/hostedtoolcache/Python/3.11.14/x64/lib/pkgconfig
2025-11-21T16:07:38.0164032Z   Python_ROOT_DIR: /opt/hostedtoolcache/Python/3.11.14/x64
2025-11-21T16:07:38.0164364Z   Python2_ROOT_DIR: /opt/hostedtoolcache/Python/3.11.14/x64
2025-11-21T16:07:38.0164691Z   Python3_ROOT_DIR: /opt/hostedtoolcache/Python/3.11.14/x64
2025-11-21T16:07:38.0165025Z   LD_LIBRARY_PATH: /opt/hostedtoolcache/Python/3.11.14/x64/lib
2025-11-21T16:07:38.0165307Z   FLASK_APP: backend.wsgi
2025-11-21T16:07:38.0165506Z ##[endgroup]
2025-11-21T16:07:38.0202680Z 📋 Liste des heads Alembic:
2025-11-21T16:07:38.7435100Z [4.1 Vault] Aucune authentification configurée, désactivation
2025-11-21T16:07:38.7435750Z [4.1 Vault] Secret non trouvé: MAIL_PASSWORD (path=dev/mail/password, key=value)
2025-11-21T16:07:38.7459869Z [4.1 Vault] Secret non trouvé: MAIL_PASSWORD (path=prod/mail/password, key=value)
2025-11-21T16:07:40.2957045Z [2.9] OpenTelemetry non installé - installer avec: pip install -r requirements-otel.txt
2025-11-21T16:07:40.2960258Z [2025-11-21 16:07:40,295] WARNING in app: [2.9] Échec instrumentation SQLAlchemy: Working outside of application context.
2025-11-21T16:07:40.2960617Z 
2025-11-21T16:07:40.2960800Z This typically means that you attempted to use functionality that needed
2025-11-21T16:07:40.2961228Z the current application. To solve this, set up an application context
2025-11-21T16:07:40.2961622Z with app.app_context(). See the documentation for more information.
2025-11-21T16:07:40.7625390Z [2025-11-21 16:07:40,762] INFO in app: ⏭️  Initialisation des routes désactivée (SKIP_ROUTES_INIT=1)
2025-11-21T16:07:41.0534329Z ✅ [WSGI] Application Flask créée (config=testing)
2025-11-21T16:07:41.1350632Z 68116559b15d (head)
2025-11-21T16:07:41.4645205Z 
2025-11-21T16:07:41.4676530Z ##[group]Run cd backend
2025-11-21T16:07:41.4676936Z [36;1mcd backend[0m
2025-11-21T16:07:41.4677306Z [36;1mset -o errexit -o nounset -o pipefail -x[0m
2025-11-21T16:07:41.4678106Z [36;1mecho "🔄 Exécution des migrations de base de données..."[0m
2025-11-21T16:07:41.4678644Z [36;1mecho "📋 Alembic heads before upgrade:"[0m
2025-11-21T16:07:41.4679080Z [36;1mflask db heads || true[0m
2025-11-21T16:07:41.4679661Z [36;1m# Run the upgrade (use 'heads' to handle multiple heads until merge migration is created)[0m
2025-11-21T16:07:41.4680449Z [36;1mif ! flask db upgrade heads 2>&1 | tee /tmp/alembic_upgrade.log; then[0m
2025-11-21T16:07:41.4681075Z [36;1m  echo "❌ Erreur lors de l'exécution des migrations"[0m
2025-11-21T16:07:41.4681701Z [36;1m  echo "---- Diagnostics (upgrade failed) - Log d'erreur ----"[0m
2025-11-21T16:07:41.4682544Z [36;1m  sed -n '1,200p' /tmp/alembic_upgrade.log || true[0m
2025-11-21T16:07:41.4683203Z [36;1m  echo "---- Diagnostics (upgrade failed) - État actuel ----"[0m
2025-11-21T16:07:41.4683712Z [36;1m  flask db current || true[0m
2025-11-21T16:07:41.4684117Z [36;1m  flask db heads || true[0m
2025-11-21T16:07:41.4684561Z [36;1m  flask db history | sed -n '1,200p' || true[0m
2025-11-21T16:07:41.4685047Z [36;1m  echo "Listing migrations/versions:"[0m
2025-11-21T16:07:41.4685525Z [36;1m  ls -la migrations/versions || true[0m
2025-11-21T16:07:41.4686031Z [36;1m  echo "---- Contenu des fichiers de migration ----"[0m
2025-11-21T16:07:41.4686519Z [36;1m  shopt -s nullglob[0m
2025-11-21T16:07:41.4686908Z [36;1m  for f in migrations/versions/*.py; do[0m
2025-11-21T16:07:41.4687362Z [36;1m    [ -e "$f" ] || continue[0m
2025-11-21T16:07:41.4687752Z [36;1m    echo "---- $f ----"[0m
2025-11-21T16:07:41.4688121Z [36;1m    sed -n '1,200p' "$f"[0m
2025-11-21T16:07:41.4688489Z [36;1m  done[0m
2025-11-21T16:07:41.4688788Z [36;1m  exit 1[0m
2025-11-21T16:07:41.4689066Z [36;1mfi[0m
2025-11-21T16:07:41.4689438Z [36;1mecho "✅ Migrations exécutées avec succès"[0m
2025-11-21T16:07:41.4719920Z shell: /usr/bin/bash --noprofile --norc -e -o pipefail {0}
2025-11-21T16:07:41.4720228Z env:
2025-11-21T16:07:41.4720609Z   DATABASE_URL: ***localhost:5432/atmr_test
2025-11-21T16:07:41.4720886Z   PGHOST: localhost
2025-11-21T16:07:41.4721082Z   PGPORT: 5432
2025-11-21T16:07:41.4721254Z   PGUSER: test
2025-11-21T16:07:41.4721434Z   PGPASSWORD: test
2025-11-21T16:07:41.4721631Z   PGDATABASE: atmr_test
2025-11-21T16:07:41.4721867Z   REDIS_URL: redis://localhost:6379/0
2025-11-21T16:07:41.4722313Z   FLASK_CONFIG: testing
2025-11-21T16:07:41.4722519Z   SECRET_KEY: test-secret-key
2025-11-21T16:07:41.4722746Z   JWT_SECRET_KEY: test-jwt-secret
2025-11-21T16:07:41.4723060Z   APP_ENCRYPTION_KEY_B64: MDEyMzQ1Njc4OWFiY2RlZjAxMjM0NTY3ODlhYmNkZWY
2025-11-21T16:07:41.4723393Z   API_LEGACY_ENABLED: false
2025-11-21T16:07:41.4723628Z   PYTHONPATH: /home/runner/work/atmr/atmr
2025-11-21T16:07:41.4723875Z   SOCKETIO_ASYNC_MODE: threading
2025-11-21T16:07:41.4724110Z   SKIP_SOCKETIO: true
2025-11-21T16:07:41.4724312Z   SKIP_ROUTES_INIT: true
2025-11-21T16:07:41.4724566Z   pythonLocation: /opt/hostedtoolcache/Python/3.11.14/x64
2025-11-21T16:07:41.4724938Z   PKG_CONFIG_PATH: /opt/hostedtoolcache/Python/3.11.14/x64/lib/pkgconfig
2025-11-21T16:07:41.4725312Z   Python_ROOT_DIR: /opt/hostedtoolcache/Python/3.11.14/x64
2025-11-21T16:07:41.4725647Z   Python2_ROOT_DIR: /opt/hostedtoolcache/Python/3.11.14/x64
2025-11-21T16:07:41.4725970Z   Python3_ROOT_DIR: /opt/hostedtoolcache/Python/3.11.14/x64
2025-11-21T16:07:41.4726305Z   LD_LIBRARY_PATH: /opt/hostedtoolcache/Python/3.11.14/x64/lib
2025-11-21T16:07:41.4726595Z   FLASK_APP: backend.wsgi
2025-11-21T16:07:41.4726790Z ##[endgroup]
2025-11-21T16:07:41.4765957Z + echo '🔄 Exécution des migrations de base de données...'
2025-11-21T16:07:41.4766389Z + echo '📋 Alembic heads before upgrade:'
2025-11-21T16:07:41.4766634Z + flask db heads
2025-11-21T16:07:41.4766915Z 🔄 Exécution des migrations de base de données...
2025-11-21T16:07:41.4767403Z 📋 Alembic heads before upgrade:
2025-11-21T16:07:41.8356644Z [4.1 Vault] Aucune authentification configurée, désactivation
2025-11-21T16:07:41.8357581Z [4.1 Vault] Secret non trouvé: MAIL_PASSWORD (path=dev/mail/password, key=value)
2025-11-21T16:07:41.8358907Z [4.1 Vault] Secret non trouvé: MAIL_PASSWORD (path=prod/mail/password, key=value)
2025-11-21T16:07:42.2802306Z [2.9] OpenTelemetry non installé - installer avec: pip install -r requirements-otel.txt
2025-11-21T16:07:42.2814345Z [2025-11-21 16:07:42,280] WARNING in app: [2.9] Échec instrumentation SQLAlchemy: Working outside of application context.
2025-11-21T16:07:42.2814930Z 
2025-11-21T16:07:42.2815115Z This typically means that you attempted to use functionality that needed
2025-11-21T16:07:42.2815533Z the current application. To solve this, set up an application context
2025-11-21T16:07:42.2815922Z with app.app_context(). See the documentation for more information.
2025-11-21T16:07:42.4885493Z [2025-11-21 16:07:42,488] INFO in app: ⏭️  Initialisation des routes désactivée (SKIP_ROUTES_INIT=1)
2025-11-21T16:07:42.7317351Z ✅ [WSGI] Application Flask créée (config=testing)
2025-11-21T16:07:42.7785610Z 68116559b15d (head)
2025-11-21T16:07:43.1173207Z + flask db upgrade heads
2025-11-21T16:07:43.1173634Z + tee /tmp/alembic_upgrade.log
2025-11-21T16:07:43.4650977Z [4.1 Vault] Aucune authentification configurée, désactivation
2025-11-21T16:07:43.4651826Z [4.1 Vault] Secret non trouvé: MAIL_PASSWORD (path=dev/mail/password, key=value)
2025-11-21T16:07:43.4652511Z [4.1 Vault] Secret non trouvé: MAIL_PASSWORD (path=prod/mail/password, key=value)
2025-11-21T16:07:43.8978803Z [2.9] OpenTelemetry non installé - installer avec: pip install -r requirements-otel.txt
2025-11-21T16:07:43.8990222Z [2025-11-21 16:07:43,897] WARNING in app: [2.9] Échec instrumentation SQLAlchemy: Working outside of application context.
2025-11-21T16:07:43.8990692Z 
2025-11-21T16:07:43.8990914Z This typically means that you attempted to use functionality that needed
2025-11-21T16:07:43.8991443Z the current application. To solve this, set up an application context
2025-11-21T16:07:43.8991835Z with app.app_context(). See the documentation for more information.
2025-11-21T16:07:44.1114696Z [2025-11-21 16:07:44,110] INFO in app: ⏭️  Initialisation des routes désactivée (SKIP_ROUTES_INIT=1)
2025-11-21T16:07:44.3520627Z ✅ [WSGI] Application Flask créée (config=testing)
2025-11-21T16:07:44.3733590Z INFO  [alembic.runtime.migration] Context impl PostgresqlImpl.
2025-11-21T16:07:44.3734337Z INFO  [alembic.runtime.migration] Will assume transactional DDL.
2025-11-21T16:07:44.4356769Z INFO  [alembic.runtime.migration] Running upgrade  -> 19fc92c2ba30, initial schema (upper enums + aliases)
2025-11-21T16:07:44.6642219Z INFO  [alembic.runtime.migration] Running upgrade 19fc92c2ba30 -> 623409ab335b, dispatch_run relations
2025-11-21T16:07:44.6837894Z INFO  [alembic.runtime.migration] Running upgrade 623409ab335b -> 6af879898b0f, Update models.py
2025-11-21T16:07:44.6854351Z INFO  [alembic.runtime.migration] Running upgrade 6af879898b0f -> 02e0994e702b, add_invoice_management_tables
2025-11-21T16:07:44.7377763Z INFO  [alembic.runtime.migration] Running upgrade 02e0994e702b -> 3f7695e18b7d, make_billing_settings_fields_nullable
2025-11-21T16:07:44.7401609Z INFO  [alembic.runtime.migration] Running upgrade 3f7695e18b7d -> a452a931f0b7, planning: models skeleton
2025-11-21T16:07:44.8003662Z INFO  [alembic.runtime.migration] Running upgrade a452a931f0b7 -> 6d50ede67619, add timezone to driver_shift
2025-11-21T16:07:44.8367164Z INFO  [alembic.runtime.migration] Running upgrade 6d50ede67619 -> b15c01673cc4, driver HR fields + timezone normalize in planning_service
2025-11-21T16:07:44.8438685Z INFO  [alembic.runtime.migration] Running upgrade b15c01673cc4 -> c8d4e92f1a3b, add_third_party_billing_support
2025-11-21T16:07:44.8529980Z INFO  [alembic.runtime.migration] Running upgrade c8d4e92f1a3b -> d9f3a8b2c4e5, add_invoice_line_id_to_booking
2025-11-21T16:07:44.8578259Z INFO  [alembic.runtime.migration] Running upgrade d9f3a8b2c4e5 -> 0b7f8736876a, add_preferential_rate_to_client
2025-11-21T16:07:44.8598384Z INFO  [alembic.runtime.migration] Running upgrade 0b7f8736876a -> e252718b5271, Add wheelchair fields to booking table
2025-11-21T16:07:44.8624444Z INFO  [alembic.runtime.migration] Running upgrade e252718b5271 -> 715e89e538c3, add_analytics_tables_for_dispatch_metrics
2025-11-21T16:07:44.8864660Z INFO  [alembic.runtime.migration] Running upgrade 715e89e538c3 -> d8a4d7185c60, add_gps_coords_to_client
2025-11-21T16:07:44.8889492Z INFO  [alembic.runtime.migration] Running upgrade d8a4d7185c60 -> f3a9c7b8d1e2, Add critical indexes for performance
2025-11-21T16:07:44.8978980Z INFO  [alembic.runtime.migration] Running upgrade f3a9c7b8d1e2 -> d7e8f9a1b2c3, A3: Add task_failure table for DLQ monitoring.
2025-11-21T16:07:44.9085399Z INFO  [alembic.runtime.migration] Running upgrade f3a9c7b8d1e2 -> a8f4c9e2b1d3, Add dispatch modes to company
2025-11-21T16:07:44.9164073Z INFO  [alembic.runtime.migration] Running upgrade a8f4c9e2b1d3 -> af5e460cd09e, Fix dispatch mode enum values to uppercase
2025-11-21T16:07:44.9181869Z INFO  [alembic.runtime.migration] Running upgrade af5e460cd09e -> c8d9e2f3a4b5, add residence_facility to client
2025-11-21T16:07:44.9194529Z INFO  [alembic.runtime.migration] Running upgrade c8d9e2f3a4b5 -> fix_circular_fk_20251018, fix circular fk names for tests
2025-11-21T16:07:44.9244988Z INFO  [alembic.runtime.migration] Running upgrade fix_circular_fk_20251018 -> b559b3ef7a75, add_performance_indexes
2025-11-21T16:07:44.9294663Z INFO  [alembic.runtime.migration] Running upgrade b559b3ef7a75 -> 156c2b818038, add_ml_prediction_table
2025-11-21T16:07:44.9425385Z INFO  [alembic.runtime.migration] Running upgrade 156c2b818038 -> 97c8d4f1e5a3, add_ab_test_result_table
2025-11-21T16:07:44.9648484Z INFO  [alembic.runtime.migration] Running upgrade 97c8d4f1e5a3 -> abc123456789, add_autonomous_action_table
2025-11-21T16:07:44.9809282Z INFO  [alembic.runtime.migration] Running upgrade abc123456789 -> rl_metrics_001, add_rl_suggestion_metrics_table
2025-11-21T16:07:44.9920347Z INFO  [alembic.runtime.migration] Running upgrade rl_metrics_001 -> rl_feedback_001, add_rl_feedbacks_table
2025-11-21T16:07:45.0030669Z INFO  [alembic.runtime.migration] Running upgrade rl_feedback_001 -> 44a28b52dc46, add helper functions to base.py and fix type errors
2025-11-21T16:07:45.0183717Z INFO  [alembic.runtime.migration] Running upgrade 44a28b52dc46 -> rl_suggestions_001, add_rl_suggestions_table
2025-11-21T16:07:45.0295719Z INFO  [alembic.runtime.migration] Running upgrade d7e8f9a1b2c3 -> add_decision_explanation, ✅ B2: Add decision_explanation to assignment table.
2025-11-21T16:07:45.0319245Z INFO  [alembic.runtime.migration] Running upgrade add_decision_explanation -> d2_audit_logs, ✅ D2: Create audit_logs table for append-only audit trail.
2025-11-21T16:07:45.0446798Z INFO  [alembic.runtime.migration] Running upgrade d2_audit_logs -> fix_audit_metadata, Fix: Renommer colonne metadata vers additional_metadata dans audit_logs.
2025-11-21T16:07:45.0456352Z INFO  [alembic.runtime.migration] Running upgrade d7e8f9a1b2c3 -> b2c3d4e5f6a7, Add secret_rotation table for monitoring secret rotations via Vault.
2025-11-21T16:07:45.0558659Z INFO  [alembic.runtime.migration] Running upgrade d7e8f9a1b2c3 -> d2_encrypted_fields, ✅ D2: Ajoute colonnes pour stockage chiffré (migration progressive).
2025-11-21T16:07:45.0630399Z INFO  [alembic.runtime.migration] Running upgrade d2_encrypted_fields -> 3_4_profiling, ✅ 3.4: Add profiling_metrics table for automatic CPU/memory profiling.
2025-11-21T16:07:45.0766368Z INFO  [alembic.runtime.migration] Running upgrade 3_4_profiling, rl_suggestions_001, fix_audit_metadata -> 8186648ac54e, Merge migrations heads
2025-11-21T16:07:45.0783319Z INFO  [alembic.runtime.migration] Running upgrade 8186648ac54e -> 24bbcb82c891, Add VAT columns to invoices
2025-11-21T16:07:45.0885997Z INFO  [alembic.runtime.migration] Running upgrade 24bbcb82c891 -> add_message_file_fields, add_message_file_fields
2025-11-21T16:07:45.0914077Z INFO  [alembic.runtime.migration] Running upgrade 8186648ac54e -> a1b2c3d4e5f6, ensure_admin_value_in_user_role_enum
2025-11-21T16:07:45.0936876Z INFO  [alembic.runtime.migration] Running upgrade a1b2c3d4e5f6, add_message_file_fields, b2c3d4e5f6a7 -> f7e8d9c0b1a2, Merge multiple heads: a1b2c3d4e5f6, add_message_file_fields, b2c3d4e5f6a7
2025-11-21T16:07:45.0951607Z INFO  [alembic.runtime.migration] Running upgrade f7e8d9c0b1a2 -> 68116559b15d, sync_models_with_db
2025-11-21T16:07:45.4753624Z + echo '✅ Migrations exécutées avec succès'
2025-11-21T16:07:45.4754245Z ✅ Migrations exécutées avec succès
2025-11-21T16:07:45.4784869Z ##[group]Run # Lancer pytest depuis la racine pour que les imports 'backend' fonctionnent
2025-11-21T16:07:45.4785778Z [36;1m# Lancer pytest depuis la racine pour que les imports 'backend' fonctionnent[0m
2025-11-21T16:07:45.4786933Z [36;1mpytest backend/tests -v --cov=backend --cov-report=xml:backend/coverage.xml --cov-report=html:backend/htmlcov --cov-report=term-missing[0m
2025-11-21T16:07:45.4817747Z shell: /usr/bin/bash -e {0}
2025-11-21T16:07:45.4818091Z env:
2025-11-21T16:07:45.4818637Z   DATABASE_URL: ***localhost:5432/atmr_test
2025-11-21T16:07:45.4819012Z   PGHOST: localhost
2025-11-21T16:07:45.4819322Z   PGPORT: 5432
2025-11-21T16:07:45.4819589Z   PGUSER: test
2025-11-21T16:07:45.4819844Z   PGPASSWORD: test
2025-11-21T16:07:45.4820127Z   PGDATABASE: atmr_test
2025-11-21T16:07:45.4820482Z   REDIS_URL: redis://localhost:6379/0
2025-11-21T16:07:45.4820862Z   FLASK_CONFIG: testing
2025-11-21T16:07:45.4821189Z   SECRET_KEY: test-secret-key
2025-11-21T16:07:45.4821579Z   JWT_SECRET_KEY: test-jwt-secret
2025-11-21T16:07:45.4822324Z   APP_ENCRYPTION_KEY_B64: MDEyMzQ1Njc4OWFiY2RlZjAxMjM0NTY3ODlhYmNkZWY
2025-11-21T16:07:45.4822858Z   API_LEGACY_ENABLED: false
2025-11-21T16:07:45.4823224Z   PYTHONPATH: /home/runner/work/atmr/atmr
2025-11-21T16:07:45.4823620Z   SOCKETIO_ASYNC_MODE: threading
2025-11-21T16:07:45.4824029Z   SKIP_SOCKETIO: true
2025-11-21T16:07:45.4824347Z   SKIP_ROUTES_INIT: true
2025-11-21T16:07:45.4824769Z   pythonLocation: /opt/hostedtoolcache/Python/3.11.14/x64
2025-11-21T16:07:45.4825450Z   PKG_CONFIG_PATH: /opt/hostedtoolcache/Python/3.11.14/x64/lib/pkgconfig
2025-11-21T16:07:45.4826123Z   Python_ROOT_DIR: /opt/hostedtoolcache/Python/3.11.14/x64
2025-11-21T16:07:45.4826744Z   Python2_ROOT_DIR: /opt/hostedtoolcache/Python/3.11.14/x64
2025-11-21T16:07:45.4827379Z   Python3_ROOT_DIR: /opt/hostedtoolcache/Python/3.11.14/x64
2025-11-21T16:07:45.4827999Z   LD_LIBRARY_PATH: /opt/hostedtoolcache/Python/3.11.14/x64/lib
2025-11-21T16:07:45.4828466Z ##[endgroup]
2025-11-21T16:07:47.9149406Z ============================= test session starts ==============================
2025-11-21T16:07:47.9150356Z platform linux -- Python 3.11.14, pytest-9.0.1, pluggy-1.6.0 -- /opt/hostedtoolcache/Python/3.11.14/x64/bin/python
2025-11-21T16:07:47.9151119Z cachedir: .pytest_cache
2025-11-21T16:07:47.9151496Z rootdir: /home/runner/work/atmr/atmr/backend
2025-11-21T16:07:47.9151922Z configfile: pytest.ini
2025-11-21T16:07:47.9152573Z plugins: flask-1.3.0, Faker-38.2.0, cov-7.0.0
2025-11-21T16:08:02.0886870Z collecting ... collected 2976 items
2025-11-21T16:08:02.0887243Z 
2025-11-21T16:08:02.1644288Z backend/tests/chaos/test_traffic_control.py::TestTrafficControlValidations::test_validate_interface_valid PASSED [  0%]
2025-11-21T16:08:02.1698309Z backend/tests/chaos/test_traffic_control.py::TestTrafficControlValidations::test_validate_interface_invalid PASSED [  0%]
2025-11-21T16:08:02.1753270Z backend/tests/chaos/test_traffic_control.py::TestTrafficControlValidations::test_validate_latency_ms_valid PASSED [  0%]
2025-11-21T16:08:02.1807328Z backend/tests/chaos/test_traffic_control.py::TestTrafficControlValidations::test_validate_latency_ms_invalid PASSED [  0%]
2025-11-21T16:08:02.1869448Z backend/tests/chaos/test_traffic_control.py::TestTrafficControlValidations::test_validate_jitter_ms_valid PASSED [  0%]
2025-11-21T16:08:02.1923954Z backend/tests/chaos/test_traffic_control.py::TestTrafficControlValidations::test_validate_jitter_ms_invalid PASSED [  0%]
2025-11-21T16:08:02.1977103Z backend/tests/chaos/test_traffic_control.py::TestTrafficControlValidations::test_validate_percent_valid PASSED [  0%]
2025-11-21T16:08:02.2031742Z backend/tests/chaos/test_traffic_control.py::TestTrafficControlValidations::test_validate_percent_invalid PASSED [  0%]
2025-11-21T16:08:02.2085753Z backend/tests/chaos/test_traffic_control.py::TestTrafficControlManager::test_init_valid_interface PASSED [  0%]
2025-11-21T16:08:02.2142802Z backend/tests/chaos/test_traffic_control.py::TestTrafficControlManager::test_init_invalid_interface PASSED [  0%]
2025-11-21T16:08:02.2213494Z backend/tests/chaos/test_traffic_control.py::TestTrafficControlManager::test_add_latency_success PASSED [  0%]
2025-11-21T16:08:02.2281868Z backend/tests/chaos/test_traffic_control.py::TestTrafficControlManager::test_add_latency_no_root PASSED [  0%]
2025-11-21T16:08:02.2357639Z backend/tests/chaos/test_traffic_control.py::TestTrafficControlManager::test_add_latency_invalid_params PASSED [  0%]
2025-11-21T16:08:02.2422695Z backend/tests/chaos/test_traffic_control.py::TestTrafficControlManager::test_add_latency_timeout PASSED [  0%]
2025-11-21T16:08:02.2487539Z backend/tests/chaos/test_traffic_control.py::TestTrafficControlManager::test_add_packet_loss_success PASSED [  0%]
2025-11-21T16:08:02.2551215Z backend/tests/chaos/test_traffic_control.py::TestTrafficControlManager::test_add_packet_loss_invalid_percent PASSED [  0%]
2025-11-21T16:08:02.2615651Z backend/tests/chaos/test_traffic_control.py::TestTrafficControlManager::test_clear_success PASSED [  0%]
2025-11-21T16:08:02.2676020Z backend/tests/chaos/test_traffic_control.py::TestTrafficControlManager::test_is_active_success PASSED [  0%]
2025-11-21T16:08:02.2751289Z backend/tests/chaos/test_traffic_control.py::TestTrafficControlManager::test_is_active_timeout PASSED [  0%]
2025-11-21T16:08:02.8627531Z backend/tests/e2e/test_disaster_scenarios.py::TestDisasterScenarios::test_osrm_down_10_min PASSED [  0%]
2025-11-21T16:08:03.2461451Z backend/tests/e2e/test_disaster_scenarios.py::TestDisasterScenarios::test_db_read_only FAILED [  0%]
2025-11-21T16:08:03.6994563Z backend/tests/e2e/test_disaster_scenarios.py::TestDisasterScenarios::test_pic_load_500_requests PASSED [  0%]
2025-11-21T16:08:03.7065646Z backend/tests/e2e/test_disaster_scenarios.py::TestDisasterScenarios::test_network_flaky PASSED [  0%]
2025-11-21T16:08:04.1297470Z backend/tests/e2e/test_disaster_scenarios.py::TestDisasterScenarios::test_combined_disaster PASSED [  0%]
2025-11-21T16:08:04.2446953Z backend/tests/e2e/test_dispatch_e2e.py::TestDispatchE2E::test_dispatch_async_complet FAILED [  0%]
2025-11-21T16:08:04.4139713Z backend/tests/e2e/test_dispatch_e2e.py::TestDispatchE2E::test_dispatch_sync_limite_10_bookings PASSED [  0%]
2025-11-21T16:08:04.6921299Z backend/tests/e2e/test_dispatch_e2e.py::TestDispatchE2E::test_validation_temporelle_stricte_rollback FAILED [  0%]
2025-11-21T16:08:04.8078089Z backend/tests/e2e/test_dispatch_e2e.py::TestDispatchE2E::test_rollback_transactionnel_complet FAILED [  0%]
2025-11-21T16:08:05.0258363Z backend/tests/e2e/test_dispatch_e2e.py::TestDispatchE2E::test_recovery_apres_crash PASSED [  0%]
2025-11-21T16:08:05.3345190Z backend/tests/e2e/test_dispatch_e2e.py::TestDispatchE2E::test_batch_dispatches FAILED [  1%]
2025-11-21T16:08:05.4416653Z backend/tests/e2e/test_dispatch_e2e.py::TestDispatchE2E::test_dispatch_run_id_correlation FAILED [  1%]
2025-11-21T16:08:05.5412409Z backend/tests/e2e/test_dispatch_metrics_e2e.py::test_metrics_endpoint_accessible FAILED [  1%]
2025-11-21T16:08:05.6411079Z backend/tests/e2e/test_dispatch_metrics_e2e.py::test_metrics_format_valid FAILED [  1%]
2025-11-21T16:08:05.7416245Z backend/tests/e2e/test_dispatch_metrics_e2e.py::test_dispatch_metrics_present FAILED [  1%]
2025-11-21T16:08:07.8500587Z backend/tests/e2e/test_dispatch_metrics_e2e.py::test_dispatch_increments_metrics PASSED [  1%]
2025-11-21T16:08:07.8668230Z backend/tests/e2e/test_dispatch_metrics_e2e.py::test_metrics_correlation_with_logs PASSED [  1%]
2025-11-21T16:08:07.9613554Z backend/tests/e2e/test_dispatch_metrics_e2e.py::test_osrm_metrics_present PASSED [  1%]
2025-11-21T16:08:08.0660550Z backend/tests/e2e/test_dispatch_metrics_e2e.py::test_slo_metrics_present FAILED [  1%]
2025-11-21T16:08:08.0661476Z 
2025-11-21T16:08:08.0661677Z =================================== FAILURES ===================================
2025-11-21T16:08:08.0662480Z ___________________ TestDisasterScenarios.test_db_read_only ____________________
2025-11-21T16:08:08.0663236Z backend/tests/e2e/test_disaster_scenarios.py:188: in test_db_read_only
2025-11-21T16:08:08.0664036Z     assert response_get.status_code in [200, 404], (
2025-11-21T16:08:08.0664901Z E   AssertionError: GET devrait fonctionner même en read-only, reçu: 302
2025-11-21T16:08:08.0665472Z E   assert 302 in [200, 404]
2025-11-21T16:08:08.0665964Z E    +  where 302 = <WrapperTestResponse streamed [302 FOUND]>.status_code
2025-11-21T16:08:08.0666461Z _________________ TestDispatchE2E.test_dispatch_async_complet __________________
2025-11-21T16:08:08.0666882Z backend/tests/e2e/test_dispatch_e2e.py:93: in test_dispatch_async_complet
2025-11-21T16:08:08.0667291Z     assert dispatch_run is not None, "DispatchRun should be created"
2025-11-21T16:08:08.0667642Z E   AssertionError: DispatchRun should be created
2025-11-21T16:08:08.0667901Z E   assert None is not None
2025-11-21T16:08:08.0668194Z ------------------------------ Captured log call -------------------------------
2025-11-21T16:08:08.0668914Z WARNING  services.unified_dispatch.engine:engine.py:232 [Engine] Company 4 introuvable
2025-11-21T16:08:08.0669719Z _________ TestDispatchE2E.test_validation_temporelle_stricte_rollback __________
2025-11-21T16:08:08.0670519Z backend/tests/e2e/test_dispatch_e2e.py:168: in test_validation_temporelle_stricte_rollback
2025-11-21T16:08:08.0671517Z     assert booking1.driver_id is None, "Booking1 ne devrait pas être assigné après rollback"
2025-11-21T16:08:08.0672243Z E   AssertionError: Booking1 ne devrait pas être assigné après rollback
2025-11-21T16:08:08.0672570Z E   assert 15 is None
2025-11-21T16:08:08.0672782Z E    +  where 15 = <Booking 26>.driver_id
2025-11-21T16:08:08.0673092Z ------------------------------ Captured log call -------------------------------
2025-11-21T16:08:08.0673690Z ERROR    services.unified_dispatch.data:data.py:356 [DATA] 🔍 FILTRAGE de 2 courses pour retours non confirmés...
2025-11-21T16:08:08.0674522Z ERROR    services.unified_dispatch.data:data.py:375 [DATA] ✅ 2 courses après filtrage (0 retours exclus avec heure à confirmer)
2025-11-21T16:08:08.0675404Z WARNING  services.unified_dispatch.data:data.py:1039 [Dispatch] ⚠️ Fairness counts vides pour 3 chauffeurs (date=2025-11-21) — vérifier statuts/horaires
2025-11-21T16:08:08.0676200Z INFO     services.osrm_client:osrm_client.py:932 [OSRM] build_distance_matrix_osrm_with_cb entry: n=7 base_url=http://osrm:5000 timeout=5
2025-11-21T16:08:08.0676843Z INFO     services.osrm_client:osrm_client.py:936 [OSRM] build_distance_matrix_osrm_with_cb success: shape=7x7
2025-11-21T16:08:08.0677625Z WARNING  services.unified_dispatch.data:data.py:1039 [Dispatch] ⚠️ Fairness counts vides pour 3 chauffeurs (date=2025-11-21) — vérifier statuts/horaires
2025-11-21T16:08:08.0678545Z INFO     services.osrm_client:osrm_client.py:932 [OSRM] build_distance_matrix_osrm_with_cb entry: n=7 base_url=http://osrm:5000 timeout=5
2025-11-21T16:08:08.0679173Z INFO     services.osrm_client:osrm_client.py:936 [OSRM] build_distance_matrix_osrm_with_cb success: shape=7x7
2025-11-21T16:08:08.0679966Z WARNING  services.unified_dispatch.data:data.py:1039 [Dispatch] ⚠️ Fairness counts vides pour 3 chauffeurs (date=2025-11-21) — vérifier statuts/horaires
2025-11-21T16:08:08.0680716Z INFO     services.osrm_client:osrm_client.py:932 [OSRM] build_distance_matrix_osrm_with_cb entry: n=7 base_url=http://osrm:5000 timeout=5
2025-11-21T16:08:08.0681335Z INFO     services.osrm_client:osrm_client.py:936 [OSRM] build_distance_matrix_osrm_with_cb success: shape=7x7
2025-11-21T16:08:08.0682402Z WARNING  services.unified_dispatch.heuristics:heuristics.py:1186 [HEURISTIC] 🔍 Début scoring de 2 courses régulières avec 3 chauffeurs (parallel=False)...
2025-11-21T16:08:08.0683560Z WARNING  services.unified_dispatch.heuristics:heuristics.py:2030 [DISPATCH] ⚠️ Conflit temporel détaillé (scored_pool): course #26 (fin 10:26) et #27 (début 10:00) → temps nécessaire: 57min, écart disponible: -62.0min
2025-11-21T16:08:08.0684955Z WARNING  services.unified_dispatch.heuristics:heuristics.py:2060 [DISPATCH] 🔴 Conflit temporel (final) booking #27 + driver #15: temps_insuffisant: nécessaire=57min, écart=-62.0min (course #26 fin 10:26 vs course #27 début 10:00)
2025-11-21T16:08:08.0686152Z WARNING  services.unified_dispatch.rl_optimizer:rl_optimizer.py:81 [RLOptimizer] Modèle non trouvé: data/rl/models/dispatch_optimized_v2.pth. Optimisation RL désactivée.
2025-11-21T16:08:08.0687128Z WARNING  services.unified_dispatch.data:data.py:1039 [Dispatch] ⚠️ Fairness counts vides pour 3 chauffeurs (date=2025-11-21) — vérifier statuts/horaires
2025-11-21T16:08:08.0687879Z INFO     services.osrm_client:osrm_client.py:932 [OSRM] build_distance_matrix_osrm_with_cb entry: n=5 base_url=http://osrm:5000 timeout=5
2025-11-21T16:08:08.0688513Z INFO     services.osrm_client:osrm_client.py:936 [OSRM] build_distance_matrix_osrm_with_cb success: shape=5x5
2025-11-21T16:08:08.0689326Z WARNING  services.unified_dispatch.engine:engine.py:1224 [Engine] 📥 Injection état vers fallback: busy_until={15: 636, 14: 0, 13: 0}, proposed_load={15: 1, 14: 0, 13: 0}
2025-11-21T16:08:08.0690344Z WARNING  services.unified_dispatch.heuristics:heuristics.py:2515 [FALLBACK] 📥 Récupération état précédent: busy_until={15: 636, 14: 0, 13: 0}, scheduled_times={15: [600], 14: [], 13: []}
2025-11-21T16:08:08.0691348Z WARNING  services.unified_dispatch.heuristics:heuristics.py:2636 [FALLBACK] ⚠️ CONFLIT: Chauffeur #15 a course à 600min, course #27 à 600min (écart: 0min) → SKIP
2025-11-21T16:08:08.0692366Z WARNING  services.unified_dispatch.heuristics:heuristics.py:2648 [FALLBACK] 🔴 Conflit temporel booking #27 + driver #15: time_gap:0min
2025-11-21T16:08:08.0693073Z ERROR    app:notification_service.py:134 [notify_dispatch_run_completed] emit failed: company_id=21 dispatch_run_id=3
2025-11-21T16:08:08.0693536Z Traceback (most recent call last):
2025-11-21T16:08:08.0699791Z   File "/home/runner/work/atmr/atmr/backend/services/notification_service.py", line 126, in notify_dispatch_run_completed
2025-11-21T16:08:08.0700488Z     app_logger.info("[notify_dispatch_run_completed] Emitting payload: %s", payload)
2025-11-21T16:08:08.0701104Z   File "/opt/hostedtoolcache/Python/3.11.14/x64/lib/python3.11/logging/__init__.py", line 1489, in info
2025-11-21T16:08:08.0701531Z     self._log(INFO, msg, args, **kwargs)
2025-11-21T16:08:08.0701959Z   File "/opt/hostedtoolcache/Python/3.11.14/x64/lib/python3.11/logging/__init__.py", line 1634, in _log
2025-11-21T16:08:08.0702611Z     self.handle(record)
2025-11-21T16:08:08.0703018Z   File "/opt/hostedtoolcache/Python/3.11.14/x64/lib/python3.11/logging/__init__.py", line 1644, in handle
2025-11-21T16:08:08.0703435Z     self.callHandlers(record)
2025-11-21T16:08:08.0703874Z   File "/opt/hostedtoolcache/Python/3.11.14/x64/lib/python3.11/logging/__init__.py", line 1706, in callHandlers
2025-11-21T16:08:08.0704466Z     hdlr.handle(record)
2025-11-21T16:08:08.0704853Z   File "/opt/hostedtoolcache/Python/3.11.14/x64/lib/python3.11/logging/__init__.py", line 978, in handle
2025-11-21T16:08:08.0705253Z     self.emit(record)
2025-11-21T16:08:08.0705704Z   File "/opt/hostedtoolcache/Python/3.11.14/x64/lib/python3.11/site-packages/_pytest/logging.py", line 384, in emit
2025-11-21T16:08:08.0706141Z     super().emit(record)
2025-11-21T16:08:08.0706521Z   File "/opt/hostedtoolcache/Python/3.11.14/x64/lib/python3.11/logging/__init__.py", line 1118, in emit
2025-11-21T16:08:08.0706927Z     self.handleError(record)
2025-11-21T16:08:08.0707323Z   File "/opt/hostedtoolcache/Python/3.11.14/x64/lib/python3.11/logging/__init__.py", line 1110, in emit
2025-11-21T16:08:08.0707724Z     msg = self.format(record)
2025-11-21T16:08:08.0707931Z           ^^^^^^^^^^^^^^^^^^^
2025-11-21T16:08:08.0708352Z   File "/opt/hostedtoolcache/Python/3.11.14/x64/lib/python3.11/logging/__init__.py", line 953, in format
2025-11-21T16:08:08.0708757Z     return fmt.format(record)
2025-11-21T16:08:08.0708959Z            ^^^^^^^^^^^^^^^^^^
2025-11-21T16:08:08.0709394Z   File "/opt/hostedtoolcache/Python/3.11.14/x64/lib/python3.11/site-packages/_pytest/logging.py", line 137, in format
2025-11-21T16:08:08.0709844Z     return super().format(record)
2025-11-21T16:08:08.0710152Z            ^^^^^^^^^^^^^^^^^^^^^^
2025-11-21T16:08:08.0710543Z   File "/opt/hostedtoolcache/Python/3.11.14/x64/lib/python3.11/logging/__init__.py", line 687, in format
2025-11-21T16:08:08.0710964Z     record.message = record.getMessage()
2025-11-21T16:08:08.0711213Z                      ^^^^^^^^^^^^^^^^^^^
2025-11-21T16:08:08.0711644Z   File "/opt/hostedtoolcache/Python/3.11.14/x64/lib/python3.11/logging/__init__.py", line 377, in getMessage
2025-11-21T16:08:08.0712185Z     msg = msg % self.args
2025-11-21T16:08:08.0712528Z           ~~~~^~~~~~~~~~~
2025-11-21T16:08:08.0712823Z TypeError: not all arguments converted during string formatting
2025-11-21T16:08:08.0713560Z WARNING  services.unified_dispatch.engine:engine.py:1699 [Engine] ⚠️ 2 conflits temporels détectés pendant ce dispatch
2025-11-21T16:08:08.0714262Z WARNING  services.unified_dispatch.engine:engine.py:1726 [Engine] ⚠️ Cache OSRM hit-rate bas: 0.00%
2025-11-21T16:08:08.0714997Z WARNING  services.unified_dispatch.engine:engine.py:1754 [Engine] ⚠️ SLO breach détecté: 1 violations pour batch size 2
2025-11-21T16:08:08.0715562Z _____________ TestDispatchE2E.test_rollback_transactionnel_complet _____________
2025-11-21T16:08:08.0716029Z backend/tests/e2e/test_dispatch_e2e.py:215: in test_rollback_transactionnel_complet
2025-11-21T16:08:08.0716417Z     assert len(result["applied"]) == 2
2025-11-21T16:08:08.0716654Z E   assert 0 == 2
2025-11-21T16:08:08.0716834Z E    +  where 0 = len([])
2025-11-21T16:08:08.0717115Z ------------------------------ Captured log call -------------------------------
2025-11-21T16:08:08.0717796Z WARNING  services.unified_dispatch.apply:apply.py:472 [Apply] Skipped booking_id=28 reason=booking_not_found_or_wrong_company scheduled_time=None time_confirmed=None is_return=None
2025-11-21T16:08:08.0718775Z WARNING  services.unified_dispatch.apply:apply.py:472 [Apply] Skipped booking_id=29 reason=booking_not_found_or_wrong_company scheduled_time=None time_confirmed=None is_return=None
2025-11-21T16:08:08.0719454Z ____________________ TestDispatchE2E.test_batch_dispatches _____________________
2025-11-21T16:08:09.0124461Z backend/tests/e2e/test_dispatch_e2e.py:291: in test_batch_dispatches
2025-11-21T16:08:09.0125062Z     assert len(dispatch_run_ids) > 0, "At least one dispatch_run_id should be returned"
2025-11-21T16:08:09.0125484Z E   AssertionError: At least one dispatch_run_id should be returned
2025-11-21T16:08:09.0125797Z E   assert 0 > 0
2025-11-21T16:08:09.0125996Z E    +  where 0 = len([])
2025-11-21T16:08:09.0126285Z ------------------------------ Captured log call -------------------------------
2025-11-21T16:08:09.0126742Z WARNING  services.unified_dispatch.engine:engine.py:232 [Engine] Company 36 introuvable
2025-11-21T16:08:09.0127575Z WARNING  services.unified_dispatch.engine:engine.py:232 [Engine] Company 36 introuvable
2025-11-21T16:08:09.0128072Z WARNING  services.unified_dispatch.engine:engine.py:232 [Engine] Company 36 introuvable
2025-11-21T16:08:09.0128532Z _______________ TestDispatchE2E.test_dispatch_run_id_correlation _______________
2025-11-21T16:08:09.0128984Z backend/tests/e2e/test_dispatch_e2e.py:309: in test_dispatch_run_id_correlation
2025-11-21T16:08:09.0129342Z     assert dispatch_run_id is not None
2025-11-21T16:08:09.0129588Z E   assert None is not None
2025-11-21T16:08:09.0129864Z ------------------------------ Captured log call -------------------------------
2025-11-21T16:08:09.0130292Z WARNING  services.unified_dispatch.engine:engine.py:232 [Engine] Company 57 introuvable
2025-11-21T16:08:09.0130723Z _______________________ test_metrics_endpoint_accessible _______________________
2025-11-21T16:08:09.0131143Z backend/tests/e2e/test_dispatch_metrics_e2e.py:84: in test_metrics_endpoint_accessible
2025-11-21T16:08:09.0131520Z     assert response.status_code == 200
2025-11-21T16:08:09.0131751Z E   assert 302 == 200
2025-11-21T16:08:09.0132216Z E    +  where 302 = <WrapperTestResponse streamed [302 FOUND]>.status_code
2025-11-21T16:08:09.0132693Z __________________________ test_metrics_format_valid ___________________________
2025-11-21T16:08:09.0133100Z backend/tests/e2e/test_dispatch_metrics_e2e.py:94: in test_metrics_format_valid
2025-11-21T16:08:09.0133444Z     assert "# TYPE" in content
2025-11-21T16:08:09.0134390Z E   assert '# TYPE' in '<!doctype html>\n<html lang=en>\n<title>Redirecting...</title>\n<h1>Redirecting...</h1>\n<p>You should be redirected automatically to the target URL: <a href="https://localhost:5000/api/v1/prometheus/metrics">https://localhost:5000/api/v1/prometheus/metrics</a>. If not, click the link.\n'
2025-11-21T16:08:09.0135560Z ________________________ test_dispatch_metrics_present _________________________
2025-11-21T16:08:09.0135993Z backend/tests/e2e/test_dispatch_metrics_e2e.py:120: in test_dispatch_metrics_present
2025-11-21T16:08:09.0136614Z     assert metric in content, f"Métrique {metric} non trouvée"
2025-11-21T16:08:09.0137031Z E   AssertionError: Métrique dispatch_runs_total non trouvée
2025-11-21T16:08:09.0138041Z E   assert 'dispatch_runs_total' in '<!doctype html>\n<html lang=en>\n<title>Redirecting...</title>\n<h1>Redirecting...</h1>\n<p>You should be redirected automatically to the target URL: <a href="https://localhost:5000/api/v1/prometheus/metrics">https://localhost:5000/api/v1/prometheus/metrics</a>. If not, click the link.\n'
2025-11-21T16:08:09.0139047Z ___________________________ test_slo_metrics_present ___________________________
2025-11-21T16:08:09.0139449Z backend/tests/e2e/test_dispatch_metrics_e2e.py:210: in test_slo_metrics_present
2025-11-21T16:08:09.0139913Z     assert metric in content, f"Métrique SLO {metric} non trouvée"
2025-11-21T16:08:09.0140349Z E   AssertionError: Métrique SLO dispatch_slo_breaches_total non trouvée
2025-11-21T16:08:09.0141421Z E   assert 'dispatch_slo_breaches_total' in '<!doctype html>\n<html lang=en>\n<title>Redirecting...</title>\n<h1>Redirecting...</h1>\n<p>You should be redirected automatically to the target URL: <a href="https://localhost:5000/api/v1/prometheus/metrics">https://localhost:5000/api/v1/prometheus/metrics</a>. If not, click the link.\n'
2025-11-21T16:08:09.0142505Z =========================== short test summary info ============================
2025-11-21T16:08:09.0143293Z FAILED backend/tests/e2e/test_disaster_scenarios.py::TestDisasterScenarios::test_db_read_only - AssertionError: GET devrait fonctionner même en read-only, reçu: 302
2025-11-21T16:08:09.0143881Z assert 302 in [200, 404]
2025-11-21T16:08:09.0144162Z  +  where 302 = <WrapperTestResponse streamed [302 FOUND]>.status_code
2025-11-21T16:08:09.0144757Z FAILED backend/tests/e2e/test_dispatch_e2e.py::TestDispatchE2E::test_dispatch_async_complet - AssertionError: DispatchRun should be created
2025-11-21T16:08:09.0145360Z assert None is not None
2025-11-21T16:08:09.0146067Z FAILED backend/tests/e2e/test_dispatch_e2e.py::TestDispatchE2E::test_validation_temporelle_stricte_rollback - AssertionError: Booking1 ne devrait pas être assigné après rollback
2025-11-21T16:08:09.0146681Z assert 15 is None
2025-11-21T16:08:09.0146874Z  +  where 15 = <Booking 26>.driver_id
2025-11-21T16:08:09.0147335Z FAILED backend/tests/e2e/test_dispatch_e2e.py::TestDispatchE2E::test_rollback_transactionnel_complet - assert 0 == 2
2025-11-21T16:08:09.0147776Z  +  where 0 = len([])
2025-11-21T16:08:09.0148294Z FAILED backend/tests/e2e/test_dispatch_e2e.py::TestDispatchE2E::test_batch_dispatches - AssertionError: At least one dispatch_run_id should be returned
2025-11-21T16:08:09.0148832Z assert 0 > 0
2025-11-21T16:08:09.0149004Z  +  where 0 = len([])
2025-11-21T16:08:09.0149431Z FAILED backend/tests/e2e/test_dispatch_e2e.py::TestDispatchE2E::test_dispatch_run_id_correlation - assert None is not None
2025-11-21T16:08:09.0150091Z FAILED backend/tests/e2e/test_dispatch_metrics_e2e.py::test_metrics_endpoint_accessible - assert 302 == 200
2025-11-21T16:08:09.0150585Z  +  where 302 = <WrapperTestResponse streamed [302 FOUND]>.status_code
2025-11-21T16:08:09.0151854Z FAILED backend/tests/e2e/test_dispatch_metrics_e2e.py::test_metrics_format_valid - assert '# TYPE' in '<!doctype html>\n<html lang=en>\n<title>Redirecting...</title>\n<h1>Redirecting...</h1>\n<p>You should be redirected automatically to the target URL: <a href="https://localhost:5000/api/v1/prometheus/metrics">https://localhost:5000/api/v1/prometheus/metrics</a>. If not, click the link.\n'
2025-11-21T16:08:09.0153435Z FAILED backend/tests/e2e/test_dispatch_metrics_e2e.py::test_dispatch_metrics_present - AssertionError: Métrique dispatch_runs_total non trouvée
2025-11-21T16:08:09.0154671Z assert 'dispatch_runs_total' in '<!doctype html>\n<html lang=en>\n<title>Redirecting...</title>\n<h1>Redirecting...</h1>\n<p>You should be redirected automatically to the target URL: <a href="https://localhost:5000/api/v1/prometheus/metrics">https://localhost:5000/api/v1/prometheus/metrics</a>. If not, click the link.\n'
2025-11-21T16:08:09.0156013Z FAILED backend/tests/e2e/test_dispatch_metrics_e2e.py::test_slo_metrics_present - AssertionError: Métrique SLO dispatch_slo_breaches_total non trouvée
2025-11-21T16:08:09.0157292Z assert 'dispatch_slo_breaches_total' in '<!doctype html>\n<html lang=en>\n<title>Redirecting...</title>\n<h1>Redirecting...</h1>\n<p>You should be redirected automatically to the target URL: <a href="https://localhost:5000/api/v1/prometheus/metrics">https://localhost:5000/api/v1/prometheus/metrics</a>. If not, click the link.\n'
2025-11-21T16:08:09.0158304Z !!!!!!!!!!!!!!!!!!!!!!!!!! stopping after 10 failures !!!!!!!!!!!!!!!!!!!!!!!!!!
2025-11-21T16:08:09.0158632Z ================= 10 failed, 28 passed, 33 warnings in 20.16s ==================
2025-11-21T16:08:10.1110845Z ##[error]Process completed with exit code 1.
2025-11-21T16:08:10.1191603Z Post job cleanup.
2025-11-21T16:08:10.2141475Z [command]/usr/bin/git version
2025-11-21T16:08:10.2173918Z git version 2.51.2
2025-11-21T16:08:10.2211735Z Temporarily overriding HOME='/home/runner/work/_temp/8fd8c35d-c319-4e76-84c5-e48cf567140f' before making global git config changes
2025-11-21T16:08:10.2213320Z Adding repository directory to the temporary git global config as a safe directory
2025-11-21T16:08:10.2226347Z [command]/usr/bin/git config --global --add safe.directory /home/runner/work/atmr/atmr
2025-11-21T16:08:10.2258333Z [command]/usr/bin/git config --local --name-only --get-regexp core\.sshCommand
2025-11-21T16:08:10.2287830Z [command]/usr/bin/git submodule foreach --recursive sh -c "git config --local --name-only --get-regexp 'core\.sshCommand' && git config --local --unset-all 'core.sshCommand' || :"
2025-11-21T16:08:10.2513894Z [command]/usr/bin/git config --local --name-only --get-regexp http\.https\:\/\/github\.com\/\.extraheader
2025-11-21T16:08:10.2533003Z http.https://github.com/.extraheader
2025-11-21T16:08:10.2543958Z [command]/usr/bin/git config --local --unset-all http.https://github.com/.extraheader
2025-11-21T16:08:10.2570050Z [command]/usr/bin/git submodule foreach --recursive sh -c "git config --local --name-only --get-regexp 'http\.https\:\/\/github\.com\/\.extraheader' && git config --local --unset-all 'http.https://github.com/.extraheader' || :"
2025-11-21T16:08:10.2749301Z [command]/usr/bin/git config --local --name-only --get-regexp ^includeIf\.gitdir:
2025-11-21T16:08:10.2776474Z [command]/usr/bin/git submodule foreach --recursive git config --local --show-origin --name-only --get-regexp remote.origin.url
2025-11-21T16:08:10.3033342Z Print service container logs: 0e1a67397a62463494ceb81f91c2b063_postgres16alpine_5f2225
2025-11-21T16:08:10.3038034Z ##[command]/usr/bin/docker logs --details 372b42ab7dfe82456440a057b4d12d624c46a0690e7081d4d9bdce7522e72a27
2025-11-21T16:08:10.3171754Z  The files belonging to this database system will be owned by user "postgres".
2025-11-21T16:08:10.3172614Z  This user must also own the server process.
2025-11-21T16:08:10.3172983Z  
2025-11-21T16:08:10.3173358Z  The database cluster will be initialized with locale "en_US.utf8".
2025-11-21T16:08:10.3173977Z  The default database encoding has accordingly been set to "UTF8".
2025-11-21T16:08:10.3174563Z  The default text search configuration will be set to "english".
2025-11-21T16:08:10.3175132Z  
2025-11-21T16:08:10.3175423Z  Data page checksums are disabled.
2025-11-21T16:08:10.3175811Z  
2025-11-21T16:08:10.3176284Z  fixing permissions on existing directory /var/lib/postgresql/data ... ok
2025-11-21T16:08:10.3176989Z  creating subdirectories ... ok
2025-11-21T16:08:10.3177511Z  selecting dynamic shared memory implementation ... posix
2025-11-21T16:08:10.3178061Z  selecting default max_connections ... 100
2025-11-21T16:08:10.3178446Z  selecting default shared_buffers ... 128MB
2025-11-21T16:08:10.3178837Z  selecting default time zone ... UTC
2025-11-21T16:08:10.3180516Z  sh: locale: not found
2025-11-21T16:08:10.3180970Z  2025-11-21 16:04:39.231 UTC [35] WARNING:  no usable system locales were found
2025-11-21T16:08:10.3181641Z  initdb: warning: enabling "trust" authentication for local connections
2025-11-21T16:08:10.3182838Z  initdb: hint: You can change this by editing pg_hba.conf or using the option -A, or --auth-local and --auth-host, the next time you run initdb.
2025-11-21T16:08:10.3184123Z  2025-11-21 16:04:39.912 UTC [1] LOG:  starting PostgreSQL 16.11 on x86_64-pc-linux-musl, compiled by gcc (Alpine 14.2.0) 14.2.0, 64-bit
2025-11-21T16:08:10.3184935Z  2025-11-21 16:04:39.912 UTC [1] LOG:  listening on IPv4 address "0.0.0.0", port 5432
2025-11-21T16:08:10.3185676Z  2025-11-21 16:04:39.912 UTC [1] LOG:  listening on IPv6 address "::", port 5432
2025-11-21T16:08:10.3186299Z  2025-11-21 16:04:39.913 UTC [1] LOG:  listening on Unix socket "/var/run/postgresql/.s.PGSQL.5432"
2025-11-21T16:08:10.3186960Z  2025-11-21 16:04:39.915 UTC [57] LOG:  database system was shut down at 2025-11-21 16:04:39 UTC
2025-11-21T16:08:10.3187623Z  2025-11-21 16:04:39.919 UTC [1] LOG:  database system is ready to accept connections
2025-11-21T16:08:10.3187947Z  creating configuration files ... ok
2025-11-21T16:08:10.3188196Z  running bootstrap script ... ok
2025-11-21T16:08:10.3188468Z  performing post-bootstrap initialization ... ok
2025-11-21T16:08:10.3188740Z  syncing data to disk ... ok
2025-11-21T16:08:10.3188939Z  
2025-11-21T16:08:10.3189091Z  
2025-11-21T16:08:10.3189297Z  Success. You can now start the database server using:
2025-11-21T16:08:10.3189566Z  
2025-11-21T16:08:10.3189769Z      pg_ctl -D /var/lib/postgresql/data -l logfile start
2025-11-21T16:08:10.3190034Z  
2025-11-21T16:08:10.3190480Z  waiting for server to start....2025-11-21 16:04:39.676 UTC [41] LOG:  starting PostgreSQL 16.11 on x86_64-pc-linux-musl, compiled by gcc (Alpine 14.2.0) 14.2.0, 64-bit
2025-11-21T16:08:10.3191107Z  2025-11-21 16:04:39.677 UTC [41] LOG:  listening on Unix socket "/var/run/postgresql/.s.PGSQL.5432"
2025-11-21T16:08:10.3191563Z  2025-11-21 16:04:39.679 UTC [44] LOG:  database system was shut down at 2025-11-21 16:04:39 UTC
2025-11-21T16:08:10.3192352Z  2025-11-21 16:04:39.682 UTC [41] LOG:  database system is ready to accept connections
2025-11-21T16:08:10.3192662Z   done
2025-11-21T16:08:10.3192835Z  server started
2025-11-21T16:08:10.3193021Z  CREATE DATABASE
2025-11-21T16:08:10.3193190Z  
2025-11-21T16:08:10.3193339Z  
2025-11-21T16:08:10.3193635Z  /usr/local/bin/docker-entrypoint.sh: ignoring /docker-entrypoint-initdb.d/*
2025-11-21T16:08:10.3193982Z  
2025-11-21T16:08:10.3194412Z  waiting for server to shut down....2025-11-21 16:04:39.796 UTC [41] LOG:  received fast shutdown request
2025-11-21T16:08:10.3194855Z  2025-11-21 16:04:39.797 UTC [41] LOG:  aborting any active transactions
2025-11-21T16:08:10.3195323Z  2025-11-21 16:04:39.799 UTC [41] LOG:  background worker "logical replication launcher" (PID 47) exited with exit code 1
2025-11-21T16:08:10.3195759Z  2025-11-21 16:04:39.799 UTC [42] LOG:  shutting down
2025-11-21T16:08:10.3196085Z  2025-11-21 16:04:39.800 UTC [42] LOG:  checkpoint starting: shutdown immediate
2025-11-21T16:08:10.3196938Z  2025-11-21 16:04:39.813 UTC [42] LOG:  checkpoint complete: wrote 926 buffers (5.7%); 0 WAL file(s) added, 0 removed, 0 recycled; write=0.009 s, sync=0.003 s, total=0.014 s; sync files=301, longest=0.002 s, average=0.001 s; distance=4272 kB, estimate=4272 kB; lsn=0/191E920, redo lsn=0/191E920
2025-11-21T16:08:10.3197759Z  2025-11-21 16:04:39.817 UTC [41] LOG:  database system is shut down
2025-11-21T16:08:10.3198031Z   done
2025-11-21T16:08:10.3198199Z  server stopped
2025-11-21T16:08:10.3198362Z  
2025-11-21T16:08:10.3198576Z  PostgreSQL init process complete; ready for start up.
2025-11-21T16:08:10.3198846Z  
2025-11-21T16:08:10.3205445Z Stop and remove container: 0e1a67397a62463494ceb81f91c2b063_postgres16alpine_5f2225
2025-11-21T16:08:10.3210278Z ##[command]/usr/bin/docker rm --force 372b42ab7dfe82456440a057b4d12d624c46a0690e7081d4d9bdce7522e72a27
2025-11-21T16:08:12.4924330Z 372b42ab7dfe82456440a057b4d12d624c46a0690e7081d4d9bdce7522e72a27
2025-11-21T16:08:12.4939811Z Print service container logs: c897f1fff1294771a9287723617ff0a8_redis7alpine_827303
2025-11-21T16:08:12.4940847Z ##[command]/usr/bin/docker logs --details 8403eacb725eff4140fdd029bb9fc72f54832f7467bb08450708d25d4942a3d6
2025-11-21T16:08:12.5064422Z  1:C 21 Nov 2025 16:04:40.888 # WARNING Memory overcommit must be enabled! Without it, a background save or replication may fail under low memory condition. Being disabled, it can also cause failures without low memory condition, see https://github.com/jemalloc/jemalloc/issues/1328. To fix this issue add 'vm.overcommit_memory = 1' to /etc/sysctl.conf and then reboot or run the command 'sysctl vm.overcommit_memory=1' for this to take effect.
2025-11-21T16:08:12.5065824Z  1:C 21 Nov 2025 16:04:40.888 * oO0OoO0OoO0Oo Redis is starting oO0OoO0OoO0Oo
2025-11-21T16:08:12.5066260Z  1:C 21 Nov 2025 16:04:40.888 * Redis version=7.4.7, bits=64, commit=00000000, modified=0, pid=1, just started
2025-11-21T16:08:12.5066900Z  1:C 21 Nov 2025 16:04:40.888 # Warning: no config file specified, using the default config. In order to specify a config file use redis-server /path/to/redis.conf
2025-11-21T16:08:12.5067460Z  1:M 21 Nov 2025 16:04:40.888 * monotonic clock: POSIX clock_gettime
2025-11-21T16:08:12.5067792Z  1:M 21 Nov 2025 16:04:40.888 * Running mode=standalone, port=6379.
2025-11-21T16:08:12.5068085Z  1:M 21 Nov 2025 16:04:40.889 * Server initialized
2025-11-21T16:08:12.5068377Z  1:M 21 Nov 2025 16:04:40.889 * Ready to accept connections tcp
2025-11-21T16:08:12.5072556Z Stop and remove container: c897f1fff1294771a9287723617ff0a8_redis7alpine_827303
2025-11-21T16:08:12.5073263Z ##[command]/usr/bin/docker rm --force 8403eacb725eff4140fdd029bb9fc72f54832f7467bb08450708d25d4942a3d6
2025-11-21T16:08:12.6285636Z 8403eacb725eff4140fdd029bb9fc72f54832f7467bb08450708d25d4942a3d6
2025-11-21T16:08:12.6302844Z Remove container network: github_network_253819d7c3a747b5a65c12337ea4205d
2025-11-21T16:08:12.6307325Z ##[command]/usr/bin/docker network rm github_network_253819d7c3a747b5a65c12337ea4205d
2025-11-21T16:08:12.7441707Z github_network_253819d7c3a747b5a65c12337ea4205d
2025-11-21T16:08:12.7494815Z Cleaning up orphan processes
